Archive member included to satisfy reference by file (symbol)

C:/ST/STM32CubeIDE_1.18.1/STM32CubeIDE/plugins/com.st.stm32cube.ide.mcu.externaltools.gnu-tools-for-stm32.13.3.rel1.win32_1.0.100.202509120712/tools/bin/../lib/gcc/arm-none-eabi/13.3.1/../../../../arm-none-eabi/lib/thumb/v7e-m+fp/hard\libc_nano.a(libc_a-exit.o)
                              C:/ST/STM32CubeIDE_1.18.1/STM32CubeIDE/plugins/com.st.stm32cube.ide.mcu.externaltools.gnu-tools-for-stm32.13.3.rel1.win32_1.0.100.202509120712/tools/bin/../lib/gcc/arm-none-eabi/13.3.1/../../../../arm-none-eabi/lib/thumb/v7e-m+fp/hard/crt0.o (exit)
C:/ST/STM32CubeIDE_1.18.1/STM32CubeIDE/plugins/com.st.stm32cube.ide.mcu.externaltools.gnu-tools-for-stm32.13.3.rel1.win32_1.0.100.202509120712/tools/bin/../lib/gcc/arm-none-eabi/13.3.1/../../../../arm-none-eabi/lib/thumb/v7e-m+fp/hard\libc_nano.a(libc_a-findfp.o)
                              C:/ST/STM32CubeIDE_1.18.1/STM32CubeIDE/plugins/com.st.stm32cube.ide.mcu.externaltools.gnu-tools-for-stm32.13.3.rel1.win32_1.0.100.202509120712/tools/bin/../lib/gcc/arm-none-eabi/13.3.1/../../../../arm-none-eabi/lib/thumb/v7e-m+fp/hard\libc_nano.a(libc_a-exit.o) (__stdio_exit_handler)
C:/ST/STM32CubeIDE_1.18.1/STM32CubeIDE/plugins/com.st.stm32cube.ide.mcu.externaltools.gnu-tools-for-stm32.13.3.rel1.win32_1.0.100.202509120712/tools/bin/../lib/gcc/arm-none-eabi/13.3.1/../../../../arm-none-eabi/lib/thumb/v7e-m+fp/hard\libc_nano.a(libc_a-fwalk.o)
                              C:/ST/STM32CubeIDE_1.18.1/STM32CubeIDE/plugins/com.st.stm32cube.ide.mcu.externaltools.gnu-tools-for-stm32.13.3.rel1.win32_1.0.100.202509120712/tools/bin/../lib/gcc/arm-none-eabi/13.3.1/../../../../arm-none-eabi/lib/thumb/v7e-m+fp/hard\libc_nano.a(libc_a-findfp.o) (_fwalk_sglue)
C:/ST/STM32CubeIDE_1.18.1/STM32CubeIDE/plugins/com.st.stm32cube.ide.mcu.externaltools.gnu-tools-for-stm32.13.3.rel1.win32_1.0.100.202509120712/tools/bin/../lib/gcc/arm-none-eabi/13.3.1/../../../../arm-none-eabi/lib/thumb/v7e-m+fp/hard\libc_nano.a(libc_a-snprintf.o)
                              ./Core/Src/bootloader_download.o (snprintf)
C:/ST/STM32CubeIDE_1.18.1/STM32CubeIDE/plugins/com.st.stm32cube.ide.mcu.externaltools.gnu-tools-for-stm32.13.3.rel1.win32_1.0.100.202509120712/tools/bin/../lib/gcc/arm-none-eabi/13.3.1/../../../../arm-none-eabi/lib/thumb/v7e-m+fp/hard\libc_nano.a(libc_a-sscanf.o)
                              ./Core/Src/bootloader_download.o (sscanf)
C:/ST/STM32CubeIDE_1.18.1/STM32CubeIDE/plugins/com.st.stm32cube.ide.mcu.externaltools.gnu-tools-for-stm32.13.3.rel1.win32_1.0.100.202509120712/tools/bin/../lib/gcc/arm-none-eabi/13.3.1/../../../../arm-none-eabi/lib/thumb/v7e-m+fp/hard\libc_nano.a(libc_a-stdio.o)
                              C:/ST/STM32CubeIDE_1.18.1/STM32CubeIDE/plugins/com.st.stm32cube.ide.mcu.externaltools.gnu-tools-for-stm32.13.3.rel1.win32_1.0.100.202509120712/tools/bin/../lib/gcc/arm-none-eabi/13.3.1/../../../../arm-none-eabi/lib/thumb/v7e-m+fp/hard\libc_nano.a(libc_a-findfp.o) (__sread)
C:/ST/STM32CubeIDE_1.18.1/STM32CubeIDE/plugins/com.st.stm32cube.ide.mcu.externaltools.gnu-tools-for-stm32.13.3.rel1.win32_1.0.100.202509120712/tools/bin/../lib/gcc/arm-none-eabi/13.3.1/../../../../arm-none-eabi/lib/thumb/v7e-m+fp/hard\libc_nano.a(libc_a-memcmp.o)
                              ./Core/Src/bootloader_download.o (memcmp)
C:/ST/STM32CubeIDE_1.18.1/STM32CubeIDE/plugins/com.st.stm32cube.ide.mcu.externaltools.gnu-tools-for-stm32.13.3.rel1.win32_1.0.100.202509120712/tools/bin/../lib/gcc/arm-none-eabi/13.3.1/../../../../arm-none-eabi/lib/thumb/v7e-m+fp/hard\libc_nano.a(libc_a-memset.o)
                              C:/ST/STM32CubeIDE_1.18.1/STM32CubeIDE/plugins/com.st.stm32cube.ide.mcu.externaltools.gnu-tools-for-stm32.13.3.rel1.win32_1.0.100.202509120712/tools/bin/../lib/gcc/arm-none-eabi/13.3.1/../../../../arm-none-eabi/lib/thumb/v7e-m+fp/hard/crt0.o (memset)
C:/ST/STM32CubeIDE_1.18.1/STM32CubeIDE/plugins/com.st.stm32cube.ide.mcu.externaltools.gnu-tools-for-stm32.13.3.rel1.win32_1.0.100.202509120712/tools/bin/../lib/gcc/arm-none-eabi/13.3.1/../../../../arm-none-eabi/lib/thumb/v7e-m+fp/hard\libc_nano.a(libc_a-strncmp.o)
                              ./Core/Src/bootloader_download.o (strncmp)
C:/ST/STM32CubeIDE_1.18.1/STM32CubeIDE/plugins/com.st.stm32cube.ide.mcu.externaltools.gnu-tools-for-stm32.13.3.rel1.win32_1.0.100.202509120712/tools/bin/../lib/gcc/arm-none-eabi/13.3.1/../../../../arm-none-eabi/lib/thumb/v7e-m+fp/hard\libc_nano.a(libc_a-strncpy.o)
                              ./Core/Src/bootloader_download.o (strncpy)
C:/ST/STM32CubeIDE_1.18.1/STM32CubeIDE/plugins/com.st.stm32cube.ide.mcu.externaltools.gnu-tools-for-stm32.13.3.rel1.win32_1.0.100.202509120712/tools/bin/../lib/gcc/arm-none-eabi/13.3.1/../../../../arm-none-eabi/lib/thumb/v7e-m+fp/hard\libc_nano.a(libc_a-strstr.o)
                              ./Core/Src/at_command.o (strstr)
[...]
Memory Configuration

Name             Origin             Length             Attributes
RAM              0x20000000         0x00018000         xrw
FLASH            0x08010000         0x00010000         xr
*default*        0x00000000         0xffffffff

Linker script and memory map

LOAD C:/ST/STM32CubeIDE_1.18.1/STM32CubeIDE/plugins/com.st.stm32cube.ide.mcu.externaltools.gnu-tools-for-stm32.13.3.rel1.win32_1.0.100.202509120712/tools/bin/../lib/gcc/arm-none-eabi/13.3.1/thumb/v7e-m+fp/hard/crti.o
LOAD C:/ST/STM32CubeIDE_1.18.1/STM32CubeIDE/plugins/com.st.stm32cube.ide.mcu.externaltools.gnu-tools-for-stm32.13.3.rel1.win32_1.0.100.202509120712/tools/bin/../lib/gcc/arm-none-eabi/13.3.1/thumb/v7e-m+fp/hard/crtbegin.o
LOAD C:/ST/STM32CubeIDE_1.18.1/STM32CubeIDE/plugins/com.st.stm32cube.ide.mcu.externaltools.gnu-tools-for-stm32.13.3.rel1.win32_1.0.100.202509120712/tools/bin/../lib/gcc/arm-none-eabi/13.3.1/../../../../arm-none-eabi/lib/thumb/v7e-m+fp/hard/crt0.o
LOAD ./Core/Src/app_metadata.o
LOAD ./Core/Src/at_command.o
LOAD ./Core/Src/bootloader_download.o
LOAD ./Core/Src/bootloader_logic.o
LOAD ./Core/Src/flash_ops.o
LOAD ./Core/Src/main.o
LOAD ./Core/Src/sha256.o
LOAD ./Core/Src/stm32f4xx_hal_msp.o
LOAD ./Core/Src/stm32f4xx_it.o
LOAD ./Core/Src/syscalls.o
LOAD ./Core/Src/sysmem.o
LOAD ./Core/Src/system_stm32f4xx.o
LOAD ./Core/Startup/startup_stm32f401retx.o
LOAD ./Drivers/STM32F4xx_HAL_Driver/Src/stm32f4xx_hal.o
LOAD ./Drivers/STM32F4xx_HAL_Driver/Src/stm32f4xx_hal_cortex.o
LOAD ./Drivers/STM32F4xx_HAL_Driver/Src/stm32f4xx_hal_dma.o
LOAD ./Drivers/STM32F4xx_HAL_Driver/Src/stm32f4xx_hal_dma_ex.o
LOAD ./Drivers/STM32F4xx_HAL_Driver/Src/stm32f4xx_hal_exti.o
LOAD ./Drivers/STM32F4xx_HAL_Driver/Src/stm32f4xx_hal_flash.o
LOAD ./Drivers/STM32F4xx_HAL_Driver/Src/stm32f4xx_hal_flash_ex.o
LOAD ./Drivers/STM32F4xx_HAL_Driver/Src/stm32f4xx_hal_flash_ramfunc.o
LOAD ./Drivers/STM32F4xx_HAL_Driver/Src/stm32f4xx_hal_gpio.o
LOAD ./Drivers/STM32F4xx_HAL_Driver/Src/stm32f4xx_hal_pwr.o
LOAD ./Drivers/STM32F4xx_HAL_Driver/Src/stm32f4xx_hal_pwr_ex.o
LOAD ./Drivers/STM32F4xx_HAL_Driver/Src/stm32f4xx_hal_rcc.o
LOAD ./Drivers/STM32F4xx_HAL_Driver/Src/stm32f4xx_hal_rcc_ex.o
LOAD ./Drivers/STM32F4xx_HAL_Driver/Src/stm32f4xx_hal_uart.o
START GROUP
LOAD C:/ST/STM32CubeIDE_1.18.1/STM32CubeIDE/plugins/com.st.stm32cube.ide.mcu.externaltools.gnu-tools-for-stm32.13.3.rel1.win32_1.0.100.202509120712/tools/bin/../lib/gcc/arm-none-eabi/13.3.1/../../../../arm-none-eabi/lib/thumb/v7e-m+fp/hard\libc_nano.a
LOAD C:/ST/STM32CubeIDE_1.18.1/STM32CubeIDE/plugins/com.st.stm32cube.ide.mcu.externaltools.gnu-tools-for-stm32.13.3.rel1.win32_1.0.100.202509120712/tools/bin/../lib/gcc/arm-none-eabi/13.3.1/../../../../arm-none-eabi/lib/thumb/v7e-m+fp/hard\libm.a
END GROUP
START GROUP
LOAD C:/ST/STM32CubeIDE_1.18.1/STM32CubeIDE/plugins/com.st.stm32cube.ide.mcu.externaltools.gnu-tools-for-stm32.13.3.rel1.win32_1.0.100.202509120712/tools/bin/../lib/gcc/arm-none-eabi/13.3.1/thumb/v7e-m+fp/hard\libgcc.a
LOAD C:/ST/STM32CubeIDE_1.18.1/STM32CubeIDE/plugins/com.st.stm32cube.ide.mcu.externaltools.gnu-tools-for-stm32.13.3.rel1.win32_1.0.100.202509120712/tools/bin/../lib/gcc/arm-none-eabi/13.3.1/../../../../arm-none-eabi/lib/thumb/v7e-m+fp/hard\libc_nano.a
END GROUP
START GROUP
LOAD C:/ST/STM32CubeIDE_1.18.1/STM32CubeIDE/plugins/com.st.stm32cube.ide.mcu.externaltools.gnu-tools-for-stm32.13.3.rel1.win32_1.0.100.202509120712/tools/bin/../lib/gcc/arm-none-eabi/13.3.1/thumb/v7e-m+fp/hard\libgcc.a
LOAD C:/ST/STM32CubeIDE_1.18.1/STM32CubeIDE/plugins/com.st.stm32cube.ide.mcu.externaltools.gnu-tools-for-stm32.13.3.rel1.win32_1.0.100.202509120712/tools/bin/../lib/gcc/arm-none-eabi/13.3.1/../../../../arm-none-eabi/lib/thumb/v7e-m+fp/hard\libc_nano.a
LOAD C:/ST/STM32CubeIDE_1.18.1/STM32CubeIDE/plugins/com.st.stm32cube.ide.mcu.externaltools.gnu-tools-for-stm32.13.3.rel1.win32_1.0.100.202509120712/tools/bin/../lib/gcc/arm-none-eabi/13.3.1/../../../../arm-none-eabi/lib/thumb/v7e-m+fp/hard\libnosys.a
END GROUP
START GROUP
LOAD C:/ST/STM32CubeIDE_1.18.1/STM32CubeIDE/plugins/com.st.stm32cube.ide.mcu.externaltools.gnu-tools-for-stm32.13.3.rel1.win32_1.0.100.202509120712/tools/bin/../lib/gcc/arm-none-eabi/13.3.1/thumb/v7e-m+fp/hard\libgcc.a
LOAD C:/ST/STM32CubeIDE_1.18.1/STM32CubeIDE/plugins/com.st.stm32cube.ide.mcu.externaltools.gnu-tools-for-stm32.13.3.rel1.win32_1.0.100.202509120712/tools/bin/../lib/gcc/arm-none-eabi/13.3.1/../../../../arm-none-eabi/lib/thumb/v7e-m+fp/hard\libc_nano.a
LOAD C:/ST/STM32CubeIDE_1.18.1/STM32CubeIDE/plugins/com.st.stm32cube.ide.mcu.externaltools.gnu-tools-for-stm32.13.3.rel1.win32_1.0.100.202509120712/tools/bin/../lib/gcc/arm-none-eabi/13.3.1/../../../../arm-none-eabi/lib/thumb/v7e-m+fp/hard\libnosys.a
END GROUP
LOAD C:/ST/STM32CubeIDE_1.18.1/STM32CubeIDE/plugins/com.st.stm32cube.ide.mcu.externaltools.gnu-tools-for-stm32.13.3.rel1.win32_1.0.100.202509120712/tools/bin/../lib/gcc/arm-none-eabi/13.3.1/thumb/v7e-m+fp/hard/crtend.o
LOAD C:/ST/STM32CubeIDE_1.18.1/STM32CubeIDE/plugins/com.st.stm32cube.ide.mcu.externaltools.gnu-tools-for-stm32.13.3.rel1.win32_1.0.100.202509120712/tools/bin/../lib/gcc/arm-none-eabi/13.3.1/thumb/v7e-m+fp/hard/crtn.o
                0x20018000                        _estack = (ORIGIN (RAM) + LENGTH (RAM))
                0x00000600                        _Min_Heap_Size = 0x600
                0x00000400                        _Min_Stack_Size = 0x400

.isr_vector     0x08010000      0x194
                0x08010000                        . = ALIGN (0x4)
 *(.isr_vector)
 .isr_vector    0x08010000      0x194 ./Core/Startup/startup_stm32f401retx.o
                0x08010000                g_pfnVectors
                0x08010194                        . = ALIGN (0x4)
 FILL mask 0xff

.text           0x080101a0     0x6c28
                0x080101a0                        . = ALIGN (0x4)
 *(.text)
 .text          0x080101a0       0x40 C:/ST/STM32CubeIDE_1.18.1/STM32CubeIDE/plugins/com.st.stm32cube.ide.mcu.externaltools.gnu-tools-for-stm32.13.3.rel1.win32_1.0.100.202509120712/tools/bin/../lib/gcc/arm-none-eabi/13.3.1/thumb/v7e-m+fp/hard/crtbegin.o
 .text          0x080101e0       0x10 C:/ST/STM32CubeIDE_1.18.1/STM32CubeIDE/plugins/com.st.stm32cube.ide.mcu.externaltools.gnu-tools-for-stm32.13.3.rel1.win32_1.0.100.202509120712/tools/bin/../lib/gcc/arm-none-eabi/13.3.1/../../../../arm-none-eabi/lib/thumb/v7e-m+fp/hard\libc_nano.a(libc_a-strlen.o)
                0x080101e0                strlen
 .text          0x080101f0       0xa0 C:/ST/STM32CubeIDE_1.18.1/STM32CubeIDE/plugins/com.st.stm32cube.ide.mcu.externaltools.gnu-tools-for-stm32.13.3.rel1.win32_1.0.100.202509120712/tools/bin/../lib/gcc/arm-none-eabi/13.3.1/../../../../arm-none-eabi/lib/thumb/v7e-m+fp/hard\libc_nano.a(libc_a-memchr.o)
                0x080101f0                memchr
 .text          0x08010290       0x30 C:/ST/STM32CubeIDE_1.18.1/STM32CubeIDE/plugins/com.st.stm32cube.ide.mcu.externaltools.gnu-tools-for-stm32.13.3.rel1.win32_1.0.100.202509120712/tools/bin/../lib/gcc/arm-none-eabi/13.3.1/thumb/v7e-m+fp/hard\libgcc.a(_aeabi_uldivmod.o)
                0x08010290                __aeabi_uldivmod
 .text          0x080102c0      0x2f8 C:/ST/STM32CubeIDE_1.18.1/STM32CubeIDE/plugins/com.st.stm32cube.ide.mcu.externaltools.gnu-tools-for-stm32.13.3.rel1.win32_1.0.100.202509120712/tools/bin/../lib/gcc/arm-none-eabi/13.3.1/thumb/v7e-m+fp/hard\libgcc.a(_udivmoddi4.o)
                0x080102c0                __udivmoddi4
 .text          0x080105b8        0x4 C:/ST/STM32CubeIDE_1.18.1/STM32CubeIDE/plugins/com.st.stm32cube.ide.mcu.externaltools.gnu-tools-for-stm32.13.3.rel1.win32_1.0.100.202509120712/tools/bin/../lib/gcc/arm-none-eabi/13.3.1/thumb/v7e-m+fp/hard\libgcc.a(_dvmd_tls.o)
                0x080105b8                __aeabi_idiv0
                0x080105b8                __aeabi_ldiv0
 *(.text*)
 .text.AT_SendCommand
                0x080105bc      0x264 ./Core/Src/at_command.o
                0x080105bc                AT_SendCommand
 .text.__NVIC_SystemReset
                0x08010820       0x2c ./Core/Src/bootloader_download.o
 .text.dying_gasp
                0x0801084c       0x54 ./Core/Src/bootloader_download.o
 .text.Stephano_PowerOn
                0x080108a0       0x20 ./Core/Src/bootloader_download.o
 .text.Stephano_Reset
                0x080108c0       0x30 ./Core/Src/bootloader_download.o
 .text.wait_for_ready
                0x080108f0       0x84 ./Core/Src/bootloader_download.o
 .text.get_bootloader_version
                0x08010974       0x64 ./Core/Src/bootloader_download.o
 .text.find_metadata_in_sector
                0x080109d8       0x4c ./Core/Src/bootloader_download.o
 .text.get_app_version
                0x08010a24       0x84 ./Core/Src/bootloader_download.o
 .text.Bootloader_RxByte
                0x08010aa8       0x54 ./Core/Src/bootloader_download.o
                0x08010aa8                Bootloader_RxByte
 .text.extract_line
                0x08010afc       0xa4 ./Core/Src/bootloader_download.o
 .text.send_line
                0x08010ba0       0x40 ./Core/Src/bootloader_download.o
 .text.parse_line
                0x08010be0       0x58 ./Core/Src/bootloader_download.o
 .text.handle_bl_response
                0x08010c38       0xf8 ./Core/Src/bootloader_download.o
 .text.handle_app_response
                0x08010d30       0xfc ./Core/Src/bootloader_download.o
 .text.flush_flash_chunk
                0x08010e2c       0x7c ./Core/Src/bootloader_download.o
 .text.process_binary_payload
                0x08010ea8      0x118 ./Core/Src/bootloader_download.o
 .text.parse_data_line
                0x08010fc0       0xd4 ./Core/Src/bootloader_download.o
 .text.process_rx_data
                0x08011094       0x74 ./Core/Src/bootloader_download.o
 .text.Bootloader_StartDownload
                0x08011108      0x250 ./Core/Src/bootloader_download.o
                0x08011108                Bootloader_StartDownload
 .text.HAL_UART_RxCpltCallback
                0x08011358       0x3c ./Core/Src/bootloader_download.o
                0x08011358                HAL_UART_RxCpltCallback
 .text.Bootloader_Download_Process
                0x08011394      0x100 ./Core/Src/bootloader_download.o
                0x08011394                Bootloader_Download_Process
 .text.__NVIC_SystemReset
                0x08011494       0x2c ./Core/Src/bootloader_logic.o
 .text.check_magic
                0x080114c0       0x48 ./Core/Src/bootloader_logic.o
 .text.get_metadata_size
                0x08011508       0x3a ./Core/Src/bootloader_logic.o
 *fill*         0x08011542        0x2 
 .text.is_validation_download
                0x08011544       0x30 ./Core/Src/bootloader_logic.o
 .text.is_validation_ready
                0x08011574       0x4c ./Core/Src/bootloader_logic.o
 .text.verify_sha256_sector6_download
                0x080115c0       0x84 ./Core/Src/bootloader_logic.o
 .text.verify_sha256_sector7_ready
                0x08011644       0x42 ./Core/Src/bootloader_logic.o
 .text.search_sector_metadata
                0x08011686       0x44 ./Core/Src/bootloader_logic.o
 .text.jump_to_application
                0x080116ca       0x32 ./Core/Src/bootloader_logic.o
 .text.Bootloader_Run
                0x080116fc       0xe8 ./Core/Src/bootloader_logic.o
                0x080116fc                Bootloader_Run
 .text.Flash_EraseSector
                0x080117e4       0x56 ./Core/Src/flash_ops.o
                0x080117e4                Flash_EraseSector
 .text.Flash_WriteData
                0x0801183a       0xf0 ./Core/Src/flash_ops.o
                0x0801183a                Flash_WriteData
 .text.Flash_ProgramFirmwareData
                0x0801192a       0x4a ./Core/Src/flash_ops.o
                0x0801192a                Flash_ProgramFirmwareData
 .text.main     0x08011974       0x2a ./Core/Src/main.o
                0x08011974                main
 *fill*         0x0801199e        0x2 
 .text.SystemClock_Config
                0x080119a0       0xd4 ./Core/Src/main.o
                0x080119a0                SystemClock_Config
 .text.MX_USART1_UART_Init
                0x08011a74       0x54 ./Core/Src/main.o
 .text.MX_USART2_UART_Init
                0x08011ac8       0x54 ./Core/Src/main.o
 .text.MX_GPIO_Init
                0x08011b1c      0x184 ./Core/Src/main.o
 .text.Error_Handler
                0x08011ca0        0xc ./Core/Src/main.o
                0x08011ca0                Error_Handler
 .text.assert_failed
                0x08011cac       0x16 ./Core/Src/main.o
                0x08011cac                assert_failed
 *fill*         0x08011cc2        0x2 
 .text.sha256_transform
                0x08011cc4      0x414 ./Core/Src/sha256.o
 .text.SHA256_Init
                0x080120d8       0x78 ./Core/Src/sha256.o
                0x080120d8                SHA256_Init
 .text.SHA256_Update
                0x08012150       0x70 ./Core/Src/sha256.o
                0x08012150                SHA256_Update
 .text.SHA256_Final
                0x080121c0      0x268 ./Core/Src/sha256.o
                0x080121c0                SHA256_Final
 .text.SHA256_Calculate
                0x08012428       0x38 ./Core/Src/sha256.o
                0x08012428                SHA256_Calculate
 .text.HAL_MspInit
                0x08012460       0x50 ./Core/Src/stm32f4xx_hal_msp.o
                0x08012460                HAL_MspInit
 .text.HAL_UART_MspInit
                0x080124b0      0x108 ./Core/Src/stm32f4xx_hal_msp.o
                0x080124b0                HAL_UART_MspInit
 .text.NMI_Handler
                0x080125b8        0x8 ./Core/Src/stm32f4xx_it.o
                0x080125b8                NMI_Handler
 .text.HardFault_Handler
                0x080125c0        0x8 ./Core/Src/stm32f4xx_it.o
                0x080125c0                HardFault_Handler
 .text.MemManage_Handler
                0x080125c8        0x8 ./Core/Src/stm32f4xx_it.o
                0x080125c8                MemManage_Handler
 .text.BusFault_Handler
                0x080125d0        0x8 ./Core/Src/stm32f4xx_it.o
                0x080125d0                BusFault_Handler
 .text.UsageFault_Handler
                0x080125d8        0x8 ./Core/Src/stm32f4xx_it.o
                0x080125d8                UsageFault_Handler
 .text.SVC_Handler
                0x080125e0        0xe ./Core/Src/stm32f4xx_it.o
                0x080125e0                SVC_Handler
 .text.DebugMon_Handler
                0x080125ee        0xe ./Core/Src/stm32f4xx_it.o
                0x080125ee                DebugMon_Handler
 .text.PendSV_Handler
                0x080125fc        0xe ./Core/Src/stm32f4xx_it.o
                0x080125fc                PendSV_Handler
 .text.SysTick_Handler
                0x0801260a        0xc ./Core/Src/stm32f4xx_it.o
                0x0801260a                SysTick_Handler
 *fill*         0x08012616        0x2 
 .text.USART2_IRQHandler
                0x08012618       0x14 ./Core/Src/stm32f4xx_it.o
                0x08012618                USART2_IRQHandler
 .text._sbrk    0x0801262c       0x6c ./Core/Src/sysmem.o
                0x0801262c                _sbrk
 .text.SystemInit
                0x08012698       0x24 ./Core/Src/system_stm32f4xx.o
                0x08012698                SystemInit
 .text.Reset_Handler
                0x080126bc       0x50 ./Core/Startup/startup_stm32f401retx.o
                0x080126bc                Reset_Handler
 .text.Default_Handler
                0x0801270c        0x2 ./Core/Startup/startup_stm32f401retx.o
                0x0801270c                RTC_Alarm_IRQHandler
                0x0801270c                EXTI2_IRQHandler
                0x0801270c                SPI4_IRQHandler
                0x0801270c                TIM1_CC_IRQHandler
                0x0801270c                DMA2_Stream5_IRQHandler
                0x0801270c                DMA1_Stream5_IRQHandler
                0x0801270c                PVD_IRQHandler
                0x0801270c                SDIO_IRQHandler
                0x0801270c                TAMP_STAMP_IRQHandler
                0x0801270c                EXTI3_IRQHandler
                0x0801270c                TIM1_UP_TIM10_IRQHandler
                0x0801270c                I2C3_ER_IRQHandler
                0x0801270c                EXTI0_IRQHandler
                0x0801270c                I2C2_EV_IRQHandler
                0x0801270c                DMA1_Stream2_IRQHandler
                0x0801270c                FPU_IRQHandler
                0x0801270c                DMA2_Stream2_IRQHandler
                0x0801270c                SPI1_IRQHandler
                0x0801270c                TIM1_BRK_TIM9_IRQHandler
                0x0801270c                DMA2_Stream3_IRQHandler
                0x0801270c                USART6_IRQHandler
                0x0801270c                DMA2_Stream0_IRQHandler
                0x0801270c                TIM4_IRQHandler
                0x0801270c                I2C1_EV_IRQHandler
                0x0801270c                DMA1_Stream6_IRQHandler
                0x0801270c                DMA1_Stream1_IRQHandler
                0x0801270c                TIM3_IRQHandler
                0x0801270c                RCC_IRQHandler
                0x0801270c                Default_Handler
                0x0801270c                EXTI15_10_IRQHandler
                0x0801270c                ADC_IRQHandler
                0x0801270c                DMA1_Stream7_IRQHandler
                0x0801270c                TIM5_IRQHandler
                0x0801270c                DMA2_Stream7_IRQHandler
                0x0801270c                I2C3_EV_IRQHandler
                0x0801270c                EXTI9_5_IRQHandler
                0x0801270c                RTC_WKUP_IRQHandler
                0x0801270c                SPI2_IRQHandler
                0x0801270c                DMA1_Stream0_IRQHandler
                0x0801270c                EXTI4_IRQHandler
                0x0801270c                WWDG_IRQHandler
                0x0801270c                TIM2_IRQHandler
                0x0801270c                OTG_FS_WKUP_IRQHandler
                0x0801270c                TIM1_TRG_COM_TIM11_IRQHandler
                0x0801270c                EXTI1_IRQHandler
                0x0801270c                I2C2_ER_IRQHandler
                0x0801270c                DMA2_Stream1_IRQHandler
                0x0801270c                FLASH_IRQHandler
                0x0801270c                DMA2_Stream4_IRQHandler
                0x0801270c                USART1_IRQHandler
                0x0801270c                OTG_FS_IRQHandler
                0x0801270c                SPI3_IRQHandler
                0x0801270c                DMA1_Stream4_IRQHandler
                0x0801270c                I2C1_ER_IRQHandler
                0x0801270c                DMA2_Stream6_IRQHandler
                0x0801270c                DMA1_Stream3_IRQHandler
 *fill*         0x0801270e        0x2 
 .text.HAL_Init
                0x08012710       0x44 ./Drivers/STM32F4xx_HAL_Driver/Src/stm32f4xx_hal.o
                0x08012710                HAL_Init
 .text.HAL_InitTick
                0x08012754       0x60 ./Drivers/STM32F4xx_HAL_Driver/Src/stm32f4xx_hal.o
                0x08012754                HAL_InitTick
 .text.HAL_IncTick
                0x080127b4       0x28 ./Drivers/STM32F4xx_HAL_Driver/Src/stm32f4xx_hal.o
                0x080127b4                HAL_IncTick
 .text.HAL_GetTick
                0x080127dc       0x18 ./Drivers/STM32F4xx_HAL_Driver/Src/stm32f4xx_hal.o
                0x080127dc                HAL_GetTick
 .text.HAL_Delay
                0x080127f4       0x48 ./Drivers/STM32F4xx_HAL_Driver/Src/stm32f4xx_hal.o
                0x080127f4                HAL_Delay
 .text.__NVIC_SetPriorityGrouping
                0x0801283c       0x48 ./Drivers/STM32F4xx_HAL_Driver/Src/stm32f4xx_hal_cortex.o
 .text.__NVIC_GetPriorityGrouping
                0x08012884       0x1c ./Drivers/STM32F4xx_HAL_Driver/Src/stm32f4xx_hal_cortex.o
 .text.__NVIC_EnableIRQ
                0x080128a0       0x3c ./Drivers/STM32F4xx_HAL_Driver/Src/stm32f4xx_hal_cortex.o
 .text.__NVIC_SetPriority
                0x080128dc       0x54 ./Drivers/STM32F4xx_HAL_Driver/Src/stm32f4xx_hal_cortex.o
 .text.NVIC_EncodePriority
                0x08012930       0x66 ./Drivers/STM32F4xx_HAL_Driver/Src/stm32f4xx_hal_cortex.o
 *fill*         0x08012996        0x2 
 .text.SysTick_Config
                0x08012998       0x44 ./Drivers/STM32F4xx_HAL_Driver/Src/stm32f4xx_hal_cortex.o
 .text.HAL_NVIC_SetPriorityGrouping
                0x080129dc       0x40 ./Drivers/STM32F4xx_HAL_Driver/Src/stm32f4xx_hal_cortex.o
                0x080129dc                HAL_NVIC_SetPriorityGrouping
 .text.HAL_NVIC_SetPriority
                0x08012a1c       0x58 ./Drivers/STM32F4xx_HAL_Driver/Src/stm32f4xx_hal_cortex.o
                0x08012a1c                HAL_NVIC_SetPriority
 .text.HAL_NVIC_EnableIRQ
                0x08012a74       0x30 ./Drivers/STM32F4xx_HAL_Driver/Src/stm32f4xx_hal_cortex.o
                0x08012a74                HAL_NVIC_EnableIRQ
 .text.HAL_SYSTICK_Config
                0x08012aa4       0x18 ./Drivers/STM32F4xx_HAL_Driver/Src/stm32f4xx_hal_cortex.o
                0x08012aa4                HAL_SYSTICK_Config
 .text.HAL_DMA_Abort
                0x08012abc       0xe0 ./Drivers/STM32F4xx_HAL_Driver/Src/stm32f4xx_hal_dma.o
                0x08012abc                HAL_DMA_Abort
 .text.HAL_DMA_Abort_IT
                0x08012b9c       0x44 ./Drivers/STM32F4xx_HAL_Driver/Src/stm32f4xx_hal_dma.o
                0x08012b9c                HAL_DMA_Abort_IT
 .text.HAL_FLASH_Program
                0x08012be0       0xc8 ./Drivers/STM32F4xx_HAL_Driver/Src/stm32f4xx_hal_flash.o
                0x08012be0                HAL_FLASH_Program
 .text.HAL_FLASH_Unlock
                0x08012ca8       0x44 ./Drivers/STM32F4xx_HAL_Driver/Src/stm32f4xx_hal_flash.o
                0x08012ca8                HAL_FLASH_Unlock
 .text.HAL_FLASH_Lock
                0x08012cec       0x20 ./Drivers/STM32F4xx_HAL_Driver/Src/stm32f4xx_hal_flash.o
                0x08012cec                HAL_FLASH_Lock
 .text.FLASH_WaitForLastOperation
                0x08012d0c       0x80 ./Drivers/STM32F4xx_HAL_Driver/Src/stm32f4xx_hal_flash.o
                0x08012d0c                FLASH_WaitForLastOperation
 .text.FLASH_Program_DoubleWord
                0x08012d8c       0x9c ./Drivers/STM32F4xx_HAL_Driver/Src/stm32f4xx_hal_flash.o
 .text.FLASH_Program_Word
                0x08012e28       0x7c ./Drivers/STM32F4xx_HAL_Driver/Src/stm32f4xx_hal_flash.o
 .text.FLASH_Program_HalfWord
                0x08012ea4       0x7c ./Drivers/STM32F4xx_HAL_Driver/Src/stm32f4xx_hal_flash.o
 .text.FLASH_Program_Byte
                0x08012f20       0x78 ./Drivers/STM32F4xx_HAL_Driver/Src/stm32f4xx_hal_flash.o
 .text.FLASH_SetErrorCode
                0x08012f98       0xcc ./Drivers/STM32F4xx_HAL_Driver/Src/stm32f4xx_hal_flash.o
 .text.HAL_FLASHEx_Erase
                0x08013064      0x11c ./Drivers/STM32F4xx_HAL_Driver/Src/stm32f4xx_hal_flash_ex.o
                0x08013064                HAL_FLASHEx_Erase
 .text.FLASH_MassErase
                0x08013180       0x78 ./Drivers/STM32F4xx_HAL_Driver/Src/stm32f4xx_hal_flash_ex.o
 .text.FLASH_Erase_Sector
                0x080131f8       0xec ./Drivers/STM32F4xx_HAL_Driver/Src/stm32f4xx_hal_flash_ex.o
                0x080131f8                FLASH_Erase_Sector
 .text.FLASH_FlushCaches
                0x080132e4       0x8c ./Drivers/STM32F4xx_HAL_Driver/Src/stm32f4xx_hal_flash_ex.o
                0x080132e4                FLASH_FlushCaches
 .text.HAL_GPIO_Init
                0x08013370      0x524 ./Drivers/STM32F4xx_HAL_Driver/Src/stm32f4xx_hal_gpio.o
                0x08013370                HAL_GPIO_Init
 .text.HAL_GPIO_WritePin
                0x08013894       0x58 ./Drivers/STM32F4xx_HAL_Driver/Src/stm32f4xx_hal_gpio.o
                0x08013894                HAL_GPIO_WritePin
 .text.HAL_RCC_OscConfig
                0x080138ec      0x658 ./Drivers/STM32F4xx_HAL_Driver/Src/stm32f4xx_hal_rcc.o
                0x080138ec                HAL_RCC_OscConfig
 .text.HAL_RCC_ClockConfig
                0x08013f44      0x31c ./Drivers/STM32F4xx_HAL_Driver/Src/stm32f4xx_hal_rcc.o
                0x08013f44                HAL_RCC_ClockConfig
 .text.HAL_RCC_GetSysClockFreq
                0x08014260      0x18c ./Drivers/STM32F4xx_HAL_Driver/Src/stm32f4xx_hal_rcc.o
                0x08014260                HAL_RCC_GetSysClockFreq
 .text.HAL_RCC_GetHCLKFreq
                0x080143ec       0x18 ./Drivers/STM32F4xx_HAL_Driver/Src/stm32f4xx_hal_rcc.o
                0x080143ec                HAL_RCC_GetHCLKFreq
 .text.HAL_RCC_GetPCLK1Freq
                0x08014404       0x28 ./Drivers/STM32F4xx_HAL_Driver/Src/stm32f4xx_hal_rcc.o
                0x08014404                HAL_RCC_GetPCLK1Freq
 .text.HAL_RCC_GetPCLK2Freq
                0x0801442c       0x28 ./Drivers/STM32F4xx_HAL_Driver/Src/stm32f4xx_hal_rcc.o
                0x0801442c                HAL_RCC_GetPCLK2Freq
 .text.HAL_UART_Init
                0x08014454      0x18c ./Drivers/STM32F4xx_HAL_Driver/Src/stm32f4xx_hal_uart.o
                0x08014454                HAL_UART_Init
 .text.HAL_UART_Transmit
                0x080145e0      0x116 ./Drivers/STM32F4xx_HAL_Driver/Src/stm32f4xx_hal_uart.o
                0x080145e0                HAL_UART_Transmit
 .text.HAL_UART_Receive
                0x080146f6      0x12e ./Drivers/STM32F4xx_HAL_Driver/Src/stm32f4xx_hal_uart.o
                0x080146f6                HAL_UART_Receive
 .text.HAL_UART_Receive_IT
                0x08014824       0x4a ./Drivers/STM32F4xx_HAL_Driver/Src/stm32f4xx_hal_uart.o
                0x08014824                HAL_UART_Receive_IT
 *fill*         0x0801486e        0x2 
 .text.HAL_UART_AbortReceive_IT
                0x08014870      0x168 ./Drivers/STM32F4xx_HAL_Driver/Src/stm32f4xx_hal_uart.o
                0x08014870                HAL_UART_AbortReceive_IT
 .text.HAL_UART_IRQHandler
                0x080149d8      0x564 ./Drivers/STM32F4xx_HAL_Driver/Src/stm32f4xx_hal_uart.o
                0x080149d8                HAL_UART_IRQHandler
 .text.HAL_UART_TxCpltCallback
                0x08014f3c       0x14 ./Drivers/STM32F4xx_HAL_Driver/Src/stm32f4xx_hal_uart.o
                0x08014f3c                HAL_UART_TxCpltCallback
 .text.HAL_UART_TxHalfCpltCallback
                0x08014f50       0x14 ./Drivers/STM32F4xx_HAL_Driver/Src/stm32f4xx_hal_uart.o
                0x08014f50                HAL_UART_TxHalfCpltCallback
 .text.HAL_UART_RxHalfCpltCallback
                0x08014f64       0x14 ./Drivers/STM32F4xx_HAL_Driver/Src/stm32f4xx_hal_uart.o
                0x08014f64                HAL_UART_RxHalfCpltCallback
 .text.HAL_UART_ErrorCallback
                0x08014f78       0x14 ./Drivers/STM32F4xx_HAL_Driver/Src/stm32f4xx_hal_uart.o
                0x08014f78                HAL_UART_ErrorCallback
 .text.HAL_UART_AbortCpltCallback
                0x08014f8c       0x14 ./Drivers/STM32F4xx_HAL_Driver/Src/stm32f4xx_hal_uart.o
                0x08014f8c                HAL_UART_AbortCpltCallback
 .text.HAL_UART_AbortTransmitCpltCallback
                0x08014fa0       0x14 ./Drivers/STM32F4xx_HAL_Driver/Src/stm32f4xx_hal_uart.o
                0x08014fa0                HAL_UART_AbortTransmitCpltCallback
 .text.HAL_UART_AbortReceiveCpltCallback
                0x08014fb4       0x14 ./Drivers/STM32F4xx_HAL_Driver/Src/stm32f4xx_hal_uart.o
                0x08014fb4                HAL_UART_AbortReceiveCpltCallback
 .text.HAL_UARTEx_RxEventCallback
                0x08014fc8       0x18 ./Drivers/STM32F4xx_HAL_Driver/Src/stm32f4xx_hal_uart.o
                0x08014fc8                HAL_UARTEx_RxEventCallback
 .text.UART_InitCallbacksToDefault
                0x08014fe0       0x70 ./Drivers/STM32F4xx_HAL_Driver/Src/stm32f4xx_hal_uart.o
                0x08014fe0                UART_InitCallbacksToDefault
 .text.UART_WaitOnFlagUntilTimeout
                0x08015050       0xb2 ./Drivers/STM32F4xx_HAL_Driver/Src/stm32f4xx_hal_uart.o
 .text.UART_Start_Receive_IT
                0x08015102       0x74 ./Drivers/STM32F4xx_HAL_Driver/Src/stm32f4xx_hal_uart.o
                0x08015102                UART_Start_Receive_IT
 .text.UART_EndRxTransfer
                0x08015176       0xc6 ./Drivers/STM32F4xx_HAL_Driver/Src/stm32f4xx_hal_uart.o
 .text.UART_DMAAbortOnError
                0x0801523c       0x24 ./Drivers/STM32F4xx_HAL_Driver/Src/stm32f4xx_hal_uart.o
 .text.UART_DMARxOnlyAbortCallback
                0x08015260       0x32 ./Drivers/STM32F4xx_HAL_Driver/Src/stm32f4xx_hal_uart.o
 .text.UART_Transmit_IT
                0x08015292       0xa0 ./Drivers/STM32F4xx_HAL_Driver/Src/stm32f4xx_hal_uart.o
 .text.UART_EndTransmit_IT
                0x08015332       0x32 ./Drivers/STM32F4xx_HAL_Driver/Src/stm32f4xx_hal_uart.o
 .text.UART_Receive_IT
                0x08015364      0x180 ./Drivers/STM32F4xx_HAL_Driver/Src/stm32f4xx_hal_uart.o
 .text.UART_SetConfig
                0x080154e4      0x574 ./Drivers/STM32F4xx_HAL_Driver/Src/stm32f4xx_hal_uart.o
 .text.snprintf
                0x08015a58       0x6c C:/ST/STM32CubeIDE_1.18.1/STM32CubeIDE/plugins/com.st.stm32cube.ide.mcu.externaltools.gnu-tools-for-stm32.13.3.rel1.win32_1.0.100.202509120712/tools/bin/../lib/gcc/arm-none-eabi/13.3.1/../../../../arm-none-eabi/lib/thumb/v7e-m+fp/hard\libc_nano.a(libc_a-snprintf.o)
                0x08015a58                sniprintf
                0x08015a58                snprintf
 .text.sscanf   0x08015ac4       0x58 C:/ST/STM32CubeIDE_1.18.1/STM32CubeIDE/plugins/com.st.stm32cube.ide.mcu.externaltools.gnu-tools-for-stm32.13.3.rel1.win32_1.0.100.202509120712/tools/bin/../lib/gcc/arm-none-eabi/13.3.1/../../../../arm-none-eabi/lib/thumb/v7e-m+fp/hard\libc_nano.a(libc_a-sscanf.o)
                0x08015ac4                siscanf
                0x08015ac4                sscanf
 .text.__seofread
                0x08015b1c        0x4 C:/ST/STM32CubeIDE_1.18.1/STM32CubeIDE/plugins/com.st.stm32cube.ide.mcu.externaltools.gnu-tools-for-stm32.13.3.rel1.win32_1.0.100.202509120712/tools/bin/../lib/gcc/arm-none-eabi/13.3.1/../../../../arm-none-eabi/lib/thumb/v7e-m+fp/hard\libc_nano.a(libc_a-stdio.o)
                0x08015b1c                __seofread
 .text.memcmp   0x08015b20       0x20 C:/ST/STM32CubeIDE_1.18.1/STM32CubeIDE/plugins/com.st.stm32cube.ide.mcu.externaltools.gnu-tools-for-stm32.13.3.rel1.win32_1.0.100.202509120712/tools/bin/../lib/gcc/arm-none-eabi/13.3.1/../../../../arm-none-eabi/lib/thumb/v7e-m+fp/hard\libc_nano.a(libc_a-memcmp.o)
                0x08015b20                memcmp
 .text.memset   0x08015b40       0x10 C:/ST/STM32CubeIDE_1.18.1/STM32CubeIDE/plugins/com.st.stm32cube.ide.mcu.externaltools.gnu-tools-for-stm32.13.3.rel1.win32_1.0.100.202509120712/tools/bin/../lib/gcc/arm-none-eabi/13.3.1/../../../../arm-none-eabi/lib/thumb/v7e-m+fp/hard\libc_nano.a(libc_a-memset.o)
                0x08015b40                memset
 .text.strncmp  0x08015b50       0x24 C:/ST/STM32CubeIDE_1.18.1/STM32CubeIDE/plugins/com.st.stm32cube.ide.mcu.externaltools.gnu-tools-for-stm32.13.3.rel1.win32_1.0.100.202509120712/tools/bin/../lib/gcc/arm-none-eabi/13.3.1/../../../../arm-none-eabi/lib/thumb/v7e-m+fp/hard\libc_nano.a(libc_a-strncmp.o)
                0x08015b50                strncmp
 .text.strncpy  0x08015b74       0x26 C:/ST/STM32CubeIDE_1.18.1/STM32CubeIDE/plugins/com.st.stm32cube.ide.mcu.externaltools.gnu-tools-for-stm32.13.3.rel1.win32_1.0.100.202509120712/tools/bin/../lib/gcc/arm-none-eabi/13.3.1/../../../../arm-none-eabi/lib/thumb/v7e-m+fp/hard\libc_nano.a(libc_a-strncpy.o)
                0x08015b74                strncpy
 .text.strstr   0x08015b9a       0x2c C:/ST/STM32CubeIDE_1.18.1/STM32CubeIDE/plugins/com.st.stm32cube.ide.mcu.externaltools.gnu-tools-for-stm32.13.3.rel1.win32_1.0.100.202509120712/tools/bin/../lib/gcc/arm-none-eabi/13.3.1/../../../../arm-none-eabi/lib/thumb/v7e-m+fp/hard\libc_nano.a(libc_a-strstr.o)
                0x08015b9a                strstr
 *fill*         0x08015bc6        0x2 
 .text.__errno  0x08015bc8        0xc C:/ST/STM32CubeIDE_1.18.1/STM32CubeIDE/plugins/com.st.stm32cube.ide.mcu.externaltools.gnu-tools-for-stm32.13.3.rel1.win32_1.0.100.202509120712/tools/bin/../lib/gcc/arm-none-eabi/13.3.1/../../../../arm-none-eabi/lib/thumb/v7e-m+fp/hard\libc_nano.a(libc_a-errno.o)
                0x08015bc8                __errno
 .text.__libc_init_array
                0x08015bd4       0x48 C:/ST/STM32CubeIDE_1.18.1/STM32CubeIDE/plugins/com.st.stm32cube.ide.mcu.externaltools.gnu-tools-for-stm32.13.3.rel1.win32_1.0.100.202509120712/tools/bin/../lib/gcc/arm-none-eabi/13.3.1/../../../../arm-none-eabi/lib/thumb/v7e-m+fp/hard\libc_nano.a(libc_a-init.o)
                0x08015bd4                __libc_init_array
 .text.__retarget_lock_acquire_recursive
                0x08015c1c        0x2 C:/ST/STM32CubeIDE_1.18.1/STM32CubeIDE/plugins/com.st.stm32cube.ide.mcu.externaltools.gnu-tools-for-stm32.13.3.rel1.win32_1.0.100.202509120712/tools/bin/../lib/gcc/arm-none-eabi/13.3.1/../../../../arm-none-eabi/lib/thumb/v7e-m+fp/hard\libc_nano.a(libc_a-lock.o)
                0x08015c1c                __retarget_lock_acquire_recursive
 .text.__retarget_lock_release_recursive
                0x08015c1e        0x2 C:/ST/STM32CubeIDE_1.18.1/STM32CubeIDE/plugins/com.st.stm32cube.ide.mcu.externaltools.gnu-tools-for-stm32.13.3.rel1.win32_1.0.100.202509120712/tools/bin/../lib/gcc/arm-none-eabi/13.3.1/../../../../arm-none-eabi/lib/thumb/v7e-m+fp/hard\libc_nano.a(libc_a-lock.o)
                0x08015c1e                __retarget_lock_release_recursive
 .text.memcpy   0x08015c20       0x1c C:/ST/STM32CubeIDE_1.18.1/STM32CubeIDE/plugins/com.st.stm32cube.ide.mcu.externaltools.gnu-tools-for-stm32.13.3.rel1.win32_1.0.100.202509120712/tools/bin/../lib/gcc/arm-none-eabi/13.3.1/../../../../arm-none-eabi/lib/thumb/v7e-m+fp/hard\libc_nano.a(libc_a-memcpy-stub.o)
                0x08015c20                memcpy
 .text._free_r  0x08015c3c       0x94 C:/ST/STM32CubeIDE_1.18.1/STM32CubeIDE/plugins/com.st.stm32cube.ide.mcu.externaltools.gnu-tools-for-stm32.13.3.rel1.win32_1.0.100.202509120712/tools/bin/../lib/gcc/arm-none-eabi/13.3.1/../../../../arm-none-eabi/lib/thumb/v7e-m+fp/hard\libc_nano.a(libc_a-freer.o)
                0x08015c3c                _free_r
 .text.sbrk_aligned
                0x08015cd0       0x44 C:/ST/STM32CubeIDE_1.18.1/STM32CubeIDE/plugins/com.st.stm32cube.ide.mcu.externaltools.gnu-tools-for-stm32.13.3.rel1.win32_1.0.100.202509120712/tools/bin/../lib/gcc/arm-none-eabi/13.3.1/../../../../arm-none-eabi/lib/thumb/v7e-m+fp/hard\libc_nano.a(libc_a-mallocr.o)
 .text._malloc_r
                0x08015d14      0x100 C:/ST/STM32CubeIDE_1.18.1/STM32CubeIDE/plugins/com.st.stm32cube.ide.mcu.externaltools.gnu-tools-for-stm32.13.3.rel1.win32_1.0.100.202509120712/tools/bin/../lib/gcc/arm-none-eabi/13.3.1/../../../../arm-none-eabi/lib/thumb/v7e-m+fp/hard\libc_nano.a(libc_a-mallocr.o)
                0x08015d14                _malloc_r
 .text.__malloc_lock
                0x08015e14        0xc C:/ST/STM32CubeIDE_1.18.1/STM32CubeIDE/plugins/com.st.stm32cube.ide.mcu.externaltools.gnu-tools-for-stm32.13.3.rel1.win32_1.0.100.202509120712/tools/bin/../lib/gcc/arm-none-eabi/13.3.1/../../../../arm-none-eabi/lib/thumb/v7e-m+fp/hard\libc_nano.a(libc_a-mlock.o)
                0x08015e14                __malloc_lock
 .text.__malloc_unlock
                0x08015e20        0xc C:/ST/STM32CubeIDE_1.18.1/STM32CubeIDE/plugins/com.st.stm32cube.ide.mcu.externaltools.gnu-tools-for-stm32.13.3.rel1.win32_1.0.100.202509120712/tools/bin/../lib/gcc/arm-none-eabi/13.3.1/../../../../arm-none-eabi/lib/thumb/v7e-m+fp/hard\libc_nano.a(libc_a-mlock.o)
                0x08015e20                __malloc_unlock
 .text.__ssputs_r
                0x08015e2c       0xb6 C:/ST/STM32CubeIDE_1.18.1/STM32CubeIDE/plugins/com.st.stm32cube.ide.mcu.externaltools.gnu-tools-for-stm32.13.3.rel1.win32_1.0.100.202509120712/tools/bin/../lib/gcc/arm-none-eabi/13.3.1/../../../../arm-none-eabi/lib/thumb/v7e-m+fp/hard\libc_nano.a(libc_a-nano-svfprintf.o)
                0x08015e2c                __ssputs_r
 *fill*         0x08015ee2        0x2 
 .text._svfprintf_r
                0x08015ee4      0x1f8 C:/ST/STM32CubeIDE_1.18.1/STM32CubeIDE/plugins/com.st.stm32cube.ide.mcu.externaltools.gnu-tools-for-stm32.13.3.rel1.win32_1.0.100.202509120712/tools/bin/../lib/gcc/arm-none-eabi/13.3.1/../../../../arm-none-eabi/lib/thumb/v7e-m+fp/hard\libc_nano.a(libc_a-nano-svfprintf.o)
                0x08015ee4                _svfiprintf_r
                0x08015ee4                _svfprintf_r
 .text._sungetc_r
                0x080160dc       0x7a C:/ST/STM32CubeIDE_1.18.1/STM32CubeIDE/plugins/com.st.stm32cube.ide.mcu.externaltools.gnu-tools-for-stm32.13.3.rel1.win32_1.0.100.202509120712/tools/bin/../lib/gcc/arm-none-eabi/13.3.1/../../../../arm-none-eabi/lib/thumb/v7e-m+fp/hard\libc_nano.a(libc_a-nano-svfscanf.o)
                0x080160dc                _sungetc_r
 .text.__ssrefill_r
                0x08016156       0x3a C:/ST/STM32CubeIDE_1.18.1/STM32CubeIDE/plugins/com.st.stm32cube.ide.mcu.externaltools.gnu-tools-for-stm32.13.3.rel1.win32_1.0.100.202509120712/tools/bin/../lib/gcc/arm-none-eabi/13.3.1/../../../../arm-none-eabi/lib/thumb/v7e-m+fp/hard\libc_nano.a(libc_a-nano-svfscanf.o)
                0x08016156                __ssrefill_r
 .text.__ssvfscanf_r
                0x08016190      0x2ec C:/ST/STM32CubeIDE_1.18.1/STM32CubeIDE/plugins/com.st.stm32cube.ide.mcu.externaltools.gnu-tools-for-stm32.13.3.rel1.win32_1.0.100.202509120712/tools/bin/../lib/gcc/arm-none-eabi/13.3.1/../../../../arm-none-eabi/lib/thumb/v7e-m+fp/hard\libc_nano.a(libc_a-nano-svfscanf.o)
                0x08016190                __ssvfiscanf_r
                0x08016190                __ssvfscanf_r
 .text._printf_common
                0x0801647c       0xda C:/ST/STM32CubeIDE_1.18.1/STM32CubeIDE/plugins/com.st.stm32cube.ide.mcu.externaltools.gnu-tools-for-stm32.13.3.rel1.win32_1.0.100.202509120712/tools/bin/../lib/gcc/arm-none-eabi/13.3.1/../../../../arm-none-eabi/lib/thumb/v7e-m+fp/hard\libc_nano.a(libc_a-nano-vfprintf_i.o)
                0x0801647c                _printf_common
 *fill*         0x08016556        0x2 
 .text._printf_i
                0x08016558      0x23c C:/ST/STM32CubeIDE_1.18.1/STM32CubeIDE/plugins/com.st.stm32cube.ide.mcu.externaltools.gnu-tools-for-stm32.13.3.rel1.win32_1.0.100.202509120712/tools/bin/../lib/gcc/arm-none-eabi/13.3.1/../../../../arm-none-eabi/lib/thumb/v7e-m+fp/hard\libc_nano.a(libc_a-nano-vfprintf_i.o)
                0x08016558                _printf_i
 .text._scanf_chars
                0x08016794       0xb4 C:/ST/STM32CubeIDE_1.18.1/STM32CubeIDE/plugins/com.st.stm32cube.ide.mcu.externaltools.gnu-tools-for-stm32.13.3.rel1.win32_1.0.100.202509120712/tools/bin/../lib/gcc/arm-none-eabi/13.3.1/../../../../arm-none-eabi/lib/thumb/v7e-m+fp/hard\libc_nano.a(libc_a-nano-vfscanf_i.o)
                0x08016794                _scanf_chars
 .text._scanf_i
                0x08016848      0x1e8 C:/ST/STM32CubeIDE_1.18.1/STM32CubeIDE/plugins/com.st.stm32cube.ide.mcu.externaltools.gnu-tools-for-stm32.13.3.rel1.win32_1.0.100.202509120712/tools/bin/../lib/gcc/arm-none-eabi/13.3.1/../../../../arm-none-eabi/lib/thumb/v7e-m+fp/hard\libc_nano.a(libc_a-nano-vfscanf_i.o)
                0x08016848                _scanf_i
 .text.__sccl   0x08016a30       0x72 C:/ST/STM32CubeIDE_1.18.1/STM32CubeIDE/plugins/com.st.stm32cube.ide.mcu.externaltools.gnu-tools-for-stm32.13.3.rel1.win32_1.0.100.202509120712/tools/bin/../lib/gcc/arm-none-eabi/13.3.1/../../../../arm-none-eabi/lib/thumb/v7e-m+fp/hard\libc_nano.a(libc_a-sccl.o)
                0x08016a30                __sccl
 .text.__submore
                0x08016aa2       0x74 C:/ST/STM32CubeIDE_1.18.1/STM32CubeIDE/plugins/com.st.stm32cube.ide.mcu.externaltools.gnu-tools-for-stm32.13.3.rel1.win32_1.0.100.202509120712/tools/bin/../lib/gcc/arm-none-eabi/13.3.1/../../../../arm-none-eabi/lib/thumb/v7e-m+fp/hard\libc_nano.a(libc_a-ungetc.o)
                0x08016aa2                __submore
 .text.memmove  0x08016b16       0x34 C:/ST/STM32CubeIDE_1.18.1/STM32CubeIDE/plugins/com.st.stm32cube.ide.mcu.externaltools.gnu-tools-for-stm32.13.3.rel1.win32_1.0.100.202509120712/tools/bin/../lib/gcc/arm-none-eabi/13.3.1/../../../../arm-none-eabi/lib/thumb/v7e-m+fp/hard\libc_nano.a(libc_a-memmove.o)
                0x08016b16                memmove
 *fill*         0x08016b4a        0x2 
 .text._sbrk_r  0x08016b4c       0x20 C:/ST/STM32CubeIDE_1.18.1/STM32CubeIDE/plugins/com.st.stm32cube.ide.mcu.externaltools.gnu-tools-for-stm32.13.3.rel1.win32_1.0.100.202509120712/tools/bin/../lib/gcc/arm-none-eabi/13.3.1/../../../../arm-none-eabi/lib/thumb/v7e-m+fp/hard\libc_nano.a(libc_a-sbrkr.o)
                0x08016b4c                _sbrk_r
 .text._realloc_r
                0x08016b6c       0x5c C:/ST/STM32CubeIDE_1.18.1/STM32CubeIDE/plugins/com.st.stm32cube.ide.mcu.externaltools.gnu-tools-for-stm32.13.3.rel1.win32_1.0.100.202509120712/tools/bin/../lib/gcc/arm-none-eabi/13.3.1/../../../../arm-none-eabi/lib/thumb/v7e-m+fp/hard\libc_nano.a(libc_a-reallocr.o)
                0x08016b6c                _realloc_r
 .text._strtol_l.isra.0
                0x08016bc8       0xf4 C:/ST/STM32CubeIDE_1.18.1/STM32CubeIDE/plugins/com.st.stm32cube.ide.mcu.externaltools.gnu-tools-for-stm32.13.3.rel1.win32_1.0.100.202509120712/tools/bin/../lib/gcc/arm-none-eabi/13.3.1/../../../../arm-none-eabi/lib/thumb/v7e-m+fp/hard\libc_nano.a(libc_a-strtol.o)
 .text._strtol_r
                0x08016cbc        0x4 C:/ST/STM32CubeIDE_1.18.1/STM32CubeIDE/plugins/com.st.stm32cube.ide.mcu.externaltools.gnu-tools-for-stm32.13.3.rel1.win32_1.0.100.202509120712/tools/bin/../lib/gcc/arm-none-eabi/13.3.1/../../../../arm-none-eabi/lib/thumb/v7e-m+fp/hard\libc_nano.a(libc_a-strtol.o)
                0x08016cbc                _strtol_r
 .text._strtoul_l.isra.0
                0x08016cc0       0xdc C:/ST/STM32CubeIDE_1.18.1/STM32CubeIDE/plugins/com.st.stm32cube.ide.mcu.externaltools.gnu-tools-for-stm32.13.3.rel1.win32_1.0.100.202509120712/tools/bin/../lib/gcc/arm-none-eabi/13.3.1/../../../../arm-none-eabi/lib/thumb/v7e-m+fp/hard\libc_nano.a(libc_a-strtoul.o)
 .text._strtoul_r
                0x08016d9c        0x4 C:/ST/STM32CubeIDE_1.18.1/STM32CubeIDE/plugins/com.st.stm32cube.ide.mcu.externaltools.gnu-tools-for-stm32.13.3.rel1.win32_1.0.100.202509120712/tools/bin/../lib/gcc/arm-none-eabi/13.3.1/../../../../arm-none-eabi/lib/thumb/v7e-m+fp/hard\libc_nano.a(libc_a-strtoul.o)
                0x08016d9c                _strtoul_r
 .text._malloc_usable_size_r
                0x08016da0       0x10 C:/ST/STM32CubeIDE_1.18.1/STM32CubeIDE/plugins/com.st.stm32cube.ide.mcu.externaltools.gnu-tools-for-stm32.13.3.rel1.win32_1.0.100.202509120712/tools/bin/../lib/gcc/arm-none-eabi/13.3.1/../../../../arm-none-eabi/lib/thumb/v7e-m+fp/hard\libc_nano.a(libc_a-msizer.o)
                0x08016da0                _malloc_usable_size_r
 *(.glue_7)
 .glue_7        0x08016db0        0x0 linker stubs
 *(.glue_7t)
 .glue_7t       0x08016db0        0x0 linker stubs
 *(.eh_frame)
 .eh_frame      0x08016db0        0x0 C:/ST/STM32CubeIDE_1.18.1/STM32CubeIDE/plugins/com.st.stm32cube.ide.mcu.externaltools.gnu-tools-for-stm32.13.3.rel1.win32_1.0.100.202509120712/tools/bin/../lib/gcc/arm-none-eabi/13.3.1/thumb/v7e-m+fp/hard/crtbegin.o
 *(.init)
 .init          0x08016db0        0x4 C:/ST/STM32CubeIDE_1.18.1/STM32CubeIDE/plugins/com.st.stm32cube.ide.mcu.externaltools.gnu-tools-for-stm32.13.3.rel1.win32_1.0.100.202509120712/tools/bin/../lib/gcc/arm-none-eabi/13.3.1/thumb/v7e-m+fp/hard/crti.o
                0x08016db0                _init
 .init          0x08016db4        0x8 C:/ST/STM32CubeIDE_1.18.1/STM32CubeIDE/plugins/com.st.stm32cube.ide.mcu.externaltools.gnu-tools-for-stm32.13.3.rel1.win32_1.0.100.202509120712/tools/bin/../lib/gcc/arm-none-eabi/13.3.1/thumb/v7e-m+fp/hard/crtn.o
 *(.fini)
 .fini          0x08016dbc        0x4 C:/ST/STM32CubeIDE_1.18.1/STM32CubeIDE/plugins/com.st.stm32cube.ide.mcu.externaltools.gnu-tools-for-stm32.13.3.rel1.win32_1.0.100.202509120712/tools/bin/../lib/gcc/arm-none-eabi/13.3.1/thumb/v7e-m+fp/hard/crti.o
                0x08016dbc                _fini
 .fini          0x08016dc0        0x8 C:/ST/STM32CubeIDE_1.18.1/STM32CubeIDE/plugins/com.st.stm32cube.ide.mcu.externaltools.gnu-tools-for-stm32.13.3.rel1.win32_1.0.100.202509120712/tools/bin/../lib/gcc/arm-none-eabi/13.3.1/thumb/v7e-m+fp/hard/crtn.o
                0x08016dc8                        . = ALIGN (0x4)
                0x08016dc8                        _etext = .
 FILL mask 0xff

.vfp11_veneer   0x08016dc8        0x0
 .vfp11_veneer  0x08016dc8        0x0 linker stubs

.v4_bx          0x08016dc8        0x0
 .v4_bx         0x08016dc8        0x0 linker stubs

.iplt           0x08016dc8        0x0
 .iplt          0x08016dc8        0x0 C:/ST/STM32CubeIDE_1.18.1/STM32CubeIDE/plugins/com.st.stm32cube.ide.mcu.externaltools.gnu-tools-for-stm32.13.3.rel1.win32_1.0.100.202509120712/tools/bin/../lib/gcc/arm-none-eabi/13.3.1/thumb/v7e-m+fp/hard/crtbegin.o

.rodata         0x08016dc8      0x720
                0x08016dc8                        . = ALIGN (0x4)
 *(.rodata)
 .rodata        0x08016dc8       0x6b ./Core/Src/at_command.o
 *fill*         0x08016e33        0x1 
 .rodata        0x08016e34      0x2a7 ./Core/Src/bootloader_download.o
 *fill*         0x080170db        0x1 
 .rodata        0x080170dc       0x3b ./Drivers/STM32F4xx_HAL_Driver/Src/stm32f4xx_hal_cortex.o
 *fill*         0x08017117        0x1 
 .rodata        0x08017118       0x3a ./Drivers/STM32F4xx_HAL_Driver/Src/stm32f4xx_hal_flash.o
 *fill*         0x08017152        0x2 
 .rodata        0x08017154       0x3d ./Drivers/STM32F4xx_HAL_Driver/Src/stm32f4xx_hal_flash_ex.o
 *fill*         0x08017191        0x3 
 .rodata        0x08017194       0x39 ./Drivers/STM32F4xx_HAL_Driver/Src/stm32f4xx_hal_gpio.o
 *fill*         0x080171cd        0x3 
 .rodata        0x080171d0       0x38 ./Drivers/STM32F4xx_HAL_Driver/Src/stm32f4xx_hal_rcc.o
 .rodata        0x08017208       0x39 ./Drivers/STM32F4xx_HAL_Driver/Src/stm32f4xx_hal_uart.o
 *fill*         0x08017241        0x3 
 .rodata        0x08017244        0xc C:/ST/STM32CubeIDE_1.18.1/STM32CubeIDE/plugins/com.st.stm32cube.ide.mcu.externaltools.gnu-tools-for-stm32.13.3.rel1.win32_1.0.100.202509120712/tools/bin/../lib/gcc/arm-none-eabi/13.3.1/../../../../arm-none-eabi/lib/thumb/v7e-m+fp/hard\libc_nano.a(libc_a-nano-vfscanf_i.o)
 *(.rodata*)
 .rodata.MAGIC.1
                0x08017250        0x8 ./Core/Src/bootloader_download.o
 .rodata.MAGIC  0x08017258        0x8 ./Core/Src/bootloader_logic.o
 .rodata.INV_MAGIC
                0x08017260        0x8 ./Core/Src/bootloader_logic.o
 .rodata.VALIDATION_DOWNLOAD
                0x08017268        0x8 ./Core/Src/bootloader_logic.o
 .rodata.VALIDATION_READY
                0x08017270        0x8 ./Core/Src/bootloader_logic.o
 .rodata.INVALIDATION
                0x08017278        0x8 ./Core/Src/bootloader_logic.o
 .rodata.k      0x08017280      0x100 ./Core/Src/sha256.o
 .rodata.AHBPrescTable
                0x08017380       0x10 ./Core/Src/system_stm32f4xx.o
                0x08017380                AHBPrescTable
 .rodata.APBPrescTable
                0x08017390        0x8 ./Core/Src/system_stm32f4xx.o
                0x08017390                APBPrescTable
 .rodata._svfprintf_r.str1.1
                0x08017398       0x4e C:/ST/STM32CubeIDE_1.18.1/STM32CubeIDE/plugins/com.st.stm32cube.ide.mcu.externaltools.gnu-tools-for-stm32.13.3.rel1.win32_1.0.100.202509120712/tools/bin/../lib/gcc/arm-none-eabi/13.3.1/../../../../arm-none-eabi/lib/thumb/v7e-m+fp/hard\libc_nano.a(libc_a-nano-svfprintf.o)
                                 0x11 (size before relaxing)
 .rodata.__ssvfscanf_r.str1.1
                0x080173e6        0x0 C:/ST/STM32CubeIDE_1.18.1/STM32CubeIDE/plugins/com.st.stm32cube.ide.mcu.externaltools.gnu-tools-for-stm32.13.3.rel1.win32_1.0.100.202509120712/tools/bin/../lib/gcc/arm-none-eabi/13.3.1/../../../../arm-none-eabi/lib/thumb/v7e-m+fp/hard\libc_nano.a(libc_a-nano-svfscanf.o)
                                  0x4 (size before relaxing)
 .rodata._printf_i.str1.1
                0x080173e6        0x0 C:/ST/STM32CubeIDE_1.18.1/STM32CubeIDE/plugins/com.st.stm32cube.ide.mcu.externaltools.gnu-tools-for-stm32.13.3.rel1.win32_1.0.100.202509120712/tools/bin/../lib/gcc/arm-none-eabi/13.3.1/../../../../arm-none-eabi/lib/thumb/v7e-m+fp/hard\libc_nano.a(libc_a-nano-vfprintf_i.o)
                                 0x22 (size before relaxing)
 .rodata._scanf_i.str1.1
                0x080173e6        0x0 C:/ST/STM32CubeIDE_1.18.1/STM32CubeIDE/plugins/com.st.stm32cube.ide.mcu.externaltools.gnu-tools-for-stm32.13.3.rel1.win32_1.0.100.202509120712/tools/bin/../lib/gcc/arm-none-eabi/13.3.1/../../../../arm-none-eabi/lib/thumb/v7e-m+fp/hard\libc_nano.a(libc_a-nano-vfscanf_i.o)
                                 0x12 (size before relaxing)
 .rodata.str1.1
                0x080173e6        0x0 C:/ST/STM32CubeIDE_1.18.1/STM32CubeIDE/plugins/com.st.stm32cube.ide.mcu.externaltools.gnu-tools-for-stm32.13.3.rel1.win32_1.0.100.202509120712/tools/bin/../lib/gcc/arm-none-eabi/13.3.1/../../../../arm-none-eabi/lib/thumb/v7e-m+fp/hard\libc_nano.a(libc_a-nano-vfscanf_i.o)
                                  0x9 (size before relaxing)
 .rodata._ctype_
                0x080173e6      0x101 C:/ST/STM32CubeIDE_1.18.1/STM32CubeIDE/plugins/com.st.stm32cube.ide.mcu.externaltools.gnu-tools-for-stm32.13.3.rel1.win32_1.0.100.202509120712/tools/bin/../lib/gcc/arm-none-eabi/13.3.1/../../../../arm-none-eabi/lib/thumb/v7e-m+fp/hard\libc_nano.a(libc_a-ctype_.o)
                0x080173e6                _ctype_
                0x080174e8                        . = ALIGN (0x4)
 *fill*         0x080174e7        0x1 
 FILL mask 0xff

.ARM.extab      0x080174e8        0x0
                0x080174e8                        . = ALIGN (0x4)
 *(.ARM.extab* .gnu.linkonce.armextab.*)
                0x080174e8                        . = ALIGN (0x4)

.ARM            0x080174e8        0x8
                0x080174e8                        . = ALIGN (0x4)
                0x080174e8                        __exidx_start = .
 *(.ARM.exidx*)
 .ARM.exidx     0x080174e8        0x8 C:/ST/STM32CubeIDE_1.18.1/STM32CubeIDE/plugins/com.st.stm32cube.ide.mcu.externaltools.gnu-tools-for-stm32.13.3.rel1.win32_1.0.100.202509120712/tools/bin/../lib/gcc/arm-none-eabi/13.3.1/../../../../arm-none-eabi/lib/thumb/v7e-m+fp/hard\libc_nano.a(libc_a-strlen.o)
 .ARM.exidx     0x080174f0        0x0 C:/ST/STM32CubeIDE_1.18.1/STM32CubeIDE/plugins/com.st.stm32cube.ide.mcu.externaltools.gnu-tools-for-stm32.13.3.rel1.win32_1.0.100.202509120712/tools/bin/../lib/gcc/arm-none-eabi/13.3.1/../../../../arm-none-eabi/lib/thumb/v7e-m+fp/hard\libc_nano.a(libc_a-memchr.o)
                                  0x8 (size before relaxing)
 .ARM.exidx     0x080174f0        0x0 C:/ST/STM32CubeIDE_1.18.1/STM32CubeIDE/plugins/com.st.stm32cube.ide.mcu.externaltools.gnu-tools-for-stm32.13.3.rel1.win32_1.0.100.202509120712/tools/bin/../lib/gcc/arm-none-eabi/13.3.1/thumb/v7e-m+fp/hard\libgcc.a(_udivmoddi4.o)
                                  0x8 (size before relaxing)
                0x080174f0                        __exidx_end = .
                0x080174f0                        . = ALIGN (0x4)

.preinit_array  0x080174f0        0x0
                0x080174f0                        . = ALIGN (0x4)
                0x080174f0                        PROVIDE (__preinit_array_start = .)
 *(.preinit_array*)
                0x080174f0                        PROVIDE (__preinit_array_end = .)
                0x080174f0                        . = ALIGN (0x4)

.init_array     0x080174f0        0x4
                0x080174f0                        . = ALIGN (0x4)
                0x080174f0                        PROVIDE (__init_array_start = .)
 *(SORT_BY_NAME(.init_array.*))
 *(.init_array*)
 .init_array    0x080174f0        0x4 C:/ST/STM32CubeIDE_1.18.1/STM32CubeIDE/plugins/com.st.stm32cube.ide.mcu.externaltools.gnu-tools-for-stm32.13.3.rel1.win32_1.0.100.202509120712/tools/bin/../lib/gcc/arm-none-eabi/13.3.1/thumb/v7e-m+fp/hard/crtbegin.o
                0x080174f4                        PROVIDE (__init_array_end = .)
                0x080174f4                        . = ALIGN (0x4)

.fini_array     0x080174f4        0x4
                0x080174f4                        . = ALIGN (0x4)
                [!provide]                        PROVIDE (__fini_array_start = .)
 *(SORT_BY_NAME(.fini_array.*))
 *(.fini_array*)
 .fini_array    0x080174f4        0x4 C:/ST/STM32CubeIDE_1.18.1/STM32CubeIDE/plugins/com.st.stm32cube.ide.mcu.externaltools.gnu-tools-for-stm32.13.3.rel1.win32_1.0.100.202509120712/tools/bin/../lib/gcc/arm-none-eabi/13.3.1/thumb/v7e-m+fp/hard/crtbegin.o
                [!provide]                        PROVIDE (__fini_array_end = .)
                0x080174f8                        . = ALIGN (0x4)
                0x080174f8                        _sidata = LOADADDR (.data)

.data           0x20000000       0x7c load address 0x080174f8
                0x20000000                        . = ALIGN (0x4)
                0x20000000                        _sdata = .
 *(.data)
 *(.data*)
 .data.SystemCoreClock
                0x20000000        0x4 ./Core/Src/system_stm32f4xx.o
                0x20000000                SystemCoreClock
 .data.uwTickPrio
                0x20000004        0x4 ./Drivers/STM32F4xx_HAL_Driver/Src/stm32f4xx_hal.o
                0x20000004                uwTickPrio
 .data.uwTickFreq
                0x20000008        0x1 ./Drivers/STM32F4xx_HAL_Driver/Src/stm32f4xx_hal.o
                0x20000008                uwTickFreq
 *fill*         0x20000009        0x3 
 .data.pFlash   0x2000000c       0x20 ./Drivers/STM32F4xx_HAL_Driver/Src/stm32f4xx_hal_flash.o
                0x2000000c                pFlash
 .data._impure_ptr
                0x2000002c        0x4 C:/ST/STM32CubeIDE_1.18.1/STM32CubeIDE/plugins/com.st.stm32cube.ide.mcu.externaltools.gnu-tools-for-stm32.13.3.rel1.win32_1.0.100.202509120712/tools/bin/../lib/gcc/arm-none-eabi/13.3.1/../../../../arm-none-eabi/lib/thumb/v7e-m+fp/hard\libc_nano.a(libc_a-impure.o)
                0x2000002c                _impure_ptr
 .data._impure_data
                0x20000030       0x4c C:/ST/STM32CubeIDE_1.18.1/STM32CubeIDE/plugins/com.st.stm32cube.ide.mcu.externaltools.gnu-tools-for-stm32.13.3.rel1.win32_1.0.100.202509120712/tools/bin/../lib/gcc/arm-none-eabi/13.3.1/../../../../arm-none-eabi/lib/thumb/v7e-m+fp/hard\libc_nano.a(libc_a-impure.o)
                0x20000030                _impure_data
 *(.RamFunc)
 *(.RamFunc*)
                0x2000007c                        . = ALIGN (0x4)
                0x2000007c                        _edata = .

.igot.plt       0x2000007c        0x0 load address 0x08017574
 .igot.plt      0x2000007c        0x0 C:/ST/STM32CubeIDE_1.18.1/STM32CubeIDE/plugins/com.st.stm32cube.ide.mcu.externaltools.gnu-tools-for-stm32.13.3.rel1.win32_1.0.100.202509120712/tools/bin/../lib/gcc/arm-none-eabi/13.3.1/thumb/v7e-m+fp/hard/crtbegin.o

.app_metadata   0x08017578       0x58
                0x08017578                        . = ALIGN (0x8)
                0x08017578                        _app_metadata_start = .
 *(.app_metadata)
 .app_metadata  0x08017578       0x58 ./Core/Src/app_metadata.o
                0x08017578                app_metadata
                0x080175d0                        _app_metadata_end = .
                0x080175d0                        _flash_image_end = .
 FILL mask 0xff

.rel.dyn        0x080175d0        0x0
 .rel.iplt      0x080175d0        0x0 C:/ST/STM32CubeIDE_1.18.1/STM32CubeIDE/plugins/com.st.stm32cube.ide.mcu.externaltools.gnu-tools-for-stm32.13.3.rel1.win32_1.0.100.202509120712/tools/bin/../lib/gcc/arm-none-eabi/13.3.1/thumb/v7e-m+fp/hard/crtbegin.o
                0x080175d0                        . = ALIGN (0x4)

.bss            0x2000007c     0x1504
                0x2000007c                        _sbss = .
                0x2000007c                        __bss_start__ = _sbss
 *(.bss)
 .bss           0x2000007c       0x1c C:/ST/STM32CubeIDE_1.18.1/STM32CubeIDE/plugins/com.st.stm32cube.ide.mcu.externaltools.gnu-tools-for-stm32.13.3.rel1.win32_1.0.100.202509120712/tools/bin/../lib/gcc/arm-none-eabi/13.3.1/thumb/v7e-m+fp/hard/crtbegin.o
 *(.bss*)
 .bss.at_response_buffer
                0x20000098      0x100 ./Core/Src/at_command.o
 .bss.at_response_len
                0x20000198        0x2 ./Core/Src/at_command.o
 .bss.dl_state  0x2000019a        0x1 ./Core/Src/bootloader_download.o
 *fill*         0x2000019b        0x1 
 .bss.rx_buffer
                0x2000019c     0x1000 ./Core/Src/bootloader_download.o
 .bss.rx_head   0x2000119c        0x2 ./Core/Src/bootloader_download.o
 .bss.rx_count  0x2000119e        0x2 ./Core/Src/bootloader_download.o
 .bss.line_buffer
                0x200011a0       0x80 ./Core/Src/bootloader_download.o
 .bss.line_len  0x20001220        0x2 ./Core/Src/bootloader_download.o
 *fill*         0x20001222        0x2 
 .bss.download_size
                0x20001224        0x4 ./Core/Src/bootloader_download.o
 .bss.download_received
                0x20001228        0x4 ./Core/Src/bootloader_download.o
 .bss.expected_packet
                0x2000122c        0x2 ./Core/Src/bootloader_download.o
 .bss.downloading_bootloader
                0x2000122e        0x1 ./Core/Src/bootloader_download.o
 .bss.uart_rx_byte
                0x2000122f        0x1 ./Core/Src/bootloader_download.o
 .bss.pending_payload_size
                0x20001230        0x4 ./Core/Src/bootloader_download.o
 .bss.pending_payload_received
                0x20001234        0x4 ./Core/Src/bootloader_download.o
 .bss.flash_chunk_buf
                0x20001238      0x100 ./Core/Src/bootloader_download.o
 .bss.flash_chunk_len
                0x20001338        0x2 ./Core/Src/bootloader_download.o
 *fill*         0x2000133a        0x2 
 .bss.connect_start.0
                0x2000133c        0x4 ./Core/Src/bootloader_download.o
 .bss.huart1    0x20001340       0x78 ./Core/Src/main.o
                0x20001340                huart1
 .bss.huart2    0x200013b8       0x78 ./Core/Src/main.o
                0x200013b8                huart2
 .bss.__sbrk_heap_end
                0x20001430        0x4 ./Core/Src/sysmem.o
 .bss.uwTick    0x20001434        0x4 ./Drivers/STM32F4xx_HAL_Driver/Src/stm32f4xx_hal.o
                0x20001434                uwTick
 .bss.__sf      0x20001438      0x138 C:/ST/STM32CubeIDE_1.18.1/STM32CubeIDE/plugins/com.st.stm32cube.ide.mcu.externaltools.gnu-tools-for-stm32.13.3.rel1.win32_1.0.100.202509120712/tools/bin/../lib/gcc/arm-none-eabi/13.3.1/../../../../arm-none-eabi/lib/thumb/v7e-m+fp/hard\libc_nano.a(libc_a-findfp.o)
                0x20001438                __sf
 .bss.errno     0x20001570        0x4 C:/ST/STM32CubeIDE_1.18.1/STM32CubeIDE/plugins/com.st.stm32cube.ide.mcu.externaltools.gnu-tools-for-stm32.13.3.rel1.win32_1.0.100.202509120712/tools/bin/../lib/gcc/arm-none-eabi/13.3.1/../../../../arm-none-eabi/lib/thumb/v7e-m+fp/hard\libc_nano.a(libc_a-reent.o)
                0x20001570                errno
 .bss.__lock___malloc_recursive_mutex
                0x20001574        0x1 C:/ST/STM32CubeIDE_1.18.1/STM32CubeIDE/plugins/com.st.stm32cube.ide.mcu.externaltools.gnu-tools-for-stm32.13.3.rel1.win32_1.0.100.202509120712/tools/bin/../lib/gcc/arm-none-eabi/13.3.1/../../../../arm-none-eabi/lib/thumb/v7e-m+fp/hard\libc_nano.a(libc_a-lock.o)
                0x20001574                __lock___malloc_recursive_mutex
 *fill*         0x20001575        0x3 
 .bss.__malloc_sbrk_start
                0x20001578        0x4 C:/ST/STM32CubeIDE_1.18.1/STM32CubeIDE/plugins/com.st.stm32cube.ide.mcu.externaltools.gnu-tools-for-stm32.13.3.rel1.win32_1.0.100.202509120712/tools/bin/../lib/gcc/arm-none-eabi/13.3.1/../../../../arm-none-eabi/lib/thumb/v7e-m+fp/hard\libc_nano.a(libc_a-mallocr.o)
                0x20001578                __malloc_sbrk_start
 .bss.__malloc_free_list
                0x2000157c        0x4 C:/ST/STM32CubeIDE_1.18.1/STM32CubeIDE/plugins/com.st.stm32cube.ide.mcu.externaltools.gnu-tools-for-stm32.13.3.rel1.win32_1.0.100.202509120712/tools/bin/../lib/gcc/arm-none-eabi/13.3.1/../../../../arm-none-eabi/lib/thumb/v7e-m+fp/hard\libc_nano.a(libc_a-mallocr.o)
                0x2000157c                __malloc_free_list
 *(COMMON)
                0x20001580                        . = ALIGN (0x4)
                0x20001580                        _ebss = .
                0x20001580                        __bss_end__ = _ebss

._user_heap_stack
                0x20001580      0xa00
                0x20001580                        . = ALIGN (0x8)
                [!provide]                        PROVIDE (end = .)
                0x20001580                        PROVIDE (_end = .)
                0x20001b80                        . = (. + _Min_Heap_Size)
 *fill*         0x20001580      0x600 
                0x20001f80                        . = (. + _Min_Stack_Size)
 *fill*         0x20001b80      0x400 
                0x20001f80                        . = ALIGN (0x8)

/DISCARD/
 libc.a(*)
 libm.a(*)
 libgcc.a(*)

.ARM.attributes
                0x00000000       0x30
 *(.ARM.attributes)
 .ARM.attributes
                0x00000000       0x22 C:/ST/STM32CubeIDE_1.18.1/STM32CubeIDE/plugins/com.st.stm32cube.ide.mcu.externaltools.gnu-tools-for-stm32.13.3.rel1.win32_1.0.100.202509120712/tools/bin/../lib/gcc/arm-none-eabi/13.3.1/thumb/v7e-m+fp/hard/crti.o
 .ARM.attributes
                0x00000022       0x34 C:/ST/STM32CubeIDE_1.18.1/STM32CubeIDE/plugins/com.st.stm32cube.ide.mcu.externaltools.gnu-tools-for-stm32.13.3.rel1.win32_1.0.100.202509120712/tools/bin/../lib/gcc/arm-none-eabi/13.3.1/thumb/v7e-m+fp/hard/crtbegin.o
 .ARM.attributes
                0x00000056       0x34 ./Core/Src/app_metadata.o
 .ARM.attributes
                0x0000008a       0x34 ./Core/Src/at_command.o
 .ARM.attributes
                0x000000be       0x34 ./Core/Src/bootloader_download.o
 .ARM.attributes
                0x000000f2       0x34 ./Core/Src/bootloader_logic.o
 .ARM.attributes
                0x00000126       0x34 ./Core/Src/flash_ops.o
 .ARM.attributes
                0x0000015a       0x34 ./Core/Src/main.o
 .ARM.attributes
                0x0000018e       0x34 ./Core/Src/sha256.o
 .ARM.attributes
                0x000001c2       0x34 ./Core/Src/stm32f4xx_hal_msp.o
 .ARM.attributes
                0x000001f6       0x34 ./Core/Src/stm32f4xx_it.o
 .ARM.attributes
                0x0000022a       0x34 ./Core/Src/sysmem.o
 .ARM.attributes
                0x0000025e       0x34 ./Core/Src/system_stm32f4xx.o
 .ARM.attributes
                0x00000292       0x21 ./Core/Startup/startup_stm32f401retx.o
 .ARM.attributes
                0x000002b3       0x34 ./Drivers/STM32F4xx_HAL_Driver/Src/stm32f4xx_hal.o
 .ARM.attributes
                0x000002e7       0x34 ./Drivers/STM32F4xx_HAL_Driver/Src/stm32f4xx_hal_cortex.o
 .ARM.attributes
                0x0000031b       0x34 ./Drivers/STM32F4xx_HAL_Driver/Src/stm32f4xx_hal_dma.o
 .ARM.attributes
                0x0000034f       0x34 ./Drivers/STM32F4xx_HAL_Driver/Src/stm32f4xx_hal_flash.o
 .ARM.attributes
                0x00000383       0x34 ./Drivers/STM32F4xx_HAL_Driver/Src/stm32f4xx_hal_flash_ex.o
 .ARM.attributes
                0x000003b7       0x34 ./Drivers/STM32F4xx_HAL_Driver/Src/stm32f4xx_hal_gpio.o
 .ARM.attributes
                0x000003eb       0x34 ./Drivers/STM32F4xx_HAL_Driver/Src/stm32f4xx_hal_rcc.o
 .ARM.attributes
                0x0000041f       0x34 ./Drivers/STM32F4xx_HAL_Driver/Src/stm32f4xx_hal_uart.o
 .ARM.attributes
                0x00000453       0x34 C:/ST/STM32CubeIDE_1.18.1/STM32CubeIDE/plugins/com.st.stm32cube.ide.mcu.externaltools.gnu-tools-for-stm32.13.3.rel1.win32_1.0.100.202509120712/tools/bin/../lib/gcc/arm-none-eabi/13.3.1/../../../../arm-none-eabi/lib/thumb/v7e-m+fp/hard\libc_nano.a(libc_a-findfp.o)
 .ARM.attributes
                0x00000487       0x34 C:/ST/STM32CubeIDE_1.18.1/STM32CubeIDE/plugins/com.st.stm32cube.ide.mcu.externaltools.gnu-tools-for-stm32.13.3.rel1.win32_1.0.100.202509120712/tools/bin/../lib/gcc/arm-none-eabi/13.3.1/../../../../arm-none-eabi/lib/thumb/v7e-m+fp/hard\libc_nano.a(libc_a-snprintf.o)
 .ARM.attributes
                0x000004bb       0x34 C:/ST/STM32CubeIDE_1.18.1/STM32CubeIDE/plugins/com.st.stm32cube.ide.mcu.externaltools.gnu-tools-for-stm32.13.3.rel1.win32_1.0.100.202509120712/tools/bin/../lib/gcc/arm-none-eabi/13.3.1/../../../../arm-none-eabi/lib/thumb/v7e-m+fp/hard\libc_nano.a(libc_a-sscanf.o)
 .ARM.attributes
                0x000004ef       0x34 C:/ST/STM32CubeIDE_1.18.1/STM32CubeIDE/plugins/com.st.stm32cube.ide.mcu.externaltools.gnu-tools-for-stm32.13.3.rel1.win32_1.0.100.202509120712/tools/bin/../lib/gcc/arm-none-eabi/13.3.1/../../../../arm-none-eabi/lib/thumb/v7e-m+fp/hard\libc_nano.a(libc_a-stdio.o)
 .ARM.attributes
                0x00000523       0x34 C:/ST/STM32CubeIDE_1.18.1/STM32CubeIDE/plugins/com.st.stm32cube.ide.mcu.externaltools.gnu-tools-for-stm32.13.3.rel1.win32_1.0.100.202509120712/tools/bin/../lib/gcc/arm-none-eabi/13.3.1/../../../../arm-none-eabi/lib/thumb/v7e-m+fp/hard\libc_nano.a(libc_a-memcmp.o)
 .ARM.attributes
                0x00000557       0x34 C:/ST/STM32CubeIDE_1.18.1/STM32CubeIDE/plugins/com.st.stm32cube.ide.mcu.externaltools.gnu-tools-for-stm32.13.3.rel1.win32_1.0.100.202509120712/tools/bin/../lib/gcc/arm-none-eabi/13.3.1/../../../../arm-none-eabi/lib/thumb/v7e-m+fp/hard\libc_nano.a(libc_a-memset.o)
 .ARM.attributes
                0x0000058b       0x34 C:/ST/STM32CubeIDE_1.18.1/STM32CubeIDE/plugins/com.st.stm32cube.ide.mcu.externaltools.gnu-tools-for-stm32.13.3.rel1.win32_1.0.100.202509120712/tools/bin/../lib/gcc/arm-none-eabi/13.3.1/../../../../arm-none-eabi/lib/thumb/v7e-m+fp/hard\libc_nano.a(libc_a-strncmp.o)
 .ARM.attributes
                0x000005bf       0x34 C:/ST/STM32CubeIDE_1.18.1/STM32CubeIDE/plugins/com.st.stm32cube.ide.mcu.externaltools.gnu-tools-for-stm32.13.3.rel1.win32_1.0.100.202509120712/tools/bin/../lib/gcc/arm-none-eabi/13.3.1/../../../../arm-none-eabi/lib/thumb/v7e-m+fp/hard\libc_nano.a(libc_a-strncpy.o)
 .ARM.attributes
                0x000005f3       0x34 C:/ST/STM32CubeIDE_1.18.1/STM32CubeIDE/plugins/com.st.stm32cube.ide.mcu.externaltools.gnu-tools-for-stm32.13.3.rel1.win32_1.0.100.202509120712/tools/bin/../lib/gcc/arm-none-eabi/13.3.1/../../../../arm-none-eabi/lib/thumb/v7e-m+fp/hard\libc_nano.a(libc_a-strstr.o)
 .ARM.attributes
                0x00000627       0x34 C:/ST/STM32CubeIDE_1.18.1/STM32CubeIDE/plugins/com.st.stm32cube.ide.mcu.externaltools.gnu-tools-for-stm32.13.3.rel1.win32_1.0.100.202509120712/tools/bin/../lib/gcc/arm-none-eabi/13.3.1/../../../../arm-none-eabi/lib/thumb/v7e-m+fp/hard\libc_nano.a(libc_a-reent.o)
 .ARM.attributes
                0x0000065b       0x34 C:/ST/STM32CubeIDE_1.18.1/STM32CubeIDE/plugins/com.st.stm32cube.ide.mcu.externaltools.gnu-tools-for-stm32.13.3.rel1.win32_1.0.100.202509120712/tools/bin/../lib/gcc/arm-none-eabi/13.3.1/../../../../arm-none-eabi/lib/thumb/v7e-m+fp/hard\libc_nano.a(libc_a-impure.o)
 .ARM.attributes
                0x0000068f       0x34 C:/ST/STM32CubeIDE_1.18.1/STM32CubeIDE/plugins/com.st.stm32cube.ide.mcu.externaltools.gnu-tools-for-stm32.13.3.rel1.win32_1.0.100.202509120712/tools/bin/../lib/gcc/arm-none-eabi/13.3.1/../../../../arm-none-eabi/lib/thumb/v7e-m+fp/hard\libc_nano.a(libc_a-errno.o)
 .ARM.attributes
                0x000006c3       0x34 C:/ST/STM32CubeIDE_1.18.1/STM32CubeIDE/plugins/com.st.stm32cube.ide.mcu.externaltools.gnu-tools-for-stm32.13.3.rel1.win32_1.0.100.202509120712/tools/bin/../lib/gcc/arm-none-eabi/13.3.1/../../../../arm-none-eabi/lib/thumb/v7e-m+fp/hard\libc_nano.a(libc_a-init.o)
 .ARM.attributes
                0x000006f7       0x34 C:/ST/STM32CubeIDE_1.18.1/STM32CubeIDE/plugins/com.st.stm32cube.ide.mcu.externaltools.gnu-tools-for-stm32.13.3.rel1.win32_1.0.100.202509120712/tools/bin/../lib/gcc/arm-none-eabi/13.3.1/../../../../arm-none-eabi/lib/thumb/v7e-m+fp/hard\libc_nano.a(libc_a-lock.o)
 .ARM.attributes
                0x0000072b       0x34 C:/ST/STM32CubeIDE_1.18.1/STM32CubeIDE/plugins/com.st.stm32cube.ide.mcu.externaltools.gnu-tools-for-stm32.13.3.rel1.win32_1.0.100.202509120712/tools/bin/../lib/gcc/arm-none-eabi/13.3.1/../../../../arm-none-eabi/lib/thumb/v7e-m+fp/hard\libc_nano.a(libc_a-memcpy-stub.o)
 .ARM.attributes
                0x0000075f       0x17 C:/ST/STM32CubeIDE_1.18.1/STM32CubeIDE/plugins/com.st.stm32cube.ide.mcu.externaltools.gnu-tools-for-stm32.13.3.rel1.win32_1.0.100.202509120712/tools/bin/../lib/gcc/arm-none-eabi/13.3.1/../../../../arm-none-eabi/lib/thumb/v7e-m+fp/hard\libc_nano.a(libc_a-strlen.o)
 .ARM.attributes
                0x00000776       0x34 C:/ST/STM32CubeIDE_1.18.1/STM32CubeIDE/plugins/com.st.stm32cube.ide.mcu.externaltools.gnu-tools-for-stm32.13.3.rel1.win32_1.0.100.202509120712/tools/bin/../lib/gcc/arm-none-eabi/13.3.1/../../../../arm-none-eabi/lib/thumb/v7e-m+fp/hard\libc_nano.a(libc_a-freer.o)
 .ARM.attributes
                0x000007aa       0x34 C:/ST/STM32CubeIDE_1.18.1/STM32CubeIDE/plugins/com.st.stm32cube.ide.mcu.externaltools.gnu-tools-for-stm32.13.3.rel1.win32_1.0.100.202509120712/tools/bin/../lib/gcc/arm-none-eabi/13.3.1/../../../../arm-none-eabi/lib/thumb/v7e-m+fp/hard\libc_nano.a(libc_a-mallocr.o)
 .ARM.attributes
                0x000007de       0x34 C:/ST/STM32CubeIDE_1.18.1/STM32CubeIDE/plugins/com.st.stm32cube.ide.mcu.externaltools.gnu-tools-for-stm32.13.3.rel1.win32_1.0.100.202509120712/tools/bin/../lib/gcc/arm-none-eabi/13.3.1/../../../../arm-none-eabi/lib/thumb/v7e-m+fp/hard\libc_nano.a(libc_a-mlock.o)
 .ARM.attributes
                0x00000812       0x34 C:/ST/STM32CubeIDE_1.18.1/STM32CubeIDE/plugins/com.st.stm32cube.ide.mcu.externaltools.gnu-tools-for-stm32.13.3.rel1.win32_1.0.100.202509120712/tools/bin/../lib/gcc/arm-none-eabi/13.3.1/../../../../arm-none-eabi/lib/thumb/v7e-m+fp/hard\libc_nano.a(libc_a-nano-svfprintf.o)
 .ARM.attributes
                0x00000846       0x34 C:/ST/STM32CubeIDE_1.18.1/STM32CubeIDE/plugins/com.st.stm32cube.ide.mcu.externaltools.gnu-tools-for-stm32.13.3.rel1.win32_1.0.100.202509120712/tools/bin/../lib/gcc/arm-none-eabi/13.3.1/../../../../arm-none-eabi/lib/thumb/v7e-m+fp/hard\libc_nano.a(libc_a-nano-svfscanf.o)
 .ARM.attributes
                0x0000087a       0x34 C:/ST/STM32CubeIDE_1.18.1/STM32CubeIDE/plugins/com.st.stm32cube.ide.mcu.externaltools.gnu-tools-for-stm32.13.3.rel1.win32_1.0.100.202509120712/tools/bin/../lib/gcc/arm-none-eabi/13.3.1/../../../../arm-none-eabi/lib/thumb/v7e-m+fp/hard\libc_nano.a(libc_a-nano-vfprintf_i.o)
 .ARM.attributes
                0x000008ae       0x34 C:/ST/STM32CubeIDE_1.18.1/STM32CubeIDE/plugins/com.st.stm32cube.ide.mcu.externaltools.gnu-tools-for-stm32.13.3.rel1.win32_1.0.100.202509120712/tools/bin/../lib/gcc/arm-none-eabi/13.3.1/../../../../arm-none-eabi/lib/thumb/v7e-m+fp/hard\libc_nano.a(libc_a-nano-vfscanf_i.o)
 .ARM.attributes
                0x000008e2       0x34 C:/ST/STM32CubeIDE_1.18.1/STM32CubeIDE/plugins/com.st.stm32cube.ide.mcu.externaltools.gnu-tools-for-stm32.13.3.rel1.win32_1.0.100.202509120712/tools/bin/../lib/gcc/arm-none-eabi/13.3.1/../../../../arm-none-eabi/lib/thumb/v7e-m+fp/hard\libc_nano.a(libc_a-sccl.o)
 .ARM.attributes
                0x00000916       0x34 C:/ST/STM32CubeIDE_1.18.1/STM32CubeIDE/plugins/com.st.stm32cube.ide.mcu.externaltools.gnu-tools-for-stm32.13.3.rel1.win32_1.0.100.202509120712/tools/bin/../lib/gcc/arm-none-eabi/13.3.1/../../../../arm-none-eabi/lib/thumb/v7e-m+fp/hard\libc_nano.a(libc_a-ungetc.o)
 .ARM.attributes
                0x0000094a       0x34 C:/ST/STM32CubeIDE_1.18.1/STM32CubeIDE/plugins/com.st.stm32cube.ide.mcu.externaltools.gnu-tools-for-stm32.13.3.rel1.win32_1.0.100.202509120712/tools/bin/../lib/gcc/arm-none-eabi/13.3.1/../../../../arm-none-eabi/lib/thumb/v7e-m+fp/hard\libc_nano.a(libc_a-memmove.o)
 .ARM.attributes
                0x0000097e       0x34 C:/ST/STM32CubeIDE_1.18.1/STM32CubeIDE/plugins/com.st.stm32cube.ide.mcu.externaltools.gnu-tools-for-stm32.13.3.rel1.win32_1.0.100.202509120712/tools/bin/../lib/gcc/arm-none-eabi/13.3.1/../../../../arm-none-eabi/lib/thumb/v7e-m+fp/hard\libc_nano.a(libc_a-sbrkr.o)
 .ARM.attributes
                0x000009b2       0x1c C:/ST/STM32CubeIDE_1.18.1/STM32CubeIDE/plugins/com.st.stm32cube.ide.mcu.externaltools.gnu-tools-for-stm32.13.3.rel1.win32_1.0.100.202509120712/tools/bin/../lib/gcc/arm-none-eabi/13.3.1/../../../../arm-none-eabi/lib/thumb/v7e-m+fp/hard\libc_nano.a(libc_a-memchr.o)
 .ARM.attributes
                0x000009ce       0x34 C:/ST/STM32CubeIDE_1.18.1/STM32CubeIDE/plugins/com.st.stm32cube.ide.mcu.externaltools.gnu-tools-for-stm32.13.3.rel1.win32_1.0.100.202509120712/tools/bin/../lib/gcc/arm-none-eabi/13.3.1/../../../../arm-none-eabi/lib/thumb/v7e-m+fp/hard\libc_nano.a(libc_a-reallocr.o)
 .ARM.attributes
                0x00000a02       0x34 C:/ST/STM32CubeIDE_1.18.1/STM32CubeIDE/plugins/com.st.stm32cube.ide.mcu.externaltools.gnu-tools-for-stm32.13.3.rel1.win32_1.0.100.202509120712/tools/bin/../lib/gcc/arm-none-eabi/13.3.1/../../../../arm-none-eabi/lib/thumb/v7e-m+fp/hard\libc_nano.a(libc_a-strtol.o)
 .ARM.attributes
                0x00000a36       0x34 C:/ST/STM32CubeIDE_1.18.1/STM32CubeIDE/plugins/com.st.stm32cube.ide.mcu.externaltools.gnu-tools-for-stm32.13.3.rel1.win32_1.0.100.202509120712/tools/bin/../lib/gcc/arm-none-eabi/13.3.1/../../../../arm-none-eabi/lib/thumb/v7e-m+fp/hard\libc_nano.a(libc_a-strtoul.o)
 .ARM.attributes
                0x00000a6a       0x34 C:/ST/STM32CubeIDE_1.18.1/STM32CubeIDE/plugins/com.st.stm32cube.ide.mcu.externaltools.gnu-tools-for-stm32.13.3.rel1.win32_1.0.100.202509120712/tools/bin/../lib/gcc/arm-none-eabi/13.3.1/../../../../arm-none-eabi/lib/thumb/v7e-m+fp/hard\libc_nano.a(libc_a-ctype_.o)
 .ARM.attributes
                0x00000a9e       0x34 C:/ST/STM32CubeIDE_1.18.1/STM32CubeIDE/plugins/com.st.stm32cube.ide.mcu.externaltools.gnu-tools-for-stm32.13.3.rel1.win32_1.0.100.202509120712/tools/bin/../lib/gcc/arm-none-eabi/13.3.1/../../../../arm-none-eabi/lib/thumb/v7e-m+fp/hard\libc_nano.a(libc_a-msizer.o)
 .ARM.attributes
                0x00000ad2       0x22 C:/ST/STM32CubeIDE_1.18.1/STM32CubeIDE/plugins/com.st.stm32cube.ide.mcu.externaltools.gnu-tools-for-stm32.13.3.rel1.win32_1.0.100.202509120712/tools/bin/../lib/gcc/arm-none-eabi/13.3.1/thumb/v7e-m+fp/hard\libgcc.a(_aeabi_uldivmod.o)
 .ARM.attributes
                0x00000af4       0x34 C:/ST/STM32CubeIDE_1.18.1/STM32CubeIDE/plugins/com.st.stm32cube.ide.mcu.externaltools.gnu-tools-for-stm32.13.3.rel1.win32_1.0.100.202509120712/tools/bin/../lib/gcc/arm-none-eabi/13.3.1/thumb/v7e-m+fp/hard\libgcc.a(_udivmoddi4.o)
 .ARM.attributes
                0x00000b28       0x22 C:/ST/STM32CubeIDE_1.18.1/STM32CubeIDE/plugins/com.st.stm32cube.ide.mcu.externaltools.gnu-tools-for-stm32.13.3.rel1.win32_1.0.100.202509120712/tools/bin/../lib/gcc/arm-none-eabi/13.3.1/thumb/v7e-m+fp/hard\libgcc.a(_dvmd_tls.o)
 .ARM.attributes
                0x00000b4a       0x22 C:/ST/STM32CubeIDE_1.18.1/STM32CubeIDE/plugins/com.st.stm32cube.ide.mcu.externaltools.gnu-tools-for-stm32.13.3.rel1.win32_1.0.100.202509120712/tools/bin/../lib/gcc/arm-none-eabi/13.3.1/thumb/v7e-m+fp/hard/crtn.o
OUTPUT(well-monitor-2-bootloader.elf elf32-littlearm)
LOAD linker stubs
LOAD C:/ST/STM32CubeIDE_1.18.1/STM32CubeIDE/plugins/com.st.stm32cube.ide.mcu.externaltools.gnu-tools-for-stm32.13.3.rel1.win32_1.0.100.202509120712/tools/bin/../lib/gcc/arm-none-eabi/13.3.1/../../../../arm-none-eabi/lib/thumb/v7e-m+fp/hard\libc.a
LOAD C:/ST/STM32CubeIDE_1.18.1/STM32CubeIDE/plugins/com.st.stm32cube.ide.mcu.externaltools.gnu-tools-for-stm32.13.3.rel1.win32_1.0.100.202509120712/tools/bin/../lib/gcc/arm-none-eabi/13.3.1/../../../../arm-none-eabi/lib/thumb/v7e-m+fp/hard\libm.a
LOAD C:/ST/STM32CubeIDE_1.18.1/STM32CubeIDE/plugins/com.st.stm32cube.ide.mcu.externaltools.gnu-tools-for-stm32.13.3.rel1.win32_1.0.100.202509120712/tools/bin/../lib/gcc/arm-none-eabi/13.3.1/thumb/v7e-m+fp/hard\libgcc.a

.debug_info     0x00000000     0xc3d6
 .debug_info    0x00000000       0xae ./Core/Src/app_metadata.o
 .debug_info    0x000000ae      0x977 ./Core/Src/at_command.o
 .debug_info    0x00000a25     0x1463 ./Core/Src/bootloader_download.o
 .debug_info    0x00001e88      0x6fe ./Core/Src/bootloader_logic.o
 .debug_info    0x00002586      0x48f ./Core/Src/flash_ops.o
 .debug_info    0x00002a15      0xd23 ./Core/Src/main.o
 .debug_info    0x00003738      0x3da ./Core/Src/sha256.o
 .debug_info    0x00003b12      0xbf1 ./Core/Src/stm32f4xx_hal_msp.o
 .debug_info    0x00004703      0x706 ./Core/Src/stm32f4xx_it.o
 .debug_info    0x00004e09      0x168 ./Core/Src/sysmem.o
 .debug_info    0x00004f71      0x53e ./Core/Src/system_stm32f4xx.o
 .debug_info    0x000054af       0x30 ./Core/Startup/startup_stm32f401retx.o
 .debug_info    0x000054df      0x8f5 ./Drivers/STM32F4xx_HAL_Driver/Src/stm32f4xx_hal.o
 .debug_info    0x00005dd4      0xd2b ./Drivers/STM32F4xx_HAL_Driver/Src/stm32f4xx_hal_cortex.o
 .debug_info    0x00006aff      0x903 ./Drivers/STM32F4xx_HAL_Driver/Src/stm32f4xx_hal_dma.o
 .debug_info    0x00007402      0x5a7 ./Drivers/STM32F4xx_HAL_Driver/Src/stm32f4xx_hal_flash.o
 .debug_info    0x000079a9      0x7f5 ./Drivers/STM32F4xx_HAL_Driver/Src/stm32f4xx_hal_flash_ex.o
 .debug_info    0x0000819e      0x712 ./Drivers/STM32F4xx_HAL_Driver/Src/stm32f4xx_hal_gpio.o
 .debug_info    0x000088b0      0x922 ./Drivers/STM32F4xx_HAL_Driver/Src/stm32f4xx_hal_rcc.o
 .debug_info    0x000091d2     0x3204 ./Drivers/STM32F4xx_HAL_Driver/Src/stm32f4xx_hal_uart.o

.debug_abbrev   0x00000000     0x27fa
 .debug_abbrev  0x00000000       0x66 ./Core/Src/app_metadata.o
 .debug_abbrev  0x00000066      0x1f9 ./Core/Src/at_command.o
 .debug_abbrev  0x0000025f      0x3f0 ./Core/Src/bootloader_download.o
 .debug_abbrev  0x0000064f      0x262 ./Core/Src/bootloader_logic.o
 .debug_abbrev  0x000008b1      0x189 ./Core/Src/flash_ops.o
 .debug_abbrev  0x00000a3a      0x293 ./Core/Src/main.o
 .debug_abbrev  0x00000ccd      0x145 ./Core/Src/sha256.o
 .debug_abbrev  0x00000e12      0x1cb ./Core/Src/stm32f4xx_hal_msp.o
 .debug_abbrev  0x00000fdd      0x182 ./Core/Src/stm32f4xx_it.o
 .debug_abbrev  0x0000115f       0xbc ./Core/Src/sysmem.o
 .debug_abbrev  0x0000121b      0x11a ./Core/Src/system_stm32f4xx.o
 .debug_abbrev  0x00001335       0x24 ./Core/Startup/startup_stm32f401retx.o
 .debug_abbrev  0x00001359      0x252 ./Drivers/STM32F4xx_HAL_Driver/Src/stm32f4xx_hal.o
 .debug_abbrev  0x000015ab      0x339 ./Drivers/STM32F4xx_HAL_Driver/Src/stm32f4xx_hal_cortex.o
 .debug_abbrev  0x000018e4      0x236 ./Drivers/STM32F4xx_HAL_Driver/Src/stm32f4xx_hal_dma.o
 .debug_abbrev  0x00001b1a      0x285 ./Drivers/STM32F4xx_HAL_Driver/Src/stm32f4xx_hal_flash.o
 .debug_abbrev  0x00001d9f      0x271 ./Drivers/STM32F4xx_HAL_Driver/Src/stm32f4xx_hal_flash_ex.o
 .debug_abbrev  0x00002010      0x1f0 ./Drivers/STM32F4xx_HAL_Driver/Src/stm32f4xx_hal_gpio.o
 .debug_abbrev  0x00002200      0x2cb ./Drivers/STM32F4xx_HAL_Driver/Src/stm32f4xx_hal_rcc.o
 .debug_abbrev  0x000024cb      0x32f ./Drivers/STM32F4xx_HAL_Driver/Src/stm32f4xx_hal_uart.o

.debug_aranges  0x00000000      0xaa8
 .debug_aranges
                0x00000000       0x18 ./Core/Src/app_metadata.o
 .debug_aranges
                0x00000018       0x58 ./Core/Src/at_command.o
 .debug_aranges
                0x00000070       0xc0 ./Core/Src/bootloader_download.o
 .debug_aranges
                0x00000130       0x68 ./Core/Src/bootloader_logic.o
 .debug_aranges
                0x00000198       0x48 ./Core/Src/flash_ops.o
 .debug_aranges
                0x000001e0       0x50 ./Core/Src/main.o
 .debug_aranges
                0x00000230       0x48 ./Core/Src/sha256.o
 .debug_aranges
                0x00000278       0x30 ./Core/Src/stm32f4xx_hal_msp.o
 .debug_aranges
                0x000002a8       0x68 ./Core/Src/stm32f4xx_it.o
 .debug_aranges
                0x00000310       0x20 ./Core/Src/sysmem.o
 .debug_aranges
                0x00000330       0x28 ./Core/Src/system_stm32f4xx.o
 .debug_aranges
                0x00000358       0x28 ./Core/Startup/startup_stm32f401retx.o
 .debug_aranges
                0x00000380       0xf0 ./Drivers/STM32F4xx_HAL_Driver/Src/stm32f4xx_hal.o
 .debug_aranges
                0x00000470      0x130 ./Drivers/STM32F4xx_HAL_Driver/Src/stm32f4xx_hal_cortex.o
 .debug_aranges
                0x000005a0       0x90 ./Drivers/STM32F4xx_HAL_Driver/Src/stm32f4xx_hal_dma.o
 .debug_aranges
                0x00000630       0xa0 ./Drivers/STM32F4xx_HAL_Driver/Src/stm32f4xx_hal_flash.o
 .debug_aranges
                0x000006d0       0xc8 ./Drivers/STM32F4xx_HAL_Driver/Src/stm32f4xx_hal_flash_ex.o
 .debug_aranges
                0x00000798       0x58 ./Drivers/STM32F4xx_HAL_Driver/Src/stm32f4xx_hal_gpio.o
 .debug_aranges
                0x000007f0       0x88 ./Drivers/STM32F4xx_HAL_Driver/Src/stm32f4xx_hal_rcc.o
 .debug_aranges
                0x00000878      0x230 ./Drivers/STM32F4xx_HAL_Driver/Src/stm32f4xx_hal_uart.o

.debug_macro    0x00000000    0x1696a
 .debug_macro   0x00000000       0x63 ./Core/Src/app_metadata.o
 .debug_macro   0x00000063      0xad8 ./Core/Src/app_metadata.o
 .debug_macro   0x00000b3b       0x22 ./Core/Src/app_metadata.o
 .debug_macro   0x00000b5d       0x8e ./Core/Src/app_metadata.o
 .debug_macro   0x00000beb       0x51 ./Core/Src/app_metadata.o
 .debug_macro   0x00000c3c      0x103 ./Core/Src/app_metadata.o
 .debug_macro   0x00000d3f       0x6a ./Core/Src/app_metadata.o
 .debug_macro   0x00000da9      0x1df ./Core/Src/app_metadata.o
 .debug_macro   0x00000f88      0x2e7 ./Core/Src/at_command.o
 .debug_macro   0x0000126f      0x29c ./Core/Src/at_command.o
 .debug_macro   0x0000150b       0x2e ./Core/Src/at_command.o
 .debug_macro   0x00001539       0x28 ./Core/Src/at_command.o
 .debug_macro   0x00001561       0x1c ./Core/Src/at_command.o
 .debug_macro   0x0000157d       0x22 ./Core/Src/at_command.o
 .debug_macro   0x0000159f       0xfb ./Core/Src/at_command.o
 .debug_macro   0x0000169a     0x1011 ./Core/Src/at_command.o
 .debug_macro   0x000026ab      0x11f ./Core/Src/at_command.o
 .debug_macro   0x000027ca     0xb881 ./Core/Src/at_command.o
 .debug_macro   0x0000e04b       0x6d ./Core/Src/at_command.o
 .debug_macro   0x0000e0b8     0x3693 ./Core/Src/at_command.o
 .debug_macro   0x0001174b      0x190 ./Core/Src/at_command.o
 .debug_macro   0x000118db       0x5c ./Core/Src/at_command.o
 .debug_macro   0x00011937      0x416 ./Core/Src/at_command.o
 .debug_macro   0x00011d4d      0x9e9 ./Core/Src/at_command.o
 .debug_macro   0x00012736      0x115 ./Core/Src/at_command.o
 .debug_macro   0x0001284b       0xf8 ./Core/Src/at_command.o
 .debug_macro   0x00012943       0xa5 ./Core/Src/at_command.o
 .debug_macro   0x000129e8      0x15f ./Core/Src/at_command.o
 .debug_macro   0x00012b47      0x287 ./Core/Src/at_command.o
 .debug_macro   0x00012dce       0x5f ./Core/Src/at_command.o
 .debug_macro   0x00012e2d      0x236 ./Core/Src/at_command.o
 .debug_macro   0x00013063      0x132 ./Core/Src/at_command.o
 .debug_macro   0x00013195      0x264 ./Core/Src/at_command.o
 .debug_macro   0x000133f9       0x2e ./Core/Src/at_command.o
 .debug_macro   0x00013427      0x127 ./Core/Src/at_command.o
 .debug_macro   0x0001354e       0x85 ./Core/Src/at_command.o
 .debug_macro   0x000135d3       0x89 ./Core/Src/at_command.o
 .debug_macro   0x0001365c      0x2b1 ./Core/Src/at_command.o
 .debug_macro   0x0001390d      0x126 ./Core/Src/at_command.o
 .debug_macro   0x00013a33       0xac ./Core/Src/at_command.o
 .debug_macro   0x00013adf       0x22 ./Core/Src/at_command.o
 .debug_macro   0x00013b01       0x10 ./Core/Src/at_command.o
 .debug_macro   0x00013b11       0x61 ./Core/Src/at_command.o
 .debug_macro   0x00013b72       0x2a ./Core/Src/at_command.o
 .debug_macro   0x00013b9c       0x43 ./Core/Src/at_command.o
 .debug_macro   0x00013bdf       0x34 ./Core/Src/at_command.o
 .debug_macro   0x00013c13      0x370 ./Core/Src/at_command.o
 .debug_macro   0x00013f83       0x16 ./Core/Src/at_command.o
 .debug_macro   0x00013f99       0x4a ./Core/Src/at_command.o
 .debug_macro   0x00013fe3       0x34 ./Core/Src/at_command.o
 .debug_macro   0x00014017       0x10 ./Core/Src/at_command.o
 .debug_macro   0x00014027       0x58 ./Core/Src/at_command.o
 .debug_macro   0x0001407f       0x8e ./Core/Src/at_command.o
 .debug_macro   0x0001410d       0x1c ./Core/Src/at_command.o
 .debug_macro   0x00014129      0x185 ./Core/Src/at_command.o
 .debug_macro   0x000142ae       0x10 ./Core/Src/at_command.o
 .debug_macro   0x000142be       0x3c ./Core/Src/at_command.o
 .debug_macro   0x000142fa       0x20 ./Core/Src/at_command.o
 .debug_macro   0x0001431a       0x1c ./Core/Src/at_command.o
 .debug_macro   0x00014336       0x10 ./Core/Src/at_command.o
 .debug_macro   0x00014346       0x1c ./Core/Src/at_command.o
 .debug_macro   0x00014362       0x16 ./Core/Src/at_command.o
 .debug_macro   0x00014378      0x146 ./Core/Src/at_command.o
 .debug_macro   0x000144be      0x367 ./Core/Src/bootloader_download.o
 .debug_macro   0x00014825       0x64 ./Core/Src/bootloader_download.o
 .debug_macro   0x00014889       0x22 ./Core/Src/bootloader_download.o
 .debug_macro   0x000148ab       0x16 ./Core/Src/bootloader_download.o
 .debug_macro   0x000148c1       0x16 ./Core/Src/bootloader_download.o
 .debug_macro   0x000148d7       0x16 ./Core/Src/bootloader_download.o
 .debug_macro   0x000148ed       0x16 ./Core/Src/bootloader_download.o
 .debug_macro   0x00014903       0x29 ./Core/Src/bootloader_download.o
 .debug_macro   0x0001492c      0x2e7 ./Core/Src/bootloader_logic.o
 .debug_macro   0x00014c13      0x2e3 ./Core/Src/flash_ops.o
 .debug_macro   0x00014ef6      0x1ea ./Core/Src/main.o
 .debug_macro   0x000150e0      0x179 ./Core/Src/sha256.o
 .debug_macro   0x00015259      0x1c9 ./Core/Src/stm32f4xx_hal_msp.o
 .debug_macro   0x00015422      0x1d3 ./Core/Src/stm32f4xx_it.o
 .debug_macro   0x000155f5      0x112 ./Core/Src/sysmem.o
 .debug_macro   0x00015707      0x23c ./Core/Src/sysmem.o
 .debug_macro   0x00015943      0x1ba ./Core/Src/system_stm32f4xx.o
 .debug_macro   0x00015afd      0x21a ./Drivers/STM32F4xx_HAL_Driver/Src/stm32f4xx_hal.o
 .debug_macro   0x00015d17      0x1ba ./Drivers/STM32F4xx_HAL_Driver/Src/stm32f4xx_hal_cortex.o
 .debug_macro   0x00015ed1      0x1c0 ./Drivers/STM32F4xx_HAL_Driver/Src/stm32f4xx_hal_dma.o
 .debug_macro   0x00016091      0x1c0 ./Drivers/STM32F4xx_HAL_Driver/Src/stm32f4xx_hal_flash.o
 .debug_macro   0x00016251      0x1c0 ./Drivers/STM32F4xx_HAL_Driver/Src/stm32f4xx_hal_flash_ex.o
 .debug_macro   0x00016411      0x1c0 ./Drivers/STM32F4xx_HAL_Driver/Src/stm32f4xx_hal_gpio.o
 .debug_macro   0x000165d1      0x1de ./Drivers/STM32F4xx_HAL_Driver/Src/stm32f4xx_hal_rcc.o
 .debug_macro   0x000167af      0x1bb ./Drivers/STM32F4xx_HAL_Driver/Src/stm32f4xx_hal_uart.o

.debug_line     0x00000000     0xeb6e
 .debug_line    0x00000000      0x402 ./Core/Src/app_metadata.o
 .debug_line    0x00000402      0xa76 ./Core/Src/at_command.o
 .debug_line    0x00000e78     0x1040 ./Core/Src/bootloader_download.o
 .debug_line    0x00001eb8      0xb57 ./Core/Src/bootloader_logic.o
 .debug_line    0x00002a0f      0xa25 ./Core/Src/flash_ops.o
 .debug_line    0x00003434      0x8c5 ./Core/Src/main.o
 .debug_line    0x00003cf9      0x8a2 ./Core/Src/sha256.o
 .debug_line    0x0000459b      0x79f ./Core/Src/stm32f4xx_hal_msp.o
 .debug_line    0x00004d3a      0x7e4 ./Core/Src/stm32f4xx_it.o
 .debug_line    0x0000551e      0x592 ./Core/Src/sysmem.o
 .debug_line    0x00005ab0      0x793 ./Core/Src/system_stm32f4xx.o
 .debug_line    0x00006243       0x7a ./Core/Startup/startup_stm32f401retx.o
 .debug_line    0x000062bd      0xa23 ./Drivers/STM32F4xx_HAL_Driver/Src/stm32f4xx_hal.o
 .debug_line    0x00006ce0      0xefc ./Drivers/STM32F4xx_HAL_Driver/Src/stm32f4xx_hal_cortex.o
 .debug_line    0x00007bdc     0x1139 ./Drivers/STM32F4xx_HAL_Driver/Src/stm32f4xx_hal_dma.o
 .debug_line    0x00008d15      0xb4c ./Drivers/STM32F4xx_HAL_Driver/Src/stm32f4xx_hal_flash.o
 .debug_line    0x00009861      0xd29 ./Drivers/STM32F4xx_HAL_Driver/Src/stm32f4xx_hal_flash_ex.o
 .debug_line    0x0000a58a      0xcad ./Drivers/STM32F4xx_HAL_Driver/Src/stm32f4xx_hal_gpio.o
 .debug_line    0x0000b237      0xfe3 ./Drivers/STM32F4xx_HAL_Driver/Src/stm32f4xx_hal_rcc.o
 .debug_line    0x0000c21a     0x2954 ./Drivers/STM32F4xx_HAL_Driver/Src/stm32f4xx_hal_uart.o

.debug_str      0x00000000    0x86f20
 .debug_str     0x00000000    0x86f20 ./Core/Src/app_metadata.o
                               0x3d9f (size before relaxing)
 .debug_str     0x00086f20        0x0 ./Core/Src/at_command.o
                              0x83720 (size before relaxing)
 .debug_str     0x00086f20        0x0 ./Core/Src/bootloader_download.o
                              0x840eb (size before relaxing)
 .debug_str     0x00086f20        0x0 ./Core/Src/bootloader_logic.o
                              0x83087 (size before relaxing)
 .debug_str     0x00086f20        0x0 ./Core/Src/flash_ops.o
                              0x82da4 (size before relaxing)
 .debug_str     0x00086f20        0x0 ./Core/Src/main.o
                              0x80137 (size before relaxing)
 .debug_str     0x00086f20        0x0 ./Core/Src/sha256.o
                               0x75c3 (size before relaxing)
 .debug_str     0x00086f20        0x0 ./Core/Src/stm32f4xx_hal_msp.o
                              0x8025c (size before relaxing)
 .debug_str     0x00086f20        0x0 ./Core/Src/stm32f4xx_it.o
                              0x7fd8f (size before relaxing)
 .debug_str     0x00086f20        0x0 ./Core/Src/sysmem.o
                               0x7769 (size before relaxing)
 .debug_str     0x00086f20        0x0 ./Core/Src/system_stm32f4xx.o
                              0x7f64f (size before relaxing)
 .debug_str     0x00086f20        0x0 ./Core/Startup/startup_stm32f401retx.o
                                 0x6b (size before relaxing)
 .debug_str     0x00086f20        0x0 ./Drivers/STM32F4xx_HAL_Driver/Src/stm32f4xx_hal.o
                              0x80091 (size before relaxing)
 .debug_str     0x00086f20        0x0 ./Drivers/STM32F4xx_HAL_Driver/Src/stm32f4xx_hal_cortex.o
                              0x7fdfd (size before relaxing)
 .debug_str     0x00086f20        0x0 ./Drivers/STM32F4xx_HAL_Driver/Src/stm32f4xx_hal_dma.o
                              0x7fa65 (size before relaxing)
 .debug_str     0x00086f20        0x0 ./Drivers/STM32F4xx_HAL_Driver/Src/stm32f4xx_hal_flash.o
                              0x7f83b (size before relaxing)
 .debug_str     0x00086f20        0x0 ./Drivers/STM32F4xx_HAL_Driver/Src/stm32f4xx_hal_flash_ex.o
                              0x7f95e (size before relaxing)
 .debug_str     0x00086f20        0x0 ./Drivers/STM32F4xx_HAL_Driver/Src/stm32f4xx_hal_gpio.o
                              0x7f7d8 (size before relaxing)
 .debug_str     0x00086f20        0x0 ./Drivers/STM32F4xx_HAL_Driver/Src/stm32f4xx_hal_rcc.o
                              0x7fa91 (size before relaxing)
 .debug_str     0x00086f20        0x0 ./Drivers/STM32F4xx_HAL_Driver/Src/stm32f4xx_hal_uart.o
                              0x8036b (size before relaxing)

.comment        0x00000000       0x43
 .comment       0x00000000       0x43 ./Core/Src/app_metadata.o
                                 0x44 (size before relaxing)
 .comment       0x00000043        0x0 ./Core/Src/at_command.o
                                 0x44 (size before relaxing)
 .comment       0x00000043        0x0 ./Core/Src/bootloader_download.o
                                 0x44 (size before relaxing)
 .comment       0x00000043        0x0 ./Core/Src/bootloader_logic.o
                                 0x44 (size before relaxing)
 .comment       0x00000043        0x0 ./Core/Src/flash_ops.o
                                 0x44 (size before relaxing)
 .comment       0x00000043        0x0 ./Core/Src/main.o
                                 0x44 (size before relaxing)
 .comment       0x00000043        0x0 ./Core/Src/sha256.o
                                 0x44 (size before relaxing)
 .comment       0x00000043        0x0 ./Core/Src/stm32f4xx_hal_msp.o
                                 0x44 (size before relaxing)
 .comment       0x00000043        0x0 ./Core/Src/stm32f4xx_it.o
                                 0x44 (size before relaxing)
 .comment       0x00000043        0x0 ./Core/Src/sysmem.o
                                 0x44 (size before relaxing)
 .comment       0x00000043        0x0 ./Core/Src/system_stm32f4xx.o
                                 0x44 (size before relaxing)
 .comment       0x00000043        0x0 ./Drivers/STM32F4xx_HAL_Driver/Src/stm32f4xx_hal.o
                                 0x44 (size before relaxing)
 .comment       0x00000043        0x0 ./Drivers/STM32F4xx_HAL_Driver/Src/stm32f4xx_hal_cortex.o
                                 0x44 (size before relaxing)
 .comment       0x00000043        0x0 ./Drivers/STM32F4xx_HAL_Driver/Src/stm32f4xx_hal_dma.o
                                 0x44 (size before relaxing)
 .comment       0x00000043        0x0 ./Drivers/STM32F4xx_HAL_Driver/Src/stm32f4xx_hal_flash.o
                                 0x44 (size before relaxing)
 .comment       0x00000043        0x0 ./Drivers/STM32F4xx_HAL_Driver/Src/stm32f4xx_hal_flash_ex.o
                                 0x44 (size before relaxing)
 .comment       0x00000043        0x0 ./Drivers/STM32F4xx_HAL_Driver/Src/stm32f4xx_hal_gpio.o
                                 0x44 (size before relaxing)
 .comment       0x00000043        0x0 ./Drivers/STM32F4xx_HAL_Driver/Src/stm32f4xx_hal_rcc.o
                                 0x44 (size before relaxing)
 .comment       0x00000043        0x0 ./Drivers/STM32F4xx_HAL_Driver/Src/stm32f4xx_hal_uart.o
                                 0x44 (size before relaxing)

.debug_rnglists
                0x00000000      0x81d
 .debug_rnglists
                0x00000000       0x4b ./Core/Src/at_command.o
 .debug_rnglists
                0x0000004b       0xa3 ./Core/Src/bootloader_download.o
 .debug_rnglists
                0x000000ee       0x4b ./Core/Src/bootloader_logic.o
 .debug_rnglists
                0x00000139       0x33 ./Core/Src/flash_ops.o
 .debug_rnglists
                0x0000016c       0x39 ./Core/Src/main.o
 .debug_rnglists
                0x000001a5       0x34 ./Core/Src/sha256.o
 .debug_rnglists