Archive member included to satisfy reference by file (symbol)

C:/ST/STM32CubeIDE_1.18.1/STM32CubeIDE/plugins/com.st.stm32cube.ide.mcu.externaltools.gnu-tools-for-stm32.14.3.rel1.win32_1.0.100.202602081740/tools/bin/../lib/gcc/arm-none-eabi/14.3.1/../../../../arm-none-eabi/lib/thumb/v7e-m+fp/hard\libc_nano.a(libc_a-exit.o)
                              C:/ST/STM32CubeIDE_1.18.1/STM32CubeIDE/plugins/com.st.stm32cube.ide.mcu.externaltools.gnu-tools-for-stm32.14.3.rel1.win32_1.0.100.202602081740/tools/bin/../lib/gcc/arm-none-eabi/14.3.1/../../../../arm-none-eabi/lib/thumb/v7e-m+fp/hard/crt0.o (exit)
C:/ST/STM32CubeIDE_1.18.1/STM32CubeIDE/plugins/com.st.stm32cube.ide.mcu.externaltools.gnu-tools-for-stm32.14.3.rel1.win32_1.0.100.202602081740/tools/bin/../lib/gcc/arm-none-eabi/14.3.1/../../../../arm-none-eabi/lib/thumb/v7e-m+fp/hard\libc_nano.a(libc_a-findfp.o)
                              C:/ST/STM32CubeIDE_1.18.1/STM32CubeIDE/plugins/com.st.stm32cube.ide.mcu.externaltools.gnu-tools-for-stm32.14.3.rel1.win32_1.0.100.202602081740/tools/bin/../lib/gcc/arm-none-eabi/14.3.1/../../../../arm-none-eabi/lib/thumb/v7e-m+fp/hard\libc_nano.a(libc_a-exit.o) (__stdio_exit_handler)
C:/ST/STM32CubeIDE_1.18.1/STM32CubeIDE/plugins/com.st.stm32cube.ide.mcu.externaltools.gnu-tools-for-stm32.14.3.rel1.win32_1.0.100.202602081740/tools/bin/../lib/gcc/arm-none-eabi/14.3.1/../../../../arm-none-eabi/lib/thumb/v7e-m+fp/hard\libc_nano.a(libc_a-fwalk.o)
                              C:/ST/STM32CubeIDE_1.18.1/STM32CubeIDE/plugins/com.st.stm32cube.ide.mcu.externaltools.gnu-tools-for-stm32.14.3.rel1.win32_1.0.100.202602081740/tools/bin/../lib/gcc/arm-none-eabi/14.3.1/../../../../arm-none-eabi/lib/thumb/v7e-m+fp/hard\libc_nano.a(libc_a-findfp.o) (_fwalk_sglue)
C:/ST/STM32CubeIDE_1.18.1/STM32CubeIDE/plugins/com.st.stm32cube.ide.mcu.externaltools.gnu-tools-for-stm32.14.3.rel1.win32_1.0.100.202602081740/tools/bin/../lib/gcc/arm-none-eabi/14.3.1/../../../../arm-none-eabi/lib/thumb/v7e-m+fp/hard\libc_nano.a(libc_a-snprintf.o)
                              ./Core/Src/bootloader_download.o (snprintf)
C:/ST/STM32CubeIDE_1.18.1/STM32CubeIDE/plugins/com.st.stm32cube.ide.mcu.externaltools.gnu-tools-for-stm32.14.3.rel1.win32_1.0.100.202602081740/tools/bin/../lib/gcc/arm-none-eabi/14.3.1/../../../../arm-none-eabi/lib/thumb/v7e-m+fp/hard\libc_nano.a(libc_a-sprintf.o)
                              ./Core/Src/at_command.o (sprintf)
C:/ST/STM32CubeIDE_1.18.1/STM32CubeIDE/plugins/com.st.stm32cube.ide.mcu.externaltools.gnu-tools-for-stm32.14.3.rel1.win32_1.0.100.202602081740/tools/bin/../lib/gcc/arm-none-eabi/14.3.1/../../../../arm-none-eabi/lib/thumb/v7e-m+fp/hard\libc_nano.a(libc_a-sscanf.o)
                              ./Core/Src/bootloader_download.o (sscanf)
C:/ST/STM32CubeIDE_1.18.1/STM32CubeIDE/plugins/com.st.stm32cube.ide.mcu.externaltools.gnu-tools-for-stm32.14.3.rel1.win32_1.0.100.202602081740/tools/bin/../lib/gcc/arm-none-eabi/14.3.1/../../../../arm-none-eabi/lib/thumb/v7e-m+fp/hard\libc_nano.a(libc_a-stdio.o)
                              C:/ST/STM32CubeIDE_1.18.1/STM32CubeIDE/plugins/com.st.stm32cube.ide.mcu.externaltools.gnu-tools-for-stm32.14.3.rel1.win32_1.0.100.202602081740/tools/bin/../lib/gcc/arm-none-eabi/14.3.1/../../../../arm-none-eabi/lib/thumb/v7e-m+fp/hard\libc_nano.a(libc_a-findfp.o) (__sread)
C:/ST/STM32CubeIDE_1.18.1/STM32CubeIDE/plugins/com.st.stm32cube.ide.mcu.externaltools.gnu-tools-for-stm32.14.3.rel1.win32_1.0.100.202602081740/tools/bin/../lib/gcc/arm-none-eabi/14.3.1/../../../../arm-none-eabi/lib/thumb/v7e-m+fp/hard\libc_nano.a(libc_a-memcmp.o)
                              ./Core/Src/bootloader_download.o (memcmp)
C:/ST/STM32CubeIDE_1.18.1/STM32CubeIDE/plugins/com.st.stm32cube.ide.mcu.externaltools.gnu-tools-for-stm32.14.3.rel1.win32_1.0.100.202602081740/tools/bin/../lib/gcc/arm-none-eabi/14.3.1/../../../../arm-none-eabi/lib/thumb/v7e-m+fp/hard\libc_nano.a(libc_a-memset.o)
                              C:/ST/STM32CubeIDE_1.18.1/STM32CubeIDE/plugins/com.st.stm32cube.ide.mcu.externaltools.gnu-tools-for-stm32.14.3.rel1.win32_1.0.100.202602081740/tools/bin/../lib/gcc/arm-none-eabi/14.3.1/../../../../arm-none-eabi/lib/thumb/v7e-m+fp/hard/crt0.o (memset)
C:/ST/STM32CubeIDE_1.18.1/STM32CubeIDE/plugins/com.st.stm32cube.ide.mcu.externaltools.gnu-tools-for-stm32.14.3.rel1.win32_1.0.100.202602081740/tools/bin/../lib/gcc/arm-none-eabi/14.3.1/../../../../arm-none-eabi/lib/thumb/v7e-m+fp/hard\libc_nano.a(libc_a-strncmp.o)
                              ./Core/Src/bootloader_download.o (strncmp)
C:/ST/STM32CubeIDE_1.18.1/STM32CubeIDE/plugins/com.st.stm32cube.ide.mcu.externaltools.gnu-tools-for-stm32.14.3.rel1.win32_1.0.100.202602081740/tools/bin/../lib/gcc/arm-none-eabi/14.3.1/../../../../arm-none-eabi/lib/thumb/v7e-m+fp/hard\libc_nano.a(libc_a-strncpy.o)
                              ./Core/Src/bootloader_download.o (strncpy)
[...]
Memory Configuration

Name             Origin             Length             Attributes
RAM              0x20000000         0x00018000         xrw
FLASH            0x08000000         0x00010000         xr
*default*        0x00000000         0xffffffff

Linker script and memory map

LOAD C:/ST/STM32CubeIDE_1.18.1/STM32CubeIDE/plugins/com.st.stm32cube.ide.mcu.externaltools.gnu-tools-for-stm32.14.3.rel1.win32_1.0.100.202602081740/tools/bin/../lib/gcc/arm-none-eabi/14.3.1/thumb/v7e-m+fp/hard/crti.o
LOAD C:/ST/STM32CubeIDE_1.18.1/STM32CubeIDE/plugins/com.st.stm32cube.ide.mcu.externaltools.gnu-tools-for-stm32.14.3.rel1.win32_1.0.100.202602081740/tools/bin/../lib/gcc/arm-none-eabi/14.3.1/thumb/v7e-m+fp/hard/crtbegin.o
LOAD C:/ST/STM32CubeIDE_1.18.1/STM32CubeIDE/plugins/com.st.stm32cube.ide.mcu.externaltools.gnu-tools-for-stm32.14.3.rel1.win32_1.0.100.202602081740/tools/bin/../lib/gcc/arm-none-eabi/14.3.1/../../../../arm-none-eabi/lib/thumb/v7e-m+fp/hard/crt0.o
LOAD ./Core/Src/app_metadata.o
LOAD ./Core/Src/at_command.o
LOAD ./Core/Src/bootloader_download.o
LOAD ./Core/Src/bootloader_logic.o
LOAD ./Core/Src/flash_ops.o
LOAD ./Core/Src/main.o
LOAD ./Core/Src/sha256.o
LOAD ./Core/Src/stm32f4xx_hal_msp.o
LOAD ./Core/Src/stm32f4xx_it.o
LOAD ./Core/Src/syscalls.o
LOAD ./Core/Src/sysmem.o
LOAD ./Core/Src/system_stm32f4xx.o
LOAD ./Core/Startup/startup_stm32f401retx.o
LOAD ./Drivers/STM32F4xx_HAL_Driver/Src/stm32f4xx_hal.o
LOAD ./Drivers/STM32F4xx_HAL_Driver/Src/stm32f4xx_hal_cortex.o
LOAD ./Drivers/STM32F4xx_HAL_Driver/Src/stm32f4xx_hal_dma.o
LOAD ./Drivers/STM32F4xx_HAL_Driver/Src/stm32f4xx_hal_dma_ex.o
LOAD ./Drivers/STM32F4xx_HAL_Driver/Src/stm32f4xx_hal_exti.o
LOAD ./Drivers/STM32F4xx_HAL_Driver/Src/stm32f4xx_hal_flash.o
LOAD ./Drivers/STM32F4xx_HAL_Driver/Src/stm32f4xx_hal_flash_ex.o
LOAD ./Drivers/STM32F4xx_HAL_Driver/Src/stm32f4xx_hal_flash_ramfunc.o
LOAD ./Drivers/STM32F4xx_HAL_Driver/Src/stm32f4xx_hal_gpio.o
LOAD ./Drivers/STM32F4xx_HAL_Driver/Src/stm32f4xx_hal_pwr.o
LOAD ./Drivers/STM32F4xx_HAL_Driver/Src/stm32f4xx_hal_pwr_ex.o
LOAD ./Drivers/STM32F4xx_HAL_Driver/Src/stm32f4xx_hal_rcc.o
LOAD ./Drivers/STM32F4xx_HAL_Driver/Src/stm32f4xx_hal_rcc_ex.o
LOAD ./Drivers/STM32F4xx_HAL_Driver/Src/stm32f4xx_hal_uart.o
START GROUP
LOAD C:/ST/STM32CubeIDE_1.18.1/STM32CubeIDE/plugins/com.st.stm32cube.ide.mcu.externaltools.gnu-tools-for-stm32.14.3.rel1.win32_1.0.100.202602081740/tools/bin/../lib/gcc/arm-none-eabi/14.3.1/../../../../arm-none-eabi/lib/thumb/v7e-m+fp/hard\libc_nano.a
LOAD C:/ST/STM32CubeIDE_1.18.1/STM32CubeIDE/plugins/com.st.stm32cube.ide.mcu.externaltools.gnu-tools-for-stm32.14.3.rel1.win32_1.0.100.202602081740/tools/bin/../lib/gcc/arm-none-eabi/14.3.1/../../../../arm-none-eabi/lib/thumb/v7e-m+fp/hard\libm.a
END GROUP
START GROUP
LOAD C:/ST/STM32CubeIDE_1.18.1/STM32CubeIDE/plugins/com.st.stm32cube.ide.mcu.externaltools.gnu-tools-for-stm32.14.3.rel1.win32_1.0.100.202602081740/tools/bin/../lib/gcc/arm-none-eabi/14.3.1/thumb/v7e-m+fp/hard\libgcc.a
LOAD C:/ST/STM32CubeIDE_1.18.1/STM32CubeIDE/plugins/com.st.stm32cube.ide.mcu.externaltools.gnu-tools-for-stm32.14.3.rel1.win32_1.0.100.202602081740/tools/bin/../lib/gcc/arm-none-eabi/14.3.1/../../../../arm-none-eabi/lib/thumb/v7e-m+fp/hard\libc_nano.a
END GROUP
START GROUP
LOAD C:/ST/STM32CubeIDE_1.18.1/STM32CubeIDE/plugins/com.st.stm32cube.ide.mcu.externaltools.gnu-tools-for-stm32.14.3.rel1.win32_1.0.100.202602081740/tools/bin/../lib/gcc/arm-none-eabi/14.3.1/thumb/v7e-m+fp/hard\libgcc.a
LOAD C:/ST/STM32CubeIDE_1.18.1/STM32CubeIDE/plugins/com.st.stm32cube.ide.mcu.externaltools.gnu-tools-for-stm32.14.3.rel1.win32_1.0.100.202602081740/tools/bin/../lib/gcc/arm-none-eabi/14.3.1/../../../../arm-none-eabi/lib/thumb/v7e-m+fp/hard\libc_nano.a
LOAD C:/ST/STM32CubeIDE_1.18.1/STM32CubeIDE/plugins/com.st.stm32cube.ide.mcu.externaltools.gnu-tools-for-stm32.14.3.rel1.win32_1.0.100.202602081740/tools/bin/../lib/gcc/arm-none-eabi/14.3.1/../../../../arm-none-eabi/lib/thumb/v7e-m+fp/hard\libnosys.a
END GROUP
START GROUP
LOAD C:/ST/STM32CubeIDE_1.18.1/STM32CubeIDE/plugins/com.st.stm32cube.ide.mcu.externaltools.gnu-tools-for-stm32.14.3.rel1.win32_1.0.100.202602081740/tools/bin/../lib/gcc/arm-none-eabi/14.3.1/thumb/v7e-m+fp/hard\libgcc.a
LOAD C:/ST/STM32CubeIDE_1.18.1/STM32CubeIDE/plugins/com.st.stm32cube.ide.mcu.externaltools.gnu-tools-for-stm32.14.3.rel1.win32_1.0.100.202602081740/tools/bin/../lib/gcc/arm-none-eabi/14.3.1/../../../../arm-none-eabi/lib/thumb/v7e-m+fp/hard\libc_nano.a
LOAD C:/ST/STM32CubeIDE_1.18.1/STM32CubeIDE/plugins/com.st.stm32cube.ide.mcu.externaltools.gnu-tools-for-stm32.14.3.rel1.win32_1.0.100.202602081740/tools/bin/../lib/gcc/arm-none-eabi/14.3.1/../../../../arm-none-eabi/lib/thumb/v7e-m+fp/hard\libnosys.a
END GROUP
LOAD C:/ST/STM32CubeIDE_1.18.1/STM32CubeIDE/plugins/com.st.stm32cube.ide.mcu.externaltools.gnu-tools-for-stm32.14.3.rel1.win32_1.0.100.202602081740/tools/bin/../lib/gcc/arm-none-eabi/14.3.1/thumb/v7e-m+fp/hard/crtend.o
LOAD C:/ST/STM32CubeIDE_1.18.1/STM32CubeIDE/plugins/com.st.stm32cube.ide.mcu.externaltools.gnu-tools-for-stm32.14.3.rel1.win32_1.0.100.202602081740/tools/bin/../lib/gcc/arm-none-eabi/14.3.1/thumb/v7e-m+fp/hard/crtn.o
                0x20018000                        _estack = (ORIGIN (RAM) + LENGTH (RAM))
                0x00000600                        _Min_Heap_Size = 0x600
                0x00000400                        _Min_Stack_Size = 0x400

.isr_vector     0x08000000      0x194
                0x08000000                        . = ALIGN (0x4)
 *(.isr_vector)
 .isr_vector    0x08000000      0x194 ./Core/Startup/startup_stm32f401retx.o
                0x08000000                g_pfnVectors
                0x08000194                        . = ALIGN (0x4)
 FILL mask 0xff

.text           0x080001a0     0x7244
                0x080001a0                        . = ALIGN (0x4)
 *(.text)
 .text          0x080001a0       0x40 C:/ST/STM32CubeIDE_1.18.1/STM32CubeIDE/plugins/com.st.stm32cube.ide.mcu.externaltools.gnu-tools-for-stm32.14.3.rel1.win32_1.0.100.202602081740/tools/bin/../lib/gcc/arm-none-eabi/14.3.1/thumb/v7e-m+fp/hard/crtbegin.o
 .text          0x080001e0       0x14 C:/ST/STM32CubeIDE_1.18.1/STM32CubeIDE/plugins/com.st.stm32cube.ide.mcu.externaltools.gnu-tools-for-stm32.14.3.rel1.win32_1.0.100.202602081740/tools/bin/../lib/gcc/arm-none-eabi/14.3.1/../../../../arm-none-eabi/lib/thumb/v7e-m+fp/hard\libc_nano.a(libc_a-strcmp.o)
                0x080001e0                strcmp
 .text          0x080001f4       0x10 C:/ST/STM32CubeIDE_1.18.1/STM32CubeIDE/plugins/com.st.stm32cube.ide.mcu.externaltools.gnu-tools-for-stm32.14.3.rel1.win32_1.0.100.202602081740/tools/bin/../lib/gcc/arm-none-eabi/14.3.1/../../../../arm-none-eabi/lib/thumb/v7e-m+fp/hard\libc_nano.a(libc_a-strlen.o)
                0x080001f4                strlen
 *fill*         0x08000204        0xc 
 .text          0x08000210       0xa0 C:/ST/STM32CubeIDE_1.18.1/STM32CubeIDE/plugins/com.st.stm32cube.ide.mcu.externaltools.gnu-tools-for-stm32.14.3.rel1.win32_1.0.100.202602081740/tools/bin/../lib/gcc/arm-none-eabi/14.3.1/../../../../arm-none-eabi/lib/thumb/v7e-m+fp/hard\libc_nano.a(libc_a-memchr.o)
                0x08000210                memchr
 .text          0x080002b0       0x30 C:/ST/STM32CubeIDE_1.18.1/STM32CubeIDE/plugins/com.st.stm32cube.ide.mcu.externaltools.gnu-tools-for-stm32.14.3.rel1.win32_1.0.100.202602081740/tools/bin/../lib/gcc/arm-none-eabi/14.3.1/thumb/v7e-m+fp/hard\libgcc.a(_aeabi_uldivmod.o)
                0x080002b0                __aeabi_uldivmod
 .text          0x080002e0      0x2f8 C:/ST/STM32CubeIDE_1.18.1/STM32CubeIDE/plugins/com.st.stm32cube.ide.mcu.externaltools.gnu-tools-for-stm32.14.3.rel1.win32_1.0.100.202602081740/tools/bin/../lib/gcc/arm-none-eabi/14.3.1/thumb/v7e-m+fp/hard\libgcc.a(_udivmoddi4.o)
                0x080002e0                __udivmoddi4
 .text          0x080005d8        0x4 C:/ST/STM32CubeIDE_1.18.1/STM32CubeIDE/plugins/com.st.stm32cube.ide.mcu.externaltools.gnu-tools-for-stm32.14.3.rel1.win32_1.0.100.202602081740/tools/bin/../lib/gcc/arm-none-eabi/14.3.1/thumb/v7e-m+fp/hard\libgcc.a(_dvmd_tls.o)
                0x080005d8                __aeabi_idiv0
                0x080005d8                __aeabi_ldiv0
 *(.text*)
 .text.AT_SendCommand
                0x080005dc      0x2b8 ./Core/Src/at_command.o
                0x080005dc                AT_SendCommand
 .text.__NVIC_SystemReset
                0x08000894       0x2c ./Core/Src/bootloader_download.o
 .text.dying_gasp
                0x080008c0       0xa4 ./Core/Src/bootloader_download.o
 .text.Stephano_PowerOn
                0x08000964       0x20 ./Core/Src/bootloader_download.o
 .text.Stephano_PowerOff
                0x08000984       0x20 ./Core/Src/bootloader_download.o
 .text.Stephano_Reset
                0x080009a4       0x2c ./Core/Src/bootloader_download.o
 .text.wait_for_ready
                0x080009d0       0xa0 ./Core/Src/bootloader_download.o
 .text.get_bootloader_version
                0x08000a70       0x64 ./Core/Src/bootloader_download.o
 .text.find_metadata_in_sector
                0x08000ad4       0x4c ./Core/Src/bootloader_download.o
 .text.get_app_version
                0x08000b20       0x84 ./Core/Src/bootloader_download.o
 .text.get_mac_from_module
                0x08000ba4       0xe8 ./Core/Src/bootloader_download.o
 .text.read_stored_well_id
                0x08000c8c       0x74 ./Core/Src/bootloader_download.o
 .text.save_well_id
                0x08000d00       0x74 ./Core/Src/bootloader_download.o
 .text.Bootloader_RxByte
                0x08000d74       0x54 ./Core/Src/bootloader_download.o
                0x08000d74                Bootloader_RxByte
 .text.extract_line
                0x08000dc8       0xa4 ./Core/Src/bootloader_download.o
 .text.send_line
                0x08000e6c       0x40 ./Core/Src/bootloader_download.o
 .text.handle_id_response
                0x08000eac       0x50 ./Core/Src/bootloader_download.o
 .text.handle_wsm_id_response
                0x08000efc       0x70 ./Core/Src/bootloader_download.o
 .text.parse_line
                0x08000f6c       0x78 ./Core/Src/bootloader_download.o
 .text.handle_bl_response
                0x08000fe4       0xf8 ./Core/Src/bootloader_download.o
 .text.handle_app_response
                0x080010dc       0xfc ./Core/Src/bootloader_download.o
 .text.flush_flash_chunk
                0x080011d8       0x7c ./Core/Src/bootloader_download.o
 .text.process_binary_payload
                0x08001254      0x118 ./Core/Src/bootloader_download.o
 .text.parse_data_line
                0x0800136c       0xd4 ./Core/Src/bootloader_download.o
 .text.process_rx_data
                0x08001440       0x74 ./Core/Src/bootloader_download.o
 .text.Bootloader_StartDownload
                0x080014b4      0x34c ./Core/Src/bootloader_download.o
                0x080014b4                Bootloader_StartDownload
 .text.HAL_UART_RxCpltCallback
                0x08001800       0x3c ./Core/Src/bootloader_download.o
                0x08001800                HAL_UART_RxCpltCallback
 .text.Bootloader_Download_Process
                0x0800183c      0x198 ./Core/Src/bootloader_download.o
                0x0800183c                Bootloader_Download_Process
 .text.__NVIC_SystemReset
                0x080019d4       0x2c ./Core/Src/bootloader_logic.o
 .text.check_magic
                0x08001a00       0x48 ./Core/Src/bootloader_logic.o
 .text.get_metadata_size
                0x08001a48       0x3a ./Core/Src/bootloader_logic.o
 *fill*         0x08001a82        0x2 
 .text.is_validation_download
                0x08001a84       0x30 ./Core/Src/bootloader_logic.o
 .text.is_validation_ready
                0x08001ab4       0x4c ./Core/Src/bootloader_logic.o
 .text.verify_sha256_sector6_download
                0x08001b00       0x84 ./Core/Src/bootloader_logic.o
 .text.verify_sha256_sector7_ready
                0x08001b84       0x42 ./Core/Src/bootloader_logic.o
 .text.search_sector_metadata
                0x08001bc6       0x44 ./Core/Src/bootloader_logic.o
 .text.jump_to_application
                0x08001c0a       0x32 ./Core/Src/bootloader_logic.o
 .text.Bootloader_Run
                0x08001c3c       0xfc ./Core/Src/bootloader_logic.o
                0x08001c3c                Bootloader_Run
 .text.Flash_EraseSector
                0x08001d38       0x56 ./Core/Src/flash_ops.o
                0x08001d38                Flash_EraseSector
 .text.Flash_WriteData
                0x08001d8e       0xf0 ./Core/Src/flash_ops.o
                0x08001d8e                Flash_WriteData
 .text.Flash_ReadData
                0x08001e7e       0x22 ./Core/Src/flash_ops.o
                0x08001e7e                Flash_ReadData
 .text.Flash_ProgramFirmwareData
                0x08001ea0       0x4a ./Core/Src/flash_ops.o
                0x08001ea0                Flash_ProgramFirmwareData
 *fill*         0x08001eea        0x2 
 .text.main     0x08001eec       0x78 ./Core/Src/main.o
                0x08001eec                main
 .text.SystemClock_Config
                0x08001f64       0xd4 ./Core/Src/main.o
                0x08001f64                SystemClock_Config
 .text.MX_USART1_UART_Init
                0x08002038       0x54 ./Core/Src/main.o
 .text.MX_USART2_UART_Init
                0x0800208c       0x54 ./Core/Src/main.o
 .text.MX_GPIO_Init
                0x080020e0      0x184 ./Core/Src/main.o
 .text.Error_Handler
                0x08002264        0xc ./Core/Src/main.o
                0x08002264                Error_Handler
 .text.assert_failed
                0x08002270       0x16 ./Core/Src/main.o
                0x08002270                assert_failed
 *fill*         0x08002286        0x2 
 .text.sha256_transform
                0x08002288      0x414 ./Core/Src/sha256.o
 .text.SHA256_Init
                0x0800269c       0x78 ./Core/Src/sha256.o
                0x0800269c                SHA256_Init
 .text.SHA256_Update
                0x08002714       0x70 ./Core/Src/sha256.o
                0x08002714                SHA256_Update
 .text.SHA256_Final
                0x08002784      0x268 ./Core/Src/sha256.o
                0x08002784                SHA256_Final
 .text.SHA256_Calculate
                0x080029ec       0x38 ./Core/Src/sha256.o
                0x080029ec                SHA256_Calculate
 .text.HAL_MspInit
                0x08002a24       0x50 ./Core/Src/stm32f4xx_hal_msp.o
                0x08002a24                HAL_MspInit
 .text.HAL_UART_MspInit
                0x08002a74      0x108 ./Core/Src/stm32f4xx_hal_msp.o
                0x08002a74                HAL_UART_MspInit
 .text.NMI_Handler
                0x08002b7c        0x8 ./Core/Src/stm32f4xx_it.o
                0x08002b7c                NMI_Handler
 .text.HardFault_Handler
                0x08002b84        0x8 ./Core/Src/stm32f4xx_it.o
                0x08002b84                HardFault_Handler
 .text.MemManage_Handler
                0x08002b8c        0x8 ./Core/Src/stm32f4xx_it.o
                0x08002b8c                MemManage_Handler
 .text.BusFault_Handler
                0x08002b94        0x8 ./Core/Src/stm32f4xx_it.o
                0x08002b94                BusFault_Handler
 .text.UsageFault_Handler
                0x08002b9c        0x8 ./Core/Src/stm32f4xx_it.o
                0x08002b9c                UsageFault_Handler
 .text.SVC_Handler
                0x08002ba4        0xe ./Core/Src/stm32f4xx_it.o
                0x08002ba4                SVC_Handler
 .text.DebugMon_Handler
                0x08002bb2        0xe ./Core/Src/stm32f4xx_it.o
                0x08002bb2                DebugMon_Handler
 .text.PendSV_Handler
                0x08002bc0        0xe ./Core/Src/stm32f4xx_it.o
                0x08002bc0                PendSV_Handler
 .text.SysTick_Handler
                0x08002bce        0xc ./Core/Src/stm32f4xx_it.o
                0x08002bce                SysTick_Handler
 *fill*         0x08002bda        0x2 
 .text.USART2_IRQHandler
                0x08002bdc       0x14 ./Core/Src/stm32f4xx_it.o
                0x08002bdc                USART2_IRQHandler
 .text._sbrk    0x08002bf0       0x6c ./Core/Src/sysmem.o
                0x08002bf0                _sbrk
 .text.SystemInit
                0x08002c5c       0x24 ./Core/Src/system_stm32f4xx.o
                0x08002c5c                SystemInit
 .text.Reset_Handler
                0x08002c80       0x50 ./Core/Startup/startup_stm32f401retx.o
                0x08002c80                Reset_Handler
 .text.Default_Handler
                0x08002cd0        0x2 ./Core/Startup/startup_stm32f401retx.o
                0x08002cd0                RTC_Alarm_IRQHandler
                0x08002cd0                EXTI2_IRQHandler
                0x08002cd0                SPI4_IRQHandler
                0x08002cd0                TIM1_CC_IRQHandler
                0x08002cd0                DMA2_Stream5_IRQHandler
                0x08002cd0                DMA1_Stream5_IRQHandler
                0x08002cd0                PVD_IRQHandler
                0x08002cd0                SDIO_IRQHandler
                0x08002cd0                TAMP_STAMP_IRQHandler
                0x08002cd0                EXTI3_IRQHandler
                0x08002cd0                TIM1_UP_TIM10_IRQHandler
                0x08002cd0                I2C3_ER_IRQHandler
                0x08002cd0                EXTI0_IRQHandler
                0x08002cd0                I2C2_EV_IRQHandler
                0x08002cd0                DMA1_Stream2_IRQHandler
                0x08002cd0                FPU_IRQHandler
                0x08002cd0                DMA2_Stream2_IRQHandler
                0x08002cd0                SPI1_IRQHandler
                0x08002cd0                TIM1_BRK_TIM9_IRQHandler
                0x08002cd0                DMA2_Stream3_IRQHandler
                0x08002cd0                USART6_IRQHandler
                0x08002cd0                DMA2_Stream0_IRQHandler
                0x08002cd0                TIM4_IRQHandler
                0x08002cd0                I2C1_EV_IRQHandler
                0x08002cd0                DMA1_Stream6_IRQHandler
                0x08002cd0                DMA1_Stream1_IRQHandler
                0x08002cd0                TIM3_IRQHandler
                0x08002cd0                RCC_IRQHandler
                0x08002cd0                Default_Handler
                0x08002cd0                EXTI15_10_IRQHandler
                0x08002cd0                ADC_IRQHandler
                0x08002cd0                DMA1_Stream7_IRQHandler
                0x08002cd0                TIM5_IRQHandler
                0x08002cd0                DMA2_Stream7_IRQHandler
                0x08002cd0                I2C3_EV_IRQHandler
                0x08002cd0                EXTI9_5_IRQHandler
                0x08002cd0                RTC_WKUP_IRQHandler
                0x08002cd0                SPI2_IRQHandler
                0x08002cd0                DMA1_Stream0_IRQHandler
                0x08002cd0                EXTI4_IRQHandler
                0x08002cd0                WWDG_IRQHandler
                0x08002cd0                TIM2_IRQHandler
                0x08002cd0                OTG_FS_WKUP_IRQHandler
                0x08002cd0                TIM1_TRG_COM_TIM11_IRQHandler
                0x08002cd0                EXTI1_IRQHandler
                0x08002cd0                I2C2_ER_IRQHandler
                0x08002cd0                DMA2_Stream1_IRQHandler
                0x08002cd0                FLASH_IRQHandler
                0x08002cd0                DMA2_Stream4_IRQHandler
                0x08002cd0                USART1_IRQHandler
                0x08002cd0                OTG_FS_IRQHandler
                0x08002cd0                SPI3_IRQHandler
                0x08002cd0                DMA1_Stream4_IRQHandler
                0x08002cd0                I2C1_ER_IRQHandler
                0x08002cd0                DMA2_Stream6_IRQHandler
                0x08002cd0                DMA1_Stream3_IRQHandler
 *fill*         0x08002cd2        0x2 
 .text.HAL_Init
                0x08002cd4       0x44 ./Drivers/STM32F4xx_HAL_Driver/Src/stm32f4xx_hal.o
                0x08002cd4                HAL_Init
 .text.HAL_InitTick
                0x08002d18       0x60 ./Drivers/STM32F4xx_HAL_Driver/Src/stm32f4xx_hal.o
                0x08002d18                HAL_InitTick
 .text.HAL_IncTick
                0x08002d78       0x28 ./Drivers/STM32F4xx_HAL_Driver/Src/stm32f4xx_hal.o
                0x08002d78                HAL_IncTick
 .text.HAL_GetTick
                0x08002da0       0x18 ./Drivers/STM32F4xx_HAL_Driver/Src/stm32f4xx_hal.o
                0x08002da0                HAL_GetTick
 .text.HAL_Delay
                0x08002db8       0x48 ./Drivers/STM32F4xx_HAL_Driver/Src/stm32f4xx_hal.o
                0x08002db8                HAL_Delay
 .text.__NVIC_SetPriorityGrouping
                0x08002e00       0x48 ./Drivers/STM32F4xx_HAL_Driver/Src/stm32f4xx_hal_cortex.o
 .text.__NVIC_GetPriorityGrouping
                0x08002e48       0x1c ./Drivers/STM32F4xx_HAL_Driver/Src/stm32f4xx_hal_cortex.o
 .text.__NVIC_EnableIRQ
                0x08002e64       0x3c ./Drivers/STM32F4xx_HAL_Driver/Src/stm32f4xx_hal_cortex.o
 .text.__NVIC_SetPriority
                0x08002ea0       0x54 ./Drivers/STM32F4xx_HAL_Driver/Src/stm32f4xx_hal_cortex.o
 .text.NVIC_EncodePriority
                0x08002ef4       0x66 ./Drivers/STM32F4xx_HAL_Driver/Src/stm32f4xx_hal_cortex.o
 *fill*         0x08002f5a        0x2 
 .text.SysTick_Config
                0x08002f5c       0x44 ./Drivers/STM32F4xx_HAL_Driver/Src/stm32f4xx_hal_cortex.o
 .text.HAL_NVIC_SetPriorityGrouping
                0x08002fa0       0x40 ./Drivers/STM32F4xx_HAL_Driver/Src/stm32f4xx_hal_cortex.o
                0x08002fa0                HAL_NVIC_SetPriorityGrouping
 .text.HAL_NVIC_SetPriority
                0x08002fe0       0x58 ./Drivers/STM32F4xx_HAL_Driver/Src/stm32f4xx_hal_cortex.o
                0x08002fe0                HAL_NVIC_SetPriority
 .text.HAL_NVIC_EnableIRQ
                0x08003038       0x30 ./Drivers/STM32F4xx_HAL_Driver/Src/stm32f4xx_hal_cortex.o
                0x08003038                HAL_NVIC_EnableIRQ
 .text.HAL_SYSTICK_Config
                0x08003068       0x18 ./Drivers/STM32F4xx_HAL_Driver/Src/stm32f4xx_hal_cortex.o
                0x08003068                HAL_SYSTICK_Config
 .text.HAL_DMA_Abort
                0x08003080       0xe0 ./Drivers/STM32F4xx_HAL_Driver/Src/stm32f4xx_hal_dma.o
                0x08003080                HAL_DMA_Abort
 .text.HAL_DMA_Abort_IT
                0x08003160       0x44 ./Drivers/STM32F4xx_HAL_Driver/Src/stm32f4xx_hal_dma.o
                0x08003160                HAL_DMA_Abort_IT
 .text.HAL_FLASH_Program
                0x080031a4       0xc8 ./Drivers/STM32F4xx_HAL_Driver/Src/stm32f4xx_hal_flash.o
                0x080031a4                HAL_FLASH_Program
 .text.HAL_FLASH_Unlock
                0x0800326c       0x44 ./Drivers/STM32F4xx_HAL_Driver/Src/stm32f4xx_hal_flash.o
                0x0800326c                HAL_FLASH_Unlock
 .text.HAL_FLASH_Lock
                0x080032b0       0x20 ./Drivers/STM32F4xx_HAL_Driver/Src/stm32f4xx_hal_flash.o
                0x080032b0                HAL_FLASH_Lock
 .text.FLASH_WaitForLastOperation
                0x080032d0       0x80 ./Drivers/STM32F4xx_HAL_Driver/Src/stm32f4xx_hal_flash.o
                0x080032d0                FLASH_WaitForLastOperation
 .text.FLASH_Program_DoubleWord
                0x08003350       0x9c ./Drivers/STM32F4xx_HAL_Driver/Src/stm32f4xx_hal_flash.o
 .text.FLASH_Program_Word
                0x080033ec       0x7c ./Drivers/STM32F4xx_HAL_Driver/Src/stm32f4xx_hal_flash.o
 .text.FLASH_Program_HalfWord
                0x08003468       0x7c ./Drivers/STM32F4xx_HAL_Driver/Src/stm32f4xx_hal_flash.o
 .text.FLASH_Program_Byte
                0x080034e4       0x78 ./Drivers/STM32F4xx_HAL_Driver/Src/stm32f4xx_hal_flash.o
 .text.FLASH_SetErrorCode
                0x0800355c       0xcc ./Drivers/STM32F4xx_HAL_Driver/Src/stm32f4xx_hal_flash.o
 .text.HAL_FLASHEx_Erase
                0x08003628      0x11c ./Drivers/STM32F4xx_HAL_Driver/Src/stm32f4xx_hal_flash_ex.o
                0x08003628                HAL_FLASHEx_Erase
 .text.FLASH_MassErase
                0x08003744       0x78 ./Drivers/STM32F4xx_HAL_Driver/Src/stm32f4xx_hal_flash_ex.o
 .text.FLASH_Erase_Sector
                0x080037bc       0xec ./Drivers/STM32F4xx_HAL_Driver/Src/stm32f4xx_hal_flash_ex.o
                0x080037bc                FLASH_Erase_Sector
 .text.FLASH_FlushCaches
                0x080038a8       0x8c ./Drivers/STM32F4xx_HAL_Driver/Src/stm32f4xx_hal_flash_ex.o
                0x080038a8                FLASH_FlushCaches
 .text.HAL_GPIO_Init
                0x08003934      0x524 ./Drivers/STM32F4xx_HAL_Driver/Src/stm32f4xx_hal_gpio.o
                0x08003934                HAL_GPIO_Init
 .text.HAL_GPIO_WritePin
                0x08003e58       0x58 ./Drivers/STM32F4xx_HAL_Driver/Src/stm32f4xx_hal_gpio.o
                0x08003e58                HAL_GPIO_WritePin
 .text.HAL_RCC_OscConfig
                0x08003eb0      0x658 ./Drivers/STM32F4xx_HAL_Driver/Src/stm32f4xx_hal_rcc.o
                0x08003eb0                HAL_RCC_OscConfig
 .text.HAL_RCC_ClockConfig
                0x08004508      0x31c ./Drivers/STM32F4xx_HAL_Driver/Src/stm32f4xx_hal_rcc.o
                0x08004508                HAL_RCC_ClockConfig
 .text.HAL_RCC_GetSysClockFreq
                0x08004824      0x188 ./Drivers/STM32F4xx_HAL_Driver/Src/stm32f4xx_hal_rcc.o
                0x08004824                HAL_RCC_GetSysClockFreq
 .text.HAL_RCC_GetHCLKFreq
                0x080049ac       0x18 ./Drivers/STM32F4xx_HAL_Driver/Src/stm32f4xx_hal_rcc.o
                0x080049ac                HAL_RCC_GetHCLKFreq
 .text.HAL_RCC_GetPCLK1Freq
                0x080049c4       0x28 ./Drivers/STM32F4xx_HAL_Driver/Src/stm32f4xx_hal_rcc.o
                0x080049c4                HAL_RCC_GetPCLK1Freq
 .text.HAL_RCC_GetPCLK2Freq
                0x080049ec       0x28 ./Drivers/STM32F4xx_HAL_Driver/Src/stm32f4xx_hal_rcc.o
                0x080049ec                HAL_RCC_GetPCLK2Freq
 .text.HAL_UART_Init
                0x08004a14      0x18c ./Drivers/STM32F4xx_HAL_Driver/Src/stm32f4xx_hal_uart.o
                0x08004a14                HAL_UART_Init
 .text.HAL_UART_Transmit
                0x08004ba0      0x116 ./Drivers/STM32F4xx_HAL_Driver/Src/stm32f4xx_hal_uart.o
                0x08004ba0                HAL_UART_Transmit
 .text.HAL_UART_Receive
                0x08004cb6      0x12e ./Drivers/STM32F4xx_HAL_Driver/Src/stm32f4xx_hal_uart.o
                0x08004cb6                HAL_UART_Receive
 .text.HAL_UART_Receive_IT
                0x08004de4       0x4a ./Drivers/STM32F4xx_HAL_Driver/Src/stm32f4xx_hal_uart.o
                0x08004de4                HAL_UART_Receive_IT
 *fill*         0x08004e2e        0x2 
 .text.HAL_UART_AbortReceive_IT
                0x08004e30      0x168 ./Drivers/STM32F4xx_HAL_Driver/Src/stm32f4xx_hal_uart.o
                0x08004e30                HAL_UART_AbortReceive_IT
 .text.HAL_UART_IRQHandler
                0x08004f98      0x564 ./Drivers/STM32F4xx_HAL_Driver/Src/stm32f4xx_hal_uart.o
                0x08004f98                HAL_UART_IRQHandler
 .text.HAL_UART_TxCpltCallback
                0x080054fc       0x14 ./Drivers/STM32F4xx_HAL_Driver/Src/stm32f4xx_hal_uart.o
                0x080054fc                HAL_UART_TxCpltCallback
 .text.HAL_UART_TxHalfCpltCallback
                0x08005510       0x14 ./Drivers/STM32F4xx_HAL_Driver/Src/stm32f4xx_hal_uart.o
                0x08005510                HAL_UART_TxHalfCpltCallback
 .text.HAL_UART_RxHalfCpltCallback
                0x08005524       0x14 ./Drivers/STM32F4xx_HAL_Driver/Src/stm32f4xx_hal_uart.o
                0x08005524                HAL_UART_RxHalfCpltCallback
 .text.HAL_UART_ErrorCallback
                0x08005538       0x14 ./Drivers/STM32F4xx_HAL_Driver/Src/stm32f4xx_hal_uart.o
                0x08005538                HAL_UART_ErrorCallback
 .text.HAL_UART_AbortCpltCallback
                0x0800554c       0x14 ./Drivers/STM32F4xx_HAL_Driver/Src/stm32f4xx_hal_uart.o
                0x0800554c                HAL_UART_AbortCpltCallback
 .text.HAL_UART_AbortTransmitCpltCallback
                0x08005560       0x14 ./Drivers/STM32F4xx_HAL_Driver/Src/stm32f4xx_hal_uart.o
                0x08005560                HAL_UART_AbortTransmitCpltCallback
 .text.HAL_UART_AbortReceiveCpltCallback
                0x08005574       0x14 ./Drivers/STM32F4xx_HAL_Driver/Src/stm32f4xx_hal_uart.o
                0x08005574                HAL_UART_AbortReceiveCpltCallback
 .text.HAL_UARTEx_RxEventCallback
                0x08005588       0x18 ./Drivers/STM32F4xx_HAL_Driver/Src/stm32f4xx_hal_uart.o
                0x08005588                HAL_UARTEx_RxEventCallback
 .text.UART_InitCallbacksToDefault
                0x080055a0       0x70 ./Drivers/STM32F4xx_HAL_Driver/Src/stm32f4xx_hal_uart.o
                0x080055a0                UART_InitCallbacksToDefault
 .text.UART_WaitOnFlagUntilTimeout
                0x08005610       0xb2 ./Drivers/STM32F4xx_HAL_Driver/Src/stm32f4xx_hal_uart.o
 .text.UART_Start_Receive_IT
                0x080056c2       0x74 ./Drivers/STM32F4xx_HAL_Driver/Src/stm32f4xx_hal_uart.o
                0x080056c2                UART_Start_Receive_IT
 .text.UART_EndRxTransfer
                0x08005736       0xc6 ./Drivers/STM32F4xx_HAL_Driver/Src/stm32f4xx_hal_uart.o
 .text.UART_DMAAbortOnError
                0x080057fc       0x24 ./Drivers/STM32F4xx_HAL_Driver/Src/stm32f4xx_hal_uart.o
 .text.UART_DMARxOnlyAbortCallback
                0x08005820       0x32 ./Drivers/STM32F4xx_HAL_Driver/Src/stm32f4xx_hal_uart.o
 .text.UART_Transmit_IT
                0x08005852       0xa0 ./Drivers/STM32F4xx_HAL_Driver/Src/stm32f4xx_hal_uart.o
 .text.UART_EndTransmit_IT
                0x080058f2       0x32 ./Drivers/STM32F4xx_HAL_Driver/Src/stm32f4xx_hal_uart.o
 .text.UART_Receive_IT
                0x08005924      0x180 ./Drivers/STM32F4xx_HAL_Driver/Src/stm32f4xx_hal_uart.o
 .text.UART_SetConfig
                0x08005aa4      0x574 ./Drivers/STM32F4xx_HAL_Driver/Src/stm32f4xx_hal_uart.o
 .text.snprintf
                0x08006018       0x6c C:/ST/STM32CubeIDE_1.18.1/STM32CubeIDE/plugins/com.st.stm32cube.ide.mcu.externaltools.gnu-tools-for-stm32.14.3.rel1.win32_1.0.100.202602081740/tools/bin/../lib/gcc/arm-none-eabi/14.3.1/../../../../arm-none-eabi/lib/thumb/v7e-m+fp/hard\libc_nano.a(libc_a-snprintf.o)
                0x08006018                sniprintf
                0x08006018                snprintf
 .text.sprintf  0x08006084       0x44 C:/ST/STM32CubeIDE_1.18.1/STM32CubeIDE/plugins/com.st.stm32cube.ide.mcu.externaltools.gnu-tools-for-stm32.14.3.rel1.win32_1.0.100.202602081740/tools/bin/../lib/gcc/arm-none-eabi/14.3.1/../../../../arm-none-eabi/lib/thumb/v7e-m+fp/hard\libc_nano.a(libc_a-sprintf.o)
                0x08006084                siprintf
                0x08006084                sprintf
 .text.sscanf   0x080060c8       0x58 C:/ST/STM32CubeIDE_1.18.1/STM32CubeIDE/plugins/com.st.stm32cube.ide.mcu.externaltools.gnu-tools-for-stm32.14.3.rel1.win32_1.0.100.202602081740/tools/bin/../lib/gcc/arm-none-eabi/14.3.1/../../../../arm-none-eabi/lib/thumb/v7e-m+fp/hard\libc_nano.a(libc_a-sscanf.o)
                0x080060c8                siscanf
                0x080060c8                sscanf
 .text.__seofread
                0x08006120        0x4 C:/ST/STM32CubeIDE_1.18.1/STM32CubeIDE/plugins/com.st.stm32cube.ide.mcu.externaltools.gnu-tools-for-stm32.14.3.rel1.win32_1.0.100.202602081740/tools/bin/../lib/gcc/arm-none-eabi/14.3.1/../../../../arm-none-eabi/lib/thumb/v7e-m+fp/hard\libc_nano.a(libc_a-stdio.o)
                0x08006120                __seofread
 .text.memcmp   0x08006124       0x20 C:/ST/STM32CubeIDE_1.18.1/STM32CubeIDE/plugins/com.st.stm32cube.ide.mcu.externaltools.gnu-tools-for-stm32.14.3.rel1.win32_1.0.100.202602081740/tools/bin/../lib/gcc/arm-none-eabi/14.3.1/../../../../arm-none-eabi/lib/thumb/v7e-m+fp/hard\libc_nano.a(libc_a-memcmp.o)
                0x08006124                memcmp
 .text.memset   0x08006144       0x10 C:/ST/STM32CubeIDE_1.18.1/STM32CubeIDE/plugins/com.st.stm32cube.ide.mcu.externaltools.gnu-tools-for-stm32.14.3.rel1.win32_1.0.100.202602081740/tools/bin/../lib/gcc/arm-none-eabi/14.3.1/../../../../arm-none-eabi/lib/thumb/v7e-m+fp/hard\libc_nano.a(libc_a-memset.o)
                0x08006144                memset
 .text.strncmp  0x08006154       0x24 C:/ST/STM32CubeIDE_1.18.1/STM32CubeIDE/plugins/com.st.stm32cube.ide.mcu.externaltools.gnu-tools-for-stm32.14.3.rel1.win32_1.0.100.202602081740/tools/bin/../lib/gcc/arm-none-eabi/14.3.1/../../../../arm-none-eabi/lib/thumb/v7e-m+fp/hard\libc_nano.a(libc_a-strncmp.o)
                0x08006154                strncmp
 .text.strncpy  0x08006178       0x26 C:/ST/STM32CubeIDE_1.18.1/STM32CubeIDE/plugins/com.st.stm32cube.ide.mcu.externaltools.gnu-tools-for-stm32.14.3.rel1.win32_1.0.100.202602081740/tools/bin/../lib/gcc/arm-none-eabi/14.3.1/../../../../arm-none-eabi/lib/thumb/v7e-m+fp/hard\libc_nano.a(libc_a-strncpy.o)
                0x08006178                strncpy
 .text.strstr   0x0800619e       0x2c C:/ST/STM32CubeIDE_1.18.1/STM32CubeIDE/plugins/com.st.stm32cube.ide.mcu.externaltools.gnu-tools-for-stm32.14.3.rel1.win32_1.0.100.202602081740/tools/bin/../lib/gcc/arm-none-eabi/14.3.1/../../../../arm-none-eabi/lib/thumb/v7e-m+fp/hard\libc_nano.a(libc_a-strstr.o)
                0x0800619e                strstr
 *fill*         0x080061ca        0x2 
 .text.__errno  0x080061cc        0xc C:/ST/STM32CubeIDE_1.18.1/STM32CubeIDE/plugins/com.st.stm32cube.ide.mcu.externaltools.gnu-tools-for-stm32.14.3.rel1.win32_1.0.100.202602081740/tools/bin/../lib/gcc/arm-none-eabi/14.3.1/../../../../arm-none-eabi/lib/thumb/v7e-m+fp/hard\libc_nano.a(libc_a-errno.o)
                0x080061cc                __errno
 .text.__libc_init_array
                0x080061d8       0x48 C:/ST/STM32CubeIDE_1.18.1/STM32CubeIDE/plugins/com.st.stm32cube.ide.mcu.externaltools.gnu-tools-for-stm32.14.3.rel1.win32_1.0.100.202602081740/tools/bin/../lib/gcc/arm-none-eabi/14.3.1/../../../../arm-none-eabi/lib/thumb/v7e-m+fp/hard\libc_nano.a(libc_a-init.o)
                0x080061d8                __libc_init_array
 .text.__retarget_lock_acquire_recursive
                0x08006220        0x2 C:/ST/STM32CubeIDE_1.18.1/STM32CubeIDE/plugins/com.st.stm32cube.ide.mcu.externaltools.gnu-tools-for-stm32.14.3.rel1.win32_1.0.100.202602081740/tools/bin/../lib/gcc/arm-none-eabi/14.3.1/../../../../arm-none-eabi/lib/thumb/v7e-m+fp/hard\libc_nano.a(libc_a-lock.o)
                0x08006220                __retarget_lock_acquire_recursive
 .text.__retarget_lock_release_recursive
                0x08006222        0x2 C:/ST/STM32CubeIDE_1.18.1/STM32CubeIDE/plugins/com.st.stm32cube.ide.mcu.externaltools.gnu-tools-for-stm32.14.3.rel1.win32_1.0.100.202602081740/tools/bin/../lib/gcc/arm-none-eabi/14.3.1/../../../../arm-none-eabi/lib/thumb/v7e-m+fp/hard\libc_nano.a(libc_a-lock.o)
                0x08006222                __retarget_lock_release_recursive
 .text.memcpy   0x08006224       0x1c C:/ST/STM32CubeIDE_1.18.1/STM32CubeIDE/plugins/com.st.stm32cube.ide.mcu.externaltools.gnu-tools-for-stm32.14.3.rel1.win32_1.0.100.202602081740/tools/bin/../lib/gcc/arm-none-eabi/14.3.1/../../../../arm-none-eabi/lib/thumb/v7e-m+fp/hard\libc_nano.a(libc_a-memcpy-stub.o)
                0x08006224                memcpy
 .text._free_r  0x08006240       0x94 C:/ST/STM32CubeIDE_1.18.1/STM32CubeIDE/plugins/com.st.stm32cube.ide.mcu.externaltools.gnu-tools-for-stm32.14.3.rel1.win32_1.0.100.202602081740/tools/bin/../lib/gcc/arm-none-eabi/14.3.1/../../../../arm-none-eabi/lib/thumb/v7e-m+fp/hard\libc_nano.a(libc_a-freer.o)
                0x08006240                _free_r
 .text.sbrk_aligned
                0x080062d4       0x44 C:/ST/STM32CubeIDE_1.18.1/STM32CubeIDE/plugins/com.st.stm32cube.ide.mcu.externaltools.gnu-tools-for-stm32.14.3.rel1.win32_1.0.100.202602081740/tools/bin/../lib/gcc/arm-none-eabi/14.3.1/../../../../arm-none-eabi/lib/thumb/v7e-m+fp/hard\libc_nano.a(libc_a-mallocr.o)
 .text._malloc_r
                0x08006318      0x100 C:/ST/STM32CubeIDE_1.18.1/STM32CubeIDE/plugins/com.st.stm32cube.ide.mcu.externaltools.gnu-tools-for-stm32.14.3.rel1.win32_1.0.100.202602081740/tools/bin/../lib/gcc/arm-none-eabi/14.3.1/../../../../arm-none-eabi/lib/thumb/v7e-m+fp/hard\libc_nano.a(libc_a-mallocr.o)
                0x08006318                _malloc_r
 .text.__malloc_lock
                0x08006418        0xc C:/ST/STM32CubeIDE_1.18.1/STM32CubeIDE/plugins/com.st.stm32cube.ide.mcu.externaltools.gnu-tools-for-stm32.14.3.rel1.win32_1.0.100.202602081740/tools/bin/../lib/gcc/arm-none-eabi/14.3.1/../../../../arm-none-eabi/lib/thumb/v7e-m+fp/hard\libc_nano.a(libc_a-mlock.o)
                0x08006418                __malloc_lock
 .text.__malloc_unlock
                0x08006424        0xc C:/ST/STM32CubeIDE_1.18.1/STM32CubeIDE/plugins/com.st.stm32cube.ide.mcu.externaltools.gnu-tools-for-stm32.14.3.rel1.win32_1.0.100.202602081740/tools/bin/../lib/gcc/arm-none-eabi/14.3.1/../../../../arm-none-eabi/lib/thumb/v7e-m+fp/hard\libc_nano.a(libc_a-mlock.o)
                0x08006424                __malloc_unlock
 .text.__ssputs_r
                0x08006430       0xc0 C:/ST/STM32CubeIDE_1.18.1/STM32CubeIDE/plugins/com.st.stm32cube.ide.mcu.externaltools.gnu-tools-for-stm32.14.3.rel1.win32_1.0.100.202602081740/tools/bin/../lib/gcc/arm-none-eabi/14.3.1/../../../../arm-none-eabi/lib/thumb/v7e-m+fp/hard\libc_nano.a(libc_a-nano-svfprintf.o)
                0x08006430                __ssputs_r
 .text._svfprintf_r
                0x080064f0      0x1f0 C:/ST/STM32CubeIDE_1.18.1/STM32CubeIDE/plugins/com.st.stm32cube.ide.mcu.externaltools.gnu-tools-for-stm32.14.3.rel1.win32_1.0.100.202602081740/tools/bin/../lib/gcc/arm-none-eabi/14.3.1/../../../../arm-none-eabi/lib/thumb/v7e-m+fp/hard\libc_nano.a(libc_a-nano-svfprintf.o)
                0x080064f0                _svfiprintf_r
                0x080064f0                _svfprintf_r
 .text._sungetc_r
                0x080066e0       0x7a C:/ST/STM32CubeIDE_1.18.1/STM32CubeIDE/plugins/com.st.stm32cube.ide.mcu.externaltools.gnu-tools-for-stm32.14.3.rel1.win32_1.0.100.202602081740/tools/bin/../lib/gcc/arm-none-eabi/14.3.1/../../../../arm-none-eabi/lib/thumb/v7e-m+fp/hard\libc_nano.a(libc_a-nano-svfscanf.o)
                0x080066e0                _sungetc_r
 .text.__ssrefill_r
                0x0800675a       0x3a C:/ST/STM32CubeIDE_1.18.1/STM32CubeIDE/plugins/com.st.stm32cube.ide.mcu.externaltools.gnu-tools-for-stm32.14.3.rel1.win32_1.0.100.202602081740/tools/bin/../lib/gcc/arm-none-eabi/14.3.1/../../../../arm-none-eabi/lib/thumb/v7e-m+fp/hard\libc_nano.a(libc_a-nano-svfscanf.o)
                0x0800675a                __ssrefill_r
 .text.__ssvfscanf_r
                0x08006794      0x2fc C:/ST/STM32CubeIDE_1.18.1/STM32CubeIDE/plugins/com.st.stm32cube.ide.mcu.externaltools.gnu-tools-for-stm32.14.3.rel1.win32_1.0.100.202602081740/tools/bin/../lib/gcc/arm-none-eabi/14.3.1/../../../../arm-none-eabi/lib/thumb/v7e-m+fp/hard\libc_nano.a(libc_a-nano-svfscanf.o)
                0x08006794                __ssvfiscanf_r
                0x08006794                __ssvfscanf_r
 .text._printf_common
                0x08006a90       0xda C:/ST/STM32CubeIDE_1.18.1/STM32CubeIDE/plugins/com.st.stm32cube.ide.mcu.externaltools.gnu-tools-for-stm32.14.3.rel1.win32_1.0.100.202602081740/tools/bin/../lib/gcc/arm-none-eabi/14.3.1/../../../../arm-none-eabi/lib/thumb/v7e-m+fp/hard\libc_nano.a(libc_a-nano-vfprintf_i.o)
                0x08006a90                _printf_common
 *fill*         0x08006b6a        0x2 
 .text._printf_i
                0x08006b6c      0x24c C:/ST/STM32CubeIDE_1.18.1/STM32CubeIDE/plugins/com.st.stm32cube.ide.mcu.externaltools.gnu-tools-for-stm32.14.3.rel1.win32_1.0.100.202602081740/tools/bin/../lib/gcc/arm-none-eabi/14.3.1/../../../../arm-none-eabi/lib/thumb/v7e-m+fp/hard\libc_nano.a(libc_a-nano-vfprintf_i.o)
                0x08006b6c                _printf_i
 .text._scanf_chars
                0x08006db8       0xb4 C:/ST/STM32CubeIDE_1.18.1/STM32CubeIDE/plugins/com.st.stm32cube.ide.mcu.externaltools.gnu-tools-for-stm32.14.3.rel1.win32_1.0.100.202602081740/tools/bin/../lib/gcc/arm-none-eabi/14.3.1/../../../../arm-none-eabi/lib/thumb/v7e-m+fp/hard\libc_nano.a(libc_a-nano-vfscanf_i.o)
                0x08006db8                _scanf_chars
 .text._scanf_i
                0x08006e6c      0x1e4 C:/ST/STM32CubeIDE_1.18.1/STM32CubeIDE/plugins/com.st.stm32cube.ide.mcu.externaltools.gnu-tools-for-stm32.14.3.rel1.win32_1.0.100.202602081740/tools/bin/../lib/gcc/arm-none-eabi/14.3.1/../../../../arm-none-eabi/lib/thumb/v7e-m+fp/hard\libc_nano.a(libc_a-nano-vfscanf_i.o)
                0x08006e6c                _scanf_i
 .text.__sccl   0x08007050       0x72 C:/ST/STM32CubeIDE_1.18.1/STM32CubeIDE/plugins/com.st.stm32cube.ide.mcu.externaltools.gnu-tools-for-stm32.14.3.rel1.win32_1.0.100.202602081740/tools/bin/../lib/gcc/arm-none-eabi/14.3.1/../../../../arm-none-eabi/lib/thumb/v7e-m+fp/hard\libc_nano.a(libc_a-sccl.o)
                0x08007050                __sccl
 .text.__submore
                0x080070c2       0x74 C:/ST/STM32CubeIDE_1.18.1/STM32CubeIDE/plugins/com.st.stm32cube.ide.mcu.externaltools.gnu-tools-for-stm32.14.3.rel1.win32_1.0.100.202602081740/tools/bin/../lib/gcc/arm-none-eabi/14.3.1/../../../../arm-none-eabi/lib/thumb/v7e-m+fp/hard\libc_nano.a(libc_a-ungetc.o)
                0x080070c2                __submore
 .text.memmove  0x08007136       0x32 C:/ST/STM32CubeIDE_1.18.1/STM32CubeIDE/plugins/com.st.stm32cube.ide.mcu.externaltools.gnu-tools-for-stm32.14.3.rel1.win32_1.0.100.202602081740/tools/bin/../lib/gcc/arm-none-eabi/14.3.1/../../../../arm-none-eabi/lib/thumb/v7e-m+fp/hard\libc_nano.a(libc_a-memmove.o)
                0x08007136                memmove
 .text._sbrk_r  0x08007168       0x20 C:/ST/STM32CubeIDE_1.18.1/STM32CubeIDE/plugins/com.st.stm32cube.ide.mcu.externaltools.gnu-tools-for-stm32.14.3.rel1.win32_1.0.100.202602081740/tools/bin/../lib/gcc/arm-none-eabi/14.3.1/../../../../arm-none-eabi/lib/thumb/v7e-m+fp/hard\libc_nano.a(libc_a-sbrkr.o)
                0x08007168                _sbrk_r
 .text._realloc_r
                0x08007188       0x5c C:/ST/STM32CubeIDE_1.18.1/STM32CubeIDE/plugins/com.st.stm32cube.ide.mcu.externaltools.gnu-tools-for-stm32.14.3.rel1.win32_1.0.100.202602081740/tools/bin/../lib/gcc/arm-none-eabi/14.3.1/../../../../arm-none-eabi/lib/thumb/v7e-m+fp/hard\libc_nano.a(libc_a-reallocr.o)
                0x08007188                _realloc_r
 .text._strtol_l.isra.0
                0x080071e4       0xf4 C:/ST/STM32CubeIDE_1.18.1/STM32CubeIDE/plugins/com.st.stm32cube.ide.mcu.externaltools.gnu-tools-for-stm32.14.3.rel1.win32_1.0.100.202602081740/tools/bin/../lib/gcc/arm-none-eabi/14.3.1/../../../../arm-none-eabi/lib/thumb/v7e-m+fp/hard\libc_nano.a(libc_a-strtol.o)
 .text._strtol_r
                0x080072d8        0x4 C:/ST/STM32CubeIDE_1.18.1/STM32CubeIDE/plugins/com.st.stm32cube.ide.mcu.externaltools.gnu-tools-for-stm32.14.3.rel1.win32_1.0.100.202602081740/tools/bin/../lib/gcc/arm-none-eabi/14.3.1/../../../../arm-none-eabi/lib/thumb/v7e-m+fp/hard\libc_nano.a(libc_a-strtol.o)
                0x080072d8                _strtol_r
 .text._strtoul_l.isra.0
                0x080072dc       0xdc C:/ST/STM32CubeIDE_1.18.1/STM32CubeIDE/plugins/com.st.stm32cube.ide.mcu.externaltools.gnu-tools-for-stm32.14.3.rel1.win32_1.0.100.202602081740/tools/bin/../lib/gcc/arm-none-eabi/14.3.1/../../../../arm-none-eabi/lib/thumb/v7e-m+fp/hard\libc_nano.a(libc_a-strtoul.o)
 .text._strtoul_r
                0x080073b8        0x4 C:/ST/STM32CubeIDE_1.18.1/STM32CubeIDE/plugins/com.st.stm32cube.ide.mcu.externaltools.gnu-tools-for-stm32.14.3.rel1.win32_1.0.100.202602081740/tools/bin/../lib/gcc/arm-none-eabi/14.3.1/../../../../arm-none-eabi/lib/thumb/v7e-m+fp/hard\libc_nano.a(libc_a-strtoul.o)
                0x080073b8                _strtoul_r
 .text._malloc_usable_size_r
                0x080073bc       0x10 C:/ST/STM32CubeIDE_1.18.1/STM32CubeIDE/plugins/com.st.stm32cube.ide.mcu.externaltools.gnu-tools-for-stm32.14.3.rel1.win32_1.0.100.202602081740/tools/bin/../lib/gcc/arm-none-eabi/14.3.1/../../../../arm-none-eabi/lib/thumb/v7e-m+fp/hard\libc_nano.a(libc_a-msizer.o)
                0x080073bc                _malloc_usable_size_r
 *(.glue_7)
 .glue_7        0x080073cc        0x0 linker stubs
 *(.glue_7t)
 .glue_7t       0x080073cc        0x0 linker stubs
 *(.eh_frame)
 .eh_frame      0x080073cc        0x0 C:/ST/STM32CubeIDE_1.18.1/STM32CubeIDE/plugins/com.st.stm32cube.ide.mcu.externaltools.gnu-tools-for-stm32.14.3.rel1.win32_1.0.100.202602081740/tools/bin/../lib/gcc/arm-none-eabi/14.3.1/thumb/v7e-m+fp/hard/crtbegin.o
 *(.init)
 .init          0x080073cc        0x4 C:/ST/STM32CubeIDE_1.18.1/STM32CubeIDE/plugins/com.st.stm32cube.ide.mcu.externaltools.gnu-tools-for-stm32.14.3.rel1.win32_1.0.100.202602081740/tools/bin/../lib/gcc/arm-none-eabi/14.3.1/thumb/v7e-m+fp/hard/crti.o
                0x080073cc                _init
 .init          0x080073d0        0x8 C:/ST/STM32CubeIDE_1.18.1/STM32CubeIDE/plugins/com.st.stm32cube.ide.mcu.externaltools.gnu-tools-for-stm32.14.3.rel1.win32_1.0.100.202602081740/tools/bin/../lib/gcc/arm-none-eabi/14.3.1/thumb/v7e-m+fp/hard/crtn.o
 *(.fini)
 .fini          0x080073d8        0x4 C:/ST/STM32CubeIDE_1.18.1/STM32CubeIDE/plugins/com.st.stm32cube.ide.mcu.externaltools.gnu-tools-for-stm32.14.3.rel1.win32_1.0.100.202602081740/tools/bin/../lib/gcc/arm-none-eabi/14.3.1/thumb/v7e-m+fp/hard/crti.o
                0x080073d8                _fini
 .fini          0x080073dc        0x8 C:/ST/STM32CubeIDE_1.18.1/STM32CubeIDE/plugins/com.st.stm32cube.ide.mcu.externaltools.gnu-tools-for-stm32.14.3.rel1.win32_1.0.100.202602081740/tools/bin/../lib/gcc/arm-none-eabi/14.3.1/thumb/v7e-m+fp/hard/crtn.o
                0x080073e4                        . = ALIGN (0x4)
                0x080073e4                        _etext = .
 FILL mask 0xff

.vfp11_veneer   0x080073e4        0x0
 .vfp11_veneer  0x080073e4        0x0 linker stubs

.v4_bx          0x080073e4        0x0
 .v4_bx         0x080073e4        0x0 linker stubs

.iplt           0x080073e4        0x0
 .iplt          0x080073e4        0x0 C:/ST/STM32CubeIDE_1.18.1/STM32CubeIDE/plugins/com.st.stm32cube.ide.mcu.externaltools.gnu-tools-for-stm32.14.3.rel1.win32_1.0.100.202602081740/tools/bin/../lib/gcc/arm-none-eabi/14.3.1/thumb/v7e-m+fp/hard/crtbegin.o

.rodata         0x080073e4      0x9a0
                0x080073e4                        . = ALIGN (0x4)
 *(.rodata)
 .rodata        0x080073e4       0x83 ./Core/Src/at_command.o
 *fill*         0x08007467        0x1 
 .rodata        0x08007468      0x467 ./Core/Src/bootloader_download.o
 *fill*         0x080078cf        0x1 
 .rodata        0x080078d0       0x42 ./Core/Src/main.o
 *fill*         0x08007912        0x2 
 .rodata        0x08007914       0x3b ./Drivers/STM32F4xx_HAL_Driver/Src/stm32f4xx_hal_cortex.o
 *fill*         0x0800794f        0x1 
 .rodata        0x08007950       0x3a ./Drivers/STM32F4xx_HAL_Driver/Src/stm32f4xx_hal_flash.o
 *fill*         0x0800798a        0x2 
 .rodata        0x0800798c       0x3d ./Drivers/STM32F4xx_HAL_Driver/Src/stm32f4xx_hal_flash_ex.o
 *fill*         0x080079c9        0x3 
 .rodata        0x080079cc       0x39 ./Drivers/STM32F4xx_HAL_Driver/Src/stm32f4xx_hal_gpio.o
 *fill*         0x08007a05        0x3 
 .rodata        0x08007a08       0x38 ./Drivers/STM32F4xx_HAL_Driver/Src/stm32f4xx_hal_rcc.o
 .rodata        0x08007a40       0x39 ./Drivers/STM32F4xx_HAL_Driver/Src/stm32f4xx_hal_uart.o
 *fill*         0x08007a79        0x3 
 .rodata        0x08007a7c        0xc C:/ST/STM32CubeIDE_1.18.1/STM32CubeIDE/plugins/com.st.stm32cube.ide.mcu.externaltools.gnu-tools-for-stm32.14.3.rel1.win32_1.0.100.202602081740/tools/bin/../lib/gcc/arm-none-eabi/14.3.1/../../../../arm-none-eabi/lib/thumb/v7e-m+fp/hard\libc_nano.a(libc_a-nano-vfscanf_i.o)
 *(.rodata*)
 .rodata.__FUNCTION__.0
                0x08007a88        0xf ./Core/Src/at_command.o
 *fill*         0x08007a97        0x1 
 .rodata.__FUNCTION__.5
                0x08007a98        0xb ./Core/Src/bootloader_download.o
 *fill*         0x08007aa3        0x1 
 .rodata.__FUNCTION__.4
                0x08007aa4        0xf ./Core/Src/bootloader_download.o
 *fill*         0x08007ab3        0x1 
 .rodata.MAGIC.3
                0x08007ab4        0x8 ./Core/Src/bootloader_download.o
 .rodata.__FUNCTION__.2
                0x08007abc       0x19 ./Core/Src/bootloader_download.o
 *fill*         0x08007ad5        0x3 
 .rodata.__FUNCTION__.1
                0x08007ad8       0x1c ./Core/Src/bootloader_download.o
 .rodata.MAGIC  0x08007af4        0x8 ./Core/Src/bootloader_logic.o
 .rodata.INV_MAGIC
                0x08007afc        0x8 ./Core/Src/bootloader_logic.o
 .rodata.VALIDATION_DOWNLOAD
                0x08007b04        0x8 ./Core/Src/bootloader_logic.o
 .rodata.VALIDATION_READY
                0x08007b0c        0x8 ./Core/Src/bootloader_logic.o
 .rodata.INVALIDATION
                0x08007b14        0x8 ./Core/Src/bootloader_logic.o
 .rodata.k      0x08007b1c      0x100 ./Core/Src/sha256.o
 .rodata.AHBPrescTable
                0x08007c1c       0x10 ./Core/Src/system_stm32f4xx.o
                0x08007c1c                AHBPrescTable
 .rodata.APBPrescTable
                0x08007c2c        0x8 ./Core/Src/system_stm32f4xx.o
                0x08007c2c                APBPrescTable
 .rodata._svfprintf_r.str1.1
                0x08007c34       0x4e C:/ST/STM32CubeIDE_1.18.1/STM32CubeIDE/plugins/com.st.stm32cube.ide.mcu.externaltools.gnu-tools-for-stm32.14.3.rel1.win32_1.0.100.202602081740/tools/bin/../lib/gcc/arm-none-eabi/14.3.1/../../../../arm-none-eabi/lib/thumb/v7e-m+fp/hard\libc_nano.a(libc_a-nano-svfprintf.o)
                                 0x11 (size before relaxing)
 .rodata.__ssvfscanf_r.str1.1
                0x08007c82        0x4 C:/ST/STM32CubeIDE_1.18.1/STM32CubeIDE/plugins/com.st.stm32cube.ide.mcu.externaltools.gnu-tools-for-stm32.14.3.rel1.win32_1.0.100.202602081740/tools/bin/../lib/gcc/arm-none-eabi/14.3.1/../../../../arm-none-eabi/lib/thumb/v7e-m+fp/hard\libc_nano.a(libc_a-nano-svfscanf.o)
 .rodata._printf_i.str1.1
                0x08007c82       0x22 C:/ST/STM32CubeIDE_1.18.1/STM32CubeIDE/plugins/com.st.stm32cube.ide.mcu.externaltools.gnu-tools-for-stm32.14.3.rel1.win32_1.0.100.202602081740/tools/bin/../lib/gcc/arm-none-eabi/14.3.1/../../../../arm-none-eabi/lib/thumb/v7e-m+fp/hard\libc_nano.a(libc_a-nano-vfprintf_i.o)
 .rodata._scanf_i.str1.1
                0x08007c82       0x12 C:/ST/STM32CubeIDE_1.18.1/STM32CubeIDE/plugins/com.st.stm32cube.ide.mcu.externaltools.gnu-tools-for-stm32.14.3.rel1.win32_1.0.100.202602081740/tools/bin/../lib/gcc/arm-none-eabi/14.3.1/../../../../arm-none-eabi/lib/thumb/v7e-m+fp/hard\libc_nano.a(libc_a-nano-vfscanf_i.o)
 .rodata.str1.1
                0x08007c82        0x9 C:/ST/STM32CubeIDE_1.18.1/STM32CubeIDE/plugins/com.st.stm32cube.ide.mcu.externaltools.gnu-tools-for-stm32.14.3.rel1.win32_1.0.100.202602081740/tools/bin/../lib/gcc/arm-none-eabi/14.3.1/../../../../arm-none-eabi/lib/thumb/v7e-m+fp/hard\libc_nano.a(libc_a-nano-vfscanf_i.o)
 .rodata._ctype_
                0x08007c82      0x101 C:/ST/STM32CubeIDE_1.18.1/STM32CubeIDE/plugins/com.st.stm32cube.ide.mcu.externaltools.gnu-tools-for-stm32.14.3.rel1.win32_1.0.100.202602081740/tools/bin/../lib/gcc/arm-none-eabi/14.3.1/../../../../arm-none-eabi/lib/thumb/v7e-m+fp/hard\libc_nano.a(libc_a-ctype_.o)
                0x08007c82                _ctype_
                0x08007d84                        . = ALIGN (0x4)
 *fill*         0x08007d83        0x1 
 FILL mask 0xff

.ARM.extab      0x08007d84        0x0
                0x08007d84                        . = ALIGN (0x4)
 *(.ARM.extab* .gnu.linkonce.armextab.*)
                0x08007d84                        . = ALIGN (0x4)

.ARM            0x08007d84        0x8
                0x08007d84                        . = ALIGN (0x4)
                0x08007d84                        __exidx_start = .
 *(.ARM.exidx*)
 .ARM.exidx     0x08007d84        0x8 C:/ST/STM32CubeIDE_1.18.1/STM32CubeIDE/plugins/com.st.stm32cube.ide.mcu.externaltools.gnu-tools-for-stm32.14.3.rel1.win32_1.0.100.202602081740/tools/bin/../lib/gcc/arm-none-eabi/14.3.1/../../../../arm-none-eabi/lib/thumb/v7e-m+fp/hard\libc_nano.a(libc_a-strcmp.o)
 .ARM.exidx     0x08007d8c        0x0 C:/ST/STM32CubeIDE_1.18.1/STM32CubeIDE/plugins/com.st.stm32cube.ide.mcu.externaltools.gnu-tools-for-stm32.14.3.rel1.win32_1.0.100.202602081740/tools/bin/../lib/gcc/arm-none-eabi/14.3.1/../../../../arm-none-eabi/lib/thumb/v7e-m+fp/hard\libc_nano.a(libc_a-strlen.o)
                                  0x8 (size before relaxing)
 .ARM.exidx     0x08007d8c        0x0 C:/ST/STM32CubeIDE_1.18.1/STM32CubeIDE/plugins/com.st.stm32cube.ide.mcu.externaltools.gnu-tools-for-stm32.14.3.rel1.win32_1.0.100.202602081740/tools/bin/../lib/gcc/arm-none-eabi/14.3.1/../../../../arm-none-eabi/lib/thumb/v7e-m+fp/hard\libc_nano.a(libc_a-memchr.o)
                                  0x8 (size before relaxing)
 .ARM.exidx     0x08007d8c        0x0 C:/ST/STM32CubeIDE_1.18.1/STM32CubeIDE/plugins/com.st.stm32cube.ide.mcu.externaltools.gnu-tools-for-stm32.14.3.rel1.win32_1.0.100.202602081740/tools/bin/../lib/gcc/arm-none-eabi/14.3.1/thumb/v7e-m+fp/hard\libgcc.a(_udivmoddi4.o)
                                  0x8 (size before relaxing)
                0x08007d8c                        __exidx_end = .
                0x08007d8c                        . = ALIGN (0x4)

.preinit_array  0x08007d8c        0x0
                0x08007d8c                        . = ALIGN (0x4)
                0x08007d8c                        PROVIDE (__preinit_array_start = .)
 *(.preinit_array*)
                0x08007d8c                        PROVIDE (__preinit_array_end = .)
                0x08007d8c                        . = ALIGN (0x4)

.init_array     0x08007d8c        0x4
                0x08007d8c                        . = ALIGN (0x4)
                0x08007d8c                        PROVIDE (__init_array_start = .)
 *(SORT_BY_NAME(.init_array.*))
 *(.init_array*)
 .init_array    0x08007d8c        0x4 C:/ST/STM32CubeIDE_1.18.1/STM32CubeIDE/plugins/com.st.stm32cube.ide.mcu.externaltools.gnu-tools-for-stm32.14.3.rel1.win32_1.0.100.202602081740/tools/bin/../lib/gcc/arm-none-eabi/14.3.1/thumb/v7e-m+fp/hard/crtbegin.o
                0x08007d90                        PROVIDE (__init_array_end = .)
                0x08007d90                        . = ALIGN (0x4)

.fini_array     0x08007d90        0x4
                0x08007d90                        . = ALIGN (0x4)
                [!provide]                        PROVIDE (__fini_array_start = .)
 *(SORT_BY_NAME(.fini_array.*))
 *(.fini_array*)
 .fini_array    0x08007d90        0x4 C:/ST/STM32CubeIDE_1.18.1/STM32CubeIDE/plugins/com.st.stm32cube.ide.mcu.externaltools.gnu-tools-for-stm32.14.3.rel1.win32_1.0.100.202602081740/tools/bin/../lib/gcc/arm-none-eabi/14.3.1/thumb/v7e-m+fp/hard/crtbegin.o
                [!provide]                        PROVIDE (__fini_array_end = .)
                0x08007d94                        . = ALIGN (0x4)
                0x08007d94                        _sidata = LOADADDR (.data)

.data           0x20000000       0x90 load address 0x08007d94
                0x20000000                        . = ALIGN (0x4)
                0x20000000                        _sdata = .
 *(.data)
 *(.data*)
 .data.mac_buf  0x20000000       0x14 ./Core/Src/bootloader_download.o
 .data.SystemCoreClock
                0x20000014        0x4 ./Core/Src/system_stm32f4xx.o
                0x20000014                SystemCoreClock
 .data.uwTickPrio
                0x20000018        0x4 ./Drivers/STM32F4xx_HAL_Driver/Src/stm32f4xx_hal.o
                0x20000018                uwTickPrio
 .data.uwTickFreq
                0x2000001c        0x1 ./Drivers/STM32F4xx_HAL_Driver/Src/stm32f4xx_hal.o
                0x2000001c                uwTickFreq
 *fill*         0x2000001d        0x3 
 .data.pFlash   0x20000020       0x20 ./Drivers/STM32F4xx_HAL_Driver/Src/stm32f4xx_hal_flash.o
                0x20000020                pFlash
 .data._impure_ptr
                0x20000040        0x4 C:/ST/STM32CubeIDE_1.18.1/STM32CubeIDE/plugins/com.st.stm32cube.ide.mcu.externaltools.gnu-tools-for-stm32.14.3.rel1.win32_1.0.100.202602081740/tools/bin/../lib/gcc/arm-none-eabi/14.3.1/../../../../arm-none-eabi/lib/thumb/v7e-m+fp/hard\libc_nano.a(libc_a-impure.o)
                0x20000040                _impure_ptr
 .data._impure_data
                0x20000044       0x4c C:/ST/STM32CubeIDE_1.18.1/STM32CubeIDE/plugins/com.st.stm32cube.ide.mcu.externaltools.gnu-tools-for-stm32.14.3.rel1.win32_1.0.100.202602081740/tools/bin/../lib/gcc/arm-none-eabi/14.3.1/../../../../arm-none-eabi/lib/thumb/v7e-m+fp/hard\libc_nano.a(libc_a-impure.o)
                0x20000044                _impure_data
 *(.RamFunc)
 *(.RamFunc*)
                0x20000090                        . = ALIGN (0x4)
                0x20000090                        _edata = .

.igot.plt       0x20000090        0x0 load address 0x08007e24
 .igot.plt      0x20000090        0x0 C:/ST/STM32CubeIDE_1.18.1/STM32CubeIDE/plugins/com.st.stm32cube.ide.mcu.externaltools.gnu-tools-for-stm32.14.3.rel1.win32_1.0.100.202602081740/tools/bin/../lib/gcc/arm-none-eabi/14.3.1/thumb/v7e-m+fp/hard/crtbegin.o

.app_metadata   0x08007e28       0x58
                0x08007e28                        . = ALIGN (0x8)
                0x08007e28                        _app_metadata_start = .
 *(.app_metadata)
 .app_metadata  0x08007e28       0x58 ./Core/Src/app_metadata.o
                0x08007e28                app_metadata
                0x08007e80                        _app_metadata_end = .
                0x08007e80                        _flash_image_end = .
 FILL mask 0xff

.rel.dyn        0x08007e80        0x0
 .rel.iplt      0x08007e80        0x0 C:/ST/STM32CubeIDE_1.18.1/STM32CubeIDE/plugins/com.st.stm32cube.ide.mcu.externaltools.gnu-tools-for-stm32.14.3.rel1.win32_1.0.100.202602081740/tools/bin/../lib/gcc/arm-none-eabi/14.3.1/thumb/v7e-m+fp/hard/crtbegin.o
                0x08007e80                        . = ALIGN (0x4)

.bss            0x20000090     0x150c
                0x20000090                        _sbss = .
                0x20000090                        __bss_start__ = _sbss
 *(.bss)
 .bss           0x20000090       0x1c C:/ST/STM32CubeIDE_1.18.1/STM32CubeIDE/plugins/com.st.stm32cube.ide.mcu.externaltools.gnu-tools-for-stm32.14.3.rel1.win32_1.0.100.202602081740/tools/bin/../lib/gcc/arm-none-eabi/14.3.1/thumb/v7e-m+fp/hard/crtbegin.o
 *(.bss*)
 .bss.at_response_buffer
                0x200000ac      0x100 ./Core/Src/at_command.o
 .bss.at_response_len
                0x200001ac        0x2 ./Core/Src/at_command.o
 .bss.dl_state  0x200001ae        0x1 ./Core/Src/bootloader_download.o
 *fill*         0x200001af        0x1 
 .bss.rx_buffer
                0x200001b0     0x1000 ./Core/Src/bootloader_download.o
 .bss.rx_head   0x200011b0        0x2 ./Core/Src/bootloader_download.o
 .bss.rx_count  0x200011b2        0x2 ./Core/Src/bootloader_download.o
 .bss.line_buffer
                0x200011b4       0x80 ./Core/Src/bootloader_download.o
 .bss.line_len  0x20001234        0x2 ./Core/Src/bootloader_download.o
 *fill*         0x20001236        0x2 
 .bss.download_size
                0x20001238        0x4 ./Core/Src/bootloader_download.o
 .bss.download_received
                0x2000123c        0x4 ./Core/Src/bootloader_download.o
 .bss.expected_packet
                0x20001240        0x2 ./Core/Src/bootloader_download.o
 .bss.downloading_bootloader
                0x20001242        0x1 ./Core/Src/bootloader_download.o
 .bss.uart_rx_byte
                0x20001243        0x1 ./Core/Src/bootloader_download.o
 .bss.well_id   0x20001244        0x2 ./Core/Src/bootloader_download.o
 .bss.have_stored_well_id
                0x20001246        0x1 ./Core/Src/bootloader_download.o
 *fill*         0x20001247        0x1 
 .bss.pending_payload_size
                0x20001248        0x4 ./Core/Src/bootloader_download.o
 .bss.pending_payload_received
                0x2000124c        0x4 ./Core/Src/bootloader_download.o
 .bss.flash_chunk_buf
                0x20001250      0x100 ./Core/Src/bootloader_download.o
 .bss.flash_chunk_len
                0x20001350        0x2 ./Core/Src/bootloader_download.o
 *fill*         0x20001352        0x2 
 .bss.connect_start.0
                0x20001354        0x4 ./Core/Src/bootloader_download.o
 .bss.download_started
                0x20001358        0x1 ./Core/Src/bootloader_logic.o
 *fill*         0x20001359        0x3 
 .bss.huart1    0x2000135c       0x78 ./Core/Src/main.o
                0x2000135c                huart1
 .bss.huart2    0x200013d4       0x78 ./Core/Src/main.o
                0x200013d4                huart2
 .bss.__sbrk_heap_end
                0x2000144c        0x4 ./Core/Src/sysmem.o
 .bss.uwTick    0x20001450        0x4 ./Drivers/STM32F4xx_HAL_Driver/Src/stm32f4xx_hal.o
                0x20001450                uwTick
 .bss.__sf      0x20001454      0x138 C:/ST/STM32CubeIDE_1.18.1/STM32CubeIDE/plugins/com.st.stm32cube.ide.mcu.externaltools.gnu-tools-for-stm32.14.3.rel1.win32_1.0.100.202602081740/tools/bin/../lib/gcc/arm-none-eabi/14.3.1/../../../../arm-none-eabi/lib/thumb/v7e-m+fp/hard\libc_nano.a(libc_a-findfp.o)
                0x20001454                __sf
 .bss.errno     0x2000158c        0x4 C:/ST/STM32CubeIDE_1.18.1/STM32CubeIDE/plugins/com.st.stm32cube.ide.mcu.externaltools.gnu-tools-for-stm32.14.3.rel1.win32_1.0.100.202602081740/tools/bin/../lib/gcc/arm-none-eabi/14.3.1/../../../../arm-none-eabi/lib/thumb/v7e-m+fp/hard\libc_nano.a(libc_a-reent.o)
                0x2000158c                errno
 .bss.__lock___malloc_recursive_mutex
                0x20001590        0x1 C:/ST/STM32CubeIDE_1.18.1/STM32CubeIDE/plugins/com.st.stm32cube.ide.mcu.externaltools.gnu-tools-for-stm32.14.3.rel1.win32_1.0.100.202602081740/tools/bin/../lib/gcc/arm-none-eabi/14.3.1/../../../../arm-none-eabi/lib/thumb/v7e-m+fp/hard\libc_nano.a(libc_a-lock.o)
                0x20001590                __lock___malloc_recursive_mutex
 *fill*         0x20001591        0x3 
 .bss.__malloc_sbrk_start
                0x20001594        0x4 C:/ST/STM32CubeIDE_1.18.1/STM32CubeIDE/plugins/com.st.stm32cube.ide.mcu.externaltools.gnu-tools-for-stm32.14.3.rel1.win32_1.0.100.202602081740/tools/bin/../lib/gcc/arm-none-eabi/14.3.1/../../../../arm-none-eabi/lib/thumb/v7e-m+fp/hard\libc_nano.a(libc_a-mallocr.o)
                0x20001594                __malloc_sbrk_start
 .bss.__malloc_free_list
                0x20001598        0x4 C:/ST/STM32CubeIDE_1.18.1/STM32CubeIDE/plugins/com.st.stm32cube.ide.mcu.externaltools.gnu-tools-for-stm32.14.3.rel1.win32_1.0.100.202602081740/tools/bin/../lib/gcc/arm-none-eabi/14.3.1/../../../../arm-none-eabi/lib/thumb/v7e-m+fp/hard\libc_nano.a(libc_a-mallocr.o)
                0x20001598                __malloc_free_list
 *(COMMON)
                0x2000159c                        . = ALIGN (0x4)
                0x2000159c                        _ebss = .
                0x2000159c                        __bss_end__ = _ebss

._user_heap_stack
                0x2000159c      0xa04
                0x200015a0                        . = ALIGN (0x8)
 *fill*         0x2000159c        0x4 
                [!provide]                        PROVIDE (end = .)
                0x200015a0                        PROVIDE (_end = .)
                0x20001ba0                        . = (. + _Min_Heap_Size)
 *fill*         0x200015a0      0x600 
                0x20001fa0                        . = (. + _Min_Stack_Size)
 *fill*         0x20001ba0      0x400 
                0x20001fa0                        . = ALIGN (0x8)

/DISCARD/
 libc.a(*)
 libm.a(*)
 libgcc.a(*)

.ARM.attributes
                0x00000000       0x30
 *(.ARM.attributes)
 .ARM.attributes
                0x00000000       0x22 C:/ST/STM32CubeIDE_1.18.1/STM32CubeIDE/plugins/com.st.stm32cube.ide.mcu.externaltools.gnu-tools-for-stm32.14.3.rel1.win32_1.0.100.202602081740/tools/bin/../lib/gcc/arm-none-eabi/14.3.1/thumb/v7e-m+fp/hard/crti.o
 .ARM.attributes
                0x00000022       0x34 C:/ST/STM32CubeIDE_1.18.1/STM32CubeIDE/plugins/com.st.stm32cube.ide.mcu.externaltools.gnu-tools-for-stm32.14.3.rel1.win32_1.0.100.202602081740/tools/bin/../lib/gcc/arm-none-eabi/14.3.1/thumb/v7e-m+fp/hard/crtbegin.o
 .ARM.attributes
                0x00000056       0x34 ./Core/Src/app_metadata.o
 .ARM.attributes
                0x0000008a       0x34 ./Core/Src/at_command.o
 .ARM.attributes
                0x000000be       0x34 ./Core/Src/bootloader_download.o
 .ARM.attributes
                0x000000f2       0x34 ./Core/Src/bootloader_logic.o
 .ARM.attributes
                0x00000126       0x34 ./Core/Src/flash_ops.o
 .ARM.attributes
                0x0000015a       0x34 ./Core/Src/main.o
 .ARM.attributes
                0x0000018e       0x34 ./Core/Src/sha256.o
 .ARM.attributes
                0x000001c2       0x34 ./Core/Src/stm32f4xx_hal_msp.o
 .ARM.attributes
                0x000001f6       0x34 ./Core/Src/stm32f4xx_it.o
 .ARM.attributes
                0x0000022a       0x34 ./Core/Src/sysmem.o
 .ARM.attributes
                0x0000025e       0x34 ./Core/Src/system_stm32f4xx.o
 .ARM.attributes
                0x00000292       0x21 ./Core/Startup/startup_stm32f401retx.o
 .ARM.attributes
                0x000002b3       0x34 ./Drivers/STM32F4xx_HAL_Driver/Src/stm32f4xx_hal.o
 .ARM.attributes
                0x000002e7       0x34 ./Drivers/STM32F4xx_HAL_Driver/Src/stm32f4xx_hal_cortex.o
 .ARM.attributes
                0x0000031b       0x34 ./Drivers/STM32F4xx_HAL_Driver/Src/stm32f4xx_hal_dma.o
 .ARM.attributes
                0x0000034f       0x34 ./Drivers/STM32F4xx_HAL_Driver/Src/stm32f4xx_hal_flash.o
 .ARM.attributes
                0x00000383       0x34 ./Drivers/STM32F4xx_HAL_Driver/Src/stm32f4xx_hal_flash_ex.o
 .ARM.attributes
                0x000003b7       0x34 ./Drivers/STM32F4xx_HAL_Driver/Src/stm32f4xx_hal_gpio.o
 .ARM.attributes
                0x000003eb       0x34 ./Drivers/STM32F4xx_HAL_Driver/Src/stm32f4xx_hal_rcc.o
 .ARM.attributes
                0x0000041f       0x34 ./Drivers/STM32F4xx_HAL_Driver/Src/stm32f4xx_hal_uart.o
 .ARM.attributes
                0x00000453       0x34 C:/ST/STM32CubeIDE_1.18.1/STM32CubeIDE/plugins/com.st.stm32cube.ide.mcu.externaltools.gnu-tools-for-stm32.14.3.rel1.win32_1.0.100.202602081740/tools/bin/../lib/gcc/arm-none-eabi/14.3.1/../../../../arm-none-eabi/lib/thumb/v7e-m+fp/hard\libc_nano.a(libc_a-findfp.o)
 .ARM.attributes
                0x00000487       0x34 C:/ST/STM32CubeIDE_1.18.1/STM32CubeIDE/plugins/com.st.stm32cube.ide.mcu.externaltools.gnu-tools-for-stm32.14.3.rel1.win32_1.0.100.202602081740/tools/bin/../lib/gcc/arm-none-eabi/14.3.1/../../../../arm-none-eabi/lib/thumb/v7e-m+fp/hard\libc_nano.a(libc_a-snprintf.o)
 .ARM.attributes
                0x000004bb       0x34 C:/ST/STM32CubeIDE_1.18.1/STM32CubeIDE/plugins/com.st.stm32cube.ide.mcu.externaltools.gnu-tools-for-stm32.14.3.rel1.win32_1.0.100.202602081740/tools/bin/../lib/gcc/arm-none-eabi/14.3.1/../../../../arm-none-eabi/lib/thumb/v7e-m+fp/hard\libc_nano.a(libc_a-sprintf.o)
 .ARM.attributes
                0x000004ef       0x34 C:/ST/STM32CubeIDE_1.18.1/STM32CubeIDE/plugins/com.st.stm32cube.ide.mcu.externaltools.gnu-tools-for-stm32.14.3.rel1.win32_1.0.100.202602081740/tools/bin/../lib/gcc/arm-none-eabi/14.3.1/../../../../arm-none-eabi/lib/thumb/v7e-m+fp/hard\libc_nano.a(libc_a-sscanf.o)
 .ARM.attributes
                0x00000523       0x34 C:/ST/STM32CubeIDE_1.18.1/STM32CubeIDE/plugins/com.st.stm32cube.ide.mcu.externaltools.gnu-tools-for-stm32.14.3.rel1.win32_1.0.100.202602081740/tools/bin/../lib/gcc/arm-none-eabi/14.3.1/../../../../arm-none-eabi/lib/thumb/v7e-m+fp/hard\libc_nano.a(libc_a-stdio.o)
 .ARM.attributes
                0x00000557       0x34 C:/ST/STM32CubeIDE_1.18.1/STM32CubeIDE/plugins/com.st.stm32cube.ide.mcu.externaltools.gnu-tools-for-stm32.14.3.rel1.win32_1.0.100.202602081740/tools/bin/../lib/gcc/arm-none-eabi/14.3.1/../../../../arm-none-eabi/lib/thumb/v7e-m+fp/hard\libc_nano.a(libc_a-memcmp.o)
 .ARM.attributes
                0x0000058b       0x34 C:/ST/STM32CubeIDE_1.18.1/STM32CubeIDE/plugins/com.st.stm32cube.ide.mcu.externaltools.gnu-tools-for-stm32.14.3.rel1.win32_1.0.100.202602081740/tools/bin/../lib/gcc/arm-none-eabi/14.3.1/../../../../arm-none-eabi/lib/thumb/v7e-m+fp/hard\libc_nano.a(libc_a-memset.o)
 .ARM.attributes
                0x000005bf       0x34 C:/ST/STM32CubeIDE_1.18.1/STM32CubeIDE/plugins/com.st.stm32cube.ide.mcu.externaltools.gnu-tools-for-stm32.14.3.rel1.win32_1.0.100.202602081740/tools/bin/../lib/gcc/arm-none-eabi/14.3.1/../../../../arm-none-eabi/lib/thumb/v7e-m+fp/hard\libc_nano.a(libc_a-strncmp.o)
 .ARM.attributes
                0x000005f3       0x34 C:/ST/STM32CubeIDE_1.18.1/STM32CubeIDE/plugins/com.st.stm32cube.ide.mcu.externaltools.gnu-tools-for-stm32.14.3.rel1.win32_1.0.100.202602081740/tools/bin/../lib/gcc/arm-none-eabi/14.3.1/../../../../arm-none-eabi/lib/thumb/v7e-m+fp/hard\libc_nano.a(libc_a-strncpy.o)
 .ARM.attributes
                0x00000627       0x34 C:/ST/STM32CubeIDE_1.18.1/STM32CubeIDE/plugins/com.st.stm32cube.ide.mcu.externaltools.gnu-tools-for-stm32.14.3.rel1.win32_1.0.100.202602081740/tools/bin/../lib/gcc/arm-none-eabi/14.3.1/../../../../arm-none-eabi/lib/thumb/v7e-m+fp/hard\libc_nano.a(libc_a-strstr.o)
 .ARM.attributes
                0x0000065b       0x34 C:/ST/STM32CubeIDE_1.18.1/STM32CubeIDE/plugins/com.st.stm32cube.ide.mcu.externaltools.gnu-tools-for-stm32.14.3.rel1.win32_1.0.100.202602081740/tools/bin/../lib/gcc/arm-none-eabi/14.3.1/../../../../arm-none-eabi/lib/thumb/v7e-m+fp/hard\libc_nano.a(libc_a-reent.o)
 .ARM.attributes
                0x0000068f       0x34 C:/ST/STM32CubeIDE_1.18.1/STM32CubeIDE/plugins/com.st.stm32cube.ide.mcu.externaltools.gnu-tools-for-stm32.14.3.rel1.win32_1.0.100.202602081740/tools/bin/../lib/gcc/arm-none-eabi/14.3.1/../../../../arm-none-eabi/lib/thumb/v7e-m+fp/hard\libc_nano.a(libc_a-impure.o)
 .ARM.attributes
                0x000006c3       0x34 C:/ST/STM32CubeIDE_1.18.1/STM32CubeIDE/plugins/com.st.stm32cube.ide.mcu.externaltools.gnu-tools-for-stm32.14.3.rel1.win32_1.0.100.202602081740/tools/bin/../lib/gcc/arm-none-eabi/14.3.1/../../../../arm-none-eabi/lib/thumb/v7e-m+fp/hard\libc_nano.a(libc_a-errno.o)
 .ARM.attributes
                0x000006f7       0x34 C:/ST/STM32CubeIDE_1.18.1/STM32CubeIDE/plugins/com.st.stm32cube.ide.mcu.externaltools.gnu-tools-for-stm32.14.3.rel1.win32_1.0.100.202602081740/tools/bin/../lib/gcc/arm-none-eabi/14.3.1/../../../../arm-none-eabi/lib/thumb/v7e-m+fp/hard\libc_nano.a(libc_a-init.o)
 .ARM.attributes
                0x0000072b       0x34 C:/ST/STM32CubeIDE_1.18.1/STM32CubeIDE/plugins/com.st.stm32cube.ide.mcu.externaltools.gnu-tools-for-stm32.14.3.rel1.win32_1.0.100.202602081740/tools/bin/../lib/gcc/arm-none-eabi/14.3.1/../../../../arm-none-eabi/lib/thumb/v7e-m+fp/hard\libc_nano.a(libc_a-lock.o)
 .ARM.attributes
                0x0000075f       0x20 C:/ST/STM32CubeIDE_1.18.1/STM32CubeIDE/plugins/com.st.stm32cube.ide.mcu.externaltools.gnu-tools-for-stm32.14.3.rel1.win32_1.0.100.202602081740/tools/bin/../lib/gcc/arm-none-eabi/14.3.1/../../../../arm-none-eabi/lib/thumb/v7e-m+fp/hard\libc_nano.a(libc_a-strcmp.o)
 .ARM.attributes
                0x0000077f       0x34 C:/ST/STM32CubeIDE_1.18.1/STM32CubeIDE/plugins/com.st.stm32cube.ide.mcu.externaltools.gnu-tools-for-stm32.14.3.rel1.win32_1.0.100.202602081740/tools/bin/../lib/gcc/arm-none-eabi/14.3.1/../../../../arm-none-eabi/lib/thumb/v7e-m+fp/hard\libc_nano.a(libc_a-memcpy-stub.o)
 .ARM.attributes
                0x000007b3       0x17 C:/ST/STM32CubeIDE_1.18.1/STM32CubeIDE/plugins/com.st.stm32cube.ide.mcu.externaltools.gnu-tools-for-stm32.14.3.rel1.win32_1.0.100.202602081740/tools/bin/../lib/gcc/arm-none-eabi/14.3.1/../../../../arm-none-eabi/lib/thumb/v7e-m+fp/hard\libc_nano.a(libc_a-strlen.o)
 .ARM.attributes
                0x000007ca       0x34 C:/ST/STM32CubeIDE_1.18.1/STM32CubeIDE/plugins/com.st.stm32cube.ide.mcu.externaltools.gnu-tools-for-stm32.14.3.rel1.win32_1.0.100.202602081740/tools/bin/../lib/gcc/arm-none-eabi/14.3.1/../../../../arm-none-eabi/lib/thumb/v7e-m+fp/hard\libc_nano.a(libc_a-freer.o)
 .ARM.attributes
                0x000007fe       0x34 C:/ST/STM32CubeIDE_1.18.1/STM32CubeIDE/plugins/com.st.stm32cube.ide.mcu.externaltools.gnu-tools-for-stm32.14.3.rel1.win32_1.0.100.202602081740/tools/bin/../lib/gcc/arm-none-eabi/14.3.1/../../../../arm-none-eabi/lib/thumb/v7e-m+fp/hard\libc_nano.a(libc_a-mallocr.o)
 .ARM.attributes
                0x00000832       0x34 C:/ST/STM32CubeIDE_1.18.1/STM32CubeIDE/plugins/com.st.stm32cube.ide.mcu.externaltools.gnu-tools-for-stm32.14.3.rel1.win32_1.0.100.202602081740/tools/bin/../lib/gcc/arm-none-eabi/14.3.1/../../../../arm-none-eabi/lib/thumb/v7e-m+fp/hard\libc_nano.a(libc_a-mlock.o)
 .ARM.attributes
                0x00000866       0x34 C:/ST/STM32CubeIDE_1.18.1/STM32CubeIDE/plugins/com.st.stm32cube.ide.mcu.externaltools.gnu-tools-for-stm32.14.3.rel1.win32_1.0.100.202602081740/tools/bin/../lib/gcc/arm-none-eabi/14.3.1/../../../../arm-none-eabi/lib/thumb/v7e-m+fp/hard\libc_nano.a(libc_a-nano-svfprintf.o)
 .ARM.attributes
                0x0000089a       0x34 C:/ST/STM32CubeIDE_1.18.1/STM32CubeIDE/plugins/com.st.stm32cube.ide.mcu.externaltools.gnu-tools-for-stm32.14.3.rel1.win32_1.0.100.202602081740/tools/bin/../lib/gcc/arm-none-eabi/14.3.1/../../../../arm-none-eabi/lib/thumb/v7e-m+fp/hard\libc_nano.a(libc_a-nano-svfscanf.o)
 .ARM.attributes
                0x000008ce       0x34 C:/ST/STM32CubeIDE_1.18.1/STM32CubeIDE/plugins/com.st.stm32cube.ide.mcu.externaltools.gnu-tools-for-stm32.14.3.rel1.win32_1.0.100.202602081740/tools/bin/../lib/gcc/arm-none-eabi/14.3.1/../../../../arm-none-eabi/lib/thumb/v7e-m+fp/hard\libc_nano.a(libc_a-nano-vfprintf_i.o)
 .ARM.attributes
                0x00000902       0x34 C:/ST/STM32CubeIDE_1.18.1/STM32CubeIDE/plugins/com.st.stm32cube.ide.mcu.externaltools.gnu-tools-for-stm32.14.3.rel1.win32_1.0.100.202602081740/tools/bin/../lib/gcc/arm-none-eabi/14.3.1/../../../../arm-none-eabi/lib/thumb/v7e-m+fp/hard\libc_nano.a(libc_a-nano-vfscanf_i.o)
 .ARM.attributes
                0x00000936       0x34 C:/ST/STM32CubeIDE_1.18.1/STM32CubeIDE/plugins/com.st.stm32cube.ide.mcu.externaltools.gnu-tools-for-stm32.14.3.rel1.win32_1.0.100.202602081740/tools/bin/../lib/gcc/arm-none-eabi/14.3.1/../../../../arm-none-eabi/lib/thumb/v7e-m+fp/hard\libc_nano.a(libc_a-sccl.o)
 .ARM.attributes
                0x0000096a       0x34 C:/ST/STM32CubeIDE_1.18.1/STM32CubeIDE/plugins/com.st.stm32cube.ide.mcu.externaltools.gnu-tools-for-stm32.14.3.rel1.win32_1.0.100.202602081740/tools/bin/../lib/gcc/arm-none-eabi/14.3.1/../../../../arm-none-eabi/lib/thumb/v7e-m+fp/hard\libc_nano.a(libc_a-ungetc.o)
 .ARM.attributes
                0x0000099e       0x34 C:/ST/STM32CubeIDE_1.18.1/STM32CubeIDE/plugins/com.st.stm32cube.ide.mcu.externaltools.gnu-tools-for-stm32.14.3.rel1.win32_1.0.100.202602081740/tools/bin/../lib/gcc/arm-none-eabi/14.3.1/../../../../arm-none-eabi/lib/thumb/v7e-m+fp/hard\libc_nano.a(libc_a-memmove.o)
 .ARM.attributes
                0x000009d2       0x34 C:/ST/STM32CubeIDE_1.18.1/STM32CubeIDE/plugins/com.st.stm32cube.ide.mcu.externaltools.gnu-tools-for-stm32.14.3.rel1.win32_1.0.100.202602081740/tools/bin/../lib/gcc/arm-none-eabi/14.3.1/../../../../arm-none-eabi/lib/thumb/v7e-m+fp/hard\libc_nano.a(libc_a-sbrkr.o)
 .ARM.attributes
                0x00000a06       0x1c C:/ST/STM32CubeIDE_1.18.1/STM32CubeIDE/plugins/com.st.stm32cube.ide.mcu.externaltools.gnu-tools-for-stm32.14.3.rel1.win32_1.0.100.202602081740/tools/bin/../lib/gcc/arm-none-eabi/14.3.1/../../../../arm-none-eabi/lib/thumb/v7e-m+fp/hard\libc_nano.a(libc_a-memchr.o)
 .ARM.attributes
                0x00000a22       0x34 C:/ST/STM32CubeIDE_1.18.1/STM32CubeIDE/plugins/com.st.stm32cube.ide.mcu.externaltools.gnu-tools-for-stm32.14.3.rel1.win32_1.0.100.202602081740/tools/bin/../lib/gcc/arm-none-eabi/14.3.1/../../../../arm-none-eabi/lib/thumb/v7e-m+fp/hard\libc_nano.a(libc_a-reallocr.o)
 .ARM.attributes
                0x00000a56       0x34 C:/ST/STM32CubeIDE_1.18.1/STM32CubeIDE/plugins/com.st.stm32cube.ide.mcu.externaltools.gnu-tools-for-stm32.14.3.rel1.win32_1.0.100.202602081740/tools/bin/../lib/gcc/arm-none-eabi/14.3.1/../../../../arm-none-eabi/lib/thumb/v7e-m+fp/hard\libc_nano.a(libc_a-strtol.o)
 .ARM.attributes
                0x00000a8a       0x34 C:/ST/STM32CubeIDE_1.18.1/STM32CubeIDE/plugins/com.st.stm32cube.ide.mcu.externaltools.gnu-tools-for-stm32.14.3.rel1.win32_1.0.100.202602081740/tools/bin/../lib/gcc/arm-none-eabi/14.3.1/../../../../arm-none-eabi/lib/thumb/v7e-m+fp/hard\libc_nano.a(libc_a-strtoul.o)
 .ARM.attributes
                0x00000abe       0x34 C:/ST/STM32CubeIDE_1.18.1/STM32CubeIDE/plugins/com.st.stm32cube.ide.mcu.externaltools.gnu-tools-for-stm32.14.3.rel1.win32_1.0.100.202602081740/tools/bin/../lib/gcc/arm-none-eabi/14.3.1/../../../../arm-none-eabi/lib/thumb/v7e-m+fp/hard\libc_nano.a(libc_a-ctype_.o)
 .ARM.attributes
                0x00000af2       0x34 C:/ST/STM32CubeIDE_1.18.1/STM32CubeIDE/plugins/com.st.stm32cube.ide.mcu.externaltools.gnu-tools-for-stm32.14.3.rel1.win32_1.0.100.202602081740/tools/bin/../lib/gcc/arm-none-eabi/14.3.1/../../../../arm-none-eabi/lib/thumb/v7e-m+fp/hard\libc_nano.a(libc_a-msizer.o)
 .ARM.attributes
                0x00000b26       0x22 C:/ST/STM32CubeIDE_1.18.1/STM32CubeIDE/plugins/com.st.stm32cube.ide.mcu.externaltools.gnu-tools-for-stm32.14.3.rel1.win32_1.0.100.202602081740/tools/bin/../lib/gcc/arm-none-eabi/14.3.1/thumb/v7e-m+fp/hard\libgcc.a(_aeabi_uldivmod.o)
 .ARM.attributes
                0x00000b48       0x34 C:/ST/STM32CubeIDE_1.18.1/STM32CubeIDE/plugins/com.st.stm32cube.ide.mcu.externaltools.gnu-tools-for-stm32.14.3.rel1.win32_1.0.100.202602081740/tools/bin/../lib/gcc/arm-none-eabi/14.3.1/thumb/v7e-m+fp/hard\libgcc.a(_udivmoddi4.o)
 .ARM.attributes
                0x00000b7c       0x22 C:/ST/STM32CubeIDE_1.18.1/STM32CubeIDE/plugins/com.st.stm32cube.ide.mcu.externaltools.gnu-tools-for-stm32.14.3.rel1.win32_1.0.100.202602081740/tools/bin/../lib/gcc/arm-none-eabi/14.3.1/thumb/v7e-m+fp/hard\libgcc.a(_dvmd_tls.o)
 .ARM.attributes
                0x00000b9e       0x22 C:/ST/STM32CubeIDE_1.18.1/STM32CubeIDE/plugins/com.st.stm32cube.ide.mcu.externaltools.gnu-tools-for-stm32.14.3.rel1.win32_1.0.100.202602081740/tools/bin/../lib/gcc/arm-none-eabi/14.3.1/thumb/v7e-m+fp/hard/crtn.o
OUTPUT(well-monitor-2-bootloader.elf elf32-littlearm)
LOAD linker stubs
LOAD C:/ST/STM32CubeIDE_1.18.1/STM32CubeIDE/plugins/com.st.stm32cube.ide.mcu.externaltools.gnu-tools-for-stm32.14.3.rel1.win32_1.0.100.202602081740/tools/bin/../lib/gcc/arm-none-eabi/14.3.1/../../../../arm-none-eabi/lib/thumb/v7e-m+fp/hard\libc.a
LOAD C:/ST/STM32CubeIDE_1.18.1/STM32CubeIDE/plugins/com.st.stm32cube.ide.mcu.externaltools.gnu-tools-for-stm32.14.3.rel1.win32_1.0.100.202602081740/tools/bin/../lib/gcc/arm-none-eabi/14.3.1/../../../../arm-none-eabi/lib/thumb/v7e-m+fp/hard\libm.a
LOAD C:/ST/STM32CubeIDE_1.18.1/STM32CubeIDE/plugins/com.st.stm32cube.ide.mcu.externaltools.gnu-tools-for-stm32.14.3.rel1.win32_1.0.100.202602081740/tools/bin/../lib/gcc/arm-none-eabi/14.3.1/thumb/v7e-m+fp/hard\libgcc.a

.debug_info     0x00000000     0xc96e
 .debug_info    0x00000000       0xae ./Core/Src/app_metadata.o
 .debug_info    0x000000ae      0xa50 ./Core/Src/at_command.o
 .debug_info    0x00000afe     0x1861 ./Core/Src/bootloader_download.o
 .debug_info    0x0000235f      0x70f ./Core/Src/bootloader_logic.o
 .debug_info    0x00002a6e      0x483 ./Core/Src/flash_ops.o
 .debug_info    0x00002ef1      0xddf ./Core/Src/main.o
 .debug_info    0x00003cd0      0x3da ./Core/Src/sha256.o
 .debug_info    0x000040aa      0xbf1 ./Core/Src/stm32f4xx_hal_msp.o
 .debug_info    0x00004c9b      0x706 ./Core/Src/stm32f4xx_it.o
 .debug_info    0x000053a1      0x168 ./Core/Src/sysmem.o
 .debug_info    0x00005509      0x53e ./Core/Src/system_stm32f4xx.o
 .debug_info    0x00005a47       0x30 ./Core/Startup/startup_stm32f401retx.o
 .debug_info    0x00005a77      0x8f5 ./Drivers/STM32F4xx_HAL_Driver/Src/stm32f4xx_hal.o
 .debug_info    0x0000636c      0xd2b ./Drivers/STM32F4xx_HAL_Driver/Src/stm32f4xx_hal_cortex.o
 .debug_info    0x00007097      0x903 ./Drivers/STM32F4xx_HAL_Driver/Src/stm32f4xx_hal_dma.o
 .debug_info    0x0000799a      0x5a7 ./Drivers/STM32F4xx_HAL_Driver/Src/stm32f4xx_hal_flash.o
 .debug_info    0x00007f41      0x7f5 ./Drivers/STM32F4xx_HAL_Driver/Src/stm32f4xx_hal_flash_ex.o
 .debug_info    0x00008736      0x712 ./Drivers/STM32F4xx_HAL_Driver/Src/stm32f4xx_hal_gpio.o
 .debug_info    0x00008e48      0x922 ./Drivers/STM32F4xx_HAL_Driver/Src/stm32f4xx_hal_rcc.o
 .debug_info    0x0000976a     0x3204 ./Drivers/STM32F4xx_HAL_Driver/Src/stm32f4xx_hal_uart.o

.debug_abbrev   0x00000000     0x289a
 .debug_abbrev  0x00000000       0x66 ./Core/Src/app_metadata.o
 .debug_abbrev  0x00000066      0x220 ./Core/Src/at_command.o
 .debug_abbrev  0x00000286      0x425 ./Core/Src/bootloader_download.o
 .debug_abbrev  0x000006ab      0x262 ./Core/Src/bootloader_logic.o
 .debug_abbrev  0x0000090d      0x189 ./Core/Src/flash_ops.o
 .debug_abbrev  0x00000a96      0x2d7 ./Core/Src/main.o
 .debug_abbrev  0x00000d6d      0x145 ./Core/Src/sha256.o
 .debug_abbrev  0x00000eb2      0x1cb ./Core/Src/stm32f4xx_hal_msp.o
 .debug_abbrev  0x0000107d      0x182 ./Core/Src/stm32f4xx_it.o
 .debug_abbrev  0x000011ff       0xbc ./Core/Src/sysmem.o
 .debug_abbrev  0x000012bb      0x11a ./Core/Src/system_stm32f4xx.o
 .debug_abbrev  0x000013d5       0x24 ./Core/Startup/startup_stm32f401retx.o
 .debug_abbrev  0x000013f9      0x252 ./Drivers/STM32F4xx_HAL_Driver/Src/stm32f4xx_hal.o
 .debug_abbrev  0x0000164b      0x339 ./Drivers/STM32F4xx_HAL_Driver/Src/stm32f4xx_hal_cortex.o
 .debug_abbrev  0x00001984      0x236 ./Drivers/STM32F4xx_HAL_Driver/Src/stm32f4xx_hal_dma.o
 .debug_abbrev  0x00001bba      0x285 ./Drivers/STM32F4xx_HAL_Driver/Src/stm32f4xx_hal_flash.o
 .debug_abbrev  0x00001e3f      0x271 ./Drivers/STM32F4xx_HAL_Driver/Src/stm32f4xx_hal_flash_ex.o
 .debug_abbrev  0x000020b0      0x1f0 ./Drivers/STM32F4xx_HAL_Driver/Src/stm32f4xx_hal_gpio.o
 .debug_abbrev  0x000022a0      0x2cb ./Drivers/STM32F4xx_HAL_Driver/Src/stm32f4xx_hal_rcc.o
 .debug_abbrev  0x0000256b      0x32f ./Drivers/STM32F4xx_HAL_Driver/Src/stm32f4xx_hal_uart.o

.debug_aranges  0x00000000      0xad8
 .debug_aranges
                0x00000000       0x18 ./Core/Src/app_metadata.o
 .debug_aranges
                0x00000018       0x58 ./Core/Src/at_command.o
 .debug_aranges
                0x00000070       0xf0 ./Core/Src/bootloader_download.o
 .debug_aranges
                0x00000160       0x68 ./Core/Src/bootloader_logic.o
 .debug_aranges
                0x000001c8       0x48 ./Core/Src/flash_ops.o
 .debug_aranges
                0x00000210       0x50 ./Core/Src/main.o
 .debug_aranges
                0x00000260       0x48 ./Core/Src/sha256.o
 .debug_aranges
                0x000002a8       0x30 ./Core/Src/stm32f4xx_hal_msp.o
 .debug_aranges
                0x000002d8       0x68 ./Core/Src/stm32f4xx_it.o
 .debug_aranges
                0x00000340       0x20 ./Core/Src/sysmem.o
 .debug_aranges
                0x00000360       0x28 ./Core/Src/system_stm32f4xx.o
 .debug_aranges
                0x00000388       0x28 ./Core/Startup/startup_stm32f401retx.o
 .debug_aranges
                0x000003b0       0xf0 ./Drivers/STM32F4xx_HAL_Driver/Src/stm32f4xx_hal.o
 .debug_aranges
                0x000004a0      0x130 ./Drivers/STM32F4xx_HAL_Driver/Src/stm32f4xx_hal_cortex.o
 .debug_aranges
                0x000005d0       0x90 ./Drivers/STM32F4xx_HAL_Driver/Src/stm32f4xx_hal_dma.o
 .debug_aranges
                0x00000660       0xa0 ./Drivers/STM32F4xx_HAL_Driver/Src/stm32f4xx_hal_flash.o
 .debug_aranges
                0x00000700       0xc8 ./Drivers/STM32F4xx_HAL_Driver/Src/stm32f4xx_hal_flash_ex.o
 .debug_aranges
                0x000007c8       0x58 ./Drivers/STM32F4xx_HAL_Driver/Src/stm32f4xx_hal_gpio.o
 .debug_aranges
                0x00000820       0x88 ./Drivers/STM32F4xx_HAL_Driver/Src/stm32f4xx_hal_rcc.o
 .debug_aranges
                0x000008a8      0x230 ./Drivers/STM32F4xx_HAL_Driver/Src/stm32f4xx_hal_uart.o

.debug_macro    0x00000000    0x16a85
 .debug_macro   0x00000000       0x63 ./Core/Src/app_metadata.o
 .debug_macro   0x00000063      0xad8 ./Core/Src/app_metadata.o
 .debug_macro   0x00000b3b       0x22 ./Core/Src/app_metadata.o
 .debug_macro   0x00000b5d       0x8e ./Core/Src/app_metadata.o
 .debug_macro   0x00000beb       0x51 ./Core/Src/app_metadata.o
 .debug_macro   0x00000c3c      0x103 ./Core/Src/app_metadata.o
 .debug_macro   0x00000d3f       0x6a ./Core/Src/app_metadata.o
 .debug_macro   0x00000da9      0x1df ./Core/Src/app_metadata.o
 .debug_macro   0x00000f88      0x2ed ./Core/Src/at_command.o
 .debug_macro   0x00001275      0x29c ./Core/Src/at_command.o
 .debug_macro   0x00001511       0x2e ./Core/Src/at_command.o
 .debug_macro   0x0000153f       0x28 ./Core/Src/at_command.o
 .debug_macro   0x00001567       0x1c ./Core/Src/at_command.o
 .debug_macro   0x00001583       0x22 ./Core/Src/at_command.o
 .debug_macro   0x000015a5       0xfb ./Core/Src/at_command.o
 .debug_macro   0x000016a0     0x1011 ./Core/Src/at_command.o
 .debug_macro   0x000026b1      0x11f ./Core/Src/at_command.o
 .debug_macro   0x000027d0     0xb881 ./Core/Src/at_command.o
 .debug_macro   0x0000e051       0x6d ./Core/Src/at_command.o
 .debug_macro   0x0000e0be     0x3693 ./Core/Src/at_command.o
 .debug_macro   0x00011751      0x190 ./Core/Src/at_command.o
 .debug_macro   0x000118e1       0x5c ./Core/Src/at_command.o
 .debug_macro   0x0001193d      0x416 ./Core/Src/at_command.o
 .debug_macro   0x00011d53      0x9e9 ./Core/Src/at_command.o
 .debug_macro   0x0001273c      0x115 ./Core/Src/at_command.o
 .debug_macro   0x00012851       0xf8 ./Core/Src/at_command.o
 .debug_macro   0x00012949       0xa5 ./Core/Src/at_command.o
 .debug_macro   0x000129ee      0x15f ./Core/Src/at_command.o
 .debug_macro   0x00012b4d      0x287 ./Core/Src/at_command.o
 .debug_macro   0x00012dd4       0x5f ./Core/Src/at_command.o
 .debug_macro   0x00012e33      0x236 ./Core/Src/at_command.o
 .debug_macro   0x00013069      0x132 ./Core/Src/at_command.o
 .debug_macro   0x0001319b      0x264 ./Core/Src/at_command.o
 .debug_macro   0x000133ff       0x2e ./Core/Src/at_command.o
 .debug_macro   0x0001342d      0x127 ./Core/Src/at_command.o
 .debug_macro   0x00013554       0x85 ./Core/Src/at_command.o
 .debug_macro   0x000135d9       0x89 ./Core/Src/at_command.o
 .debug_macro   0x00013662      0x2b1 ./Core/Src/at_command.o
 .debug_macro   0x00013913      0x126 ./Core/Src/at_command.o
 .debug_macro   0x00013a39       0xac ./Core/Src/at_command.o
 .debug_macro   0x00013ae5       0x22 ./Core/Src/at_command.o
 .debug_macro   0x00013b07       0x10 ./Core/Src/at_command.o
 .debug_macro   0x00013b17       0x61 ./Core/Src/at_command.o
 .debug_macro   0x00013b78       0x2a ./Core/Src/at_command.o
 .debug_macro   0x00013ba2       0x43 ./Core/Src/at_command.o
 .debug_macro   0x00013be5       0x34 ./Core/Src/at_command.o
 .debug_macro   0x00013c19      0x364 ./Core/Src/at_command.o
 .debug_macro   0x00013f7d       0x16 ./Core/Src/at_command.o
 .debug_macro   0x00013f93       0x4a ./Core/Src/at_command.o
 .debug_macro   0x00013fdd       0x34 ./Core/Src/at_command.o
 .debug_macro   0x00014011       0x10 ./Core/Src/at_command.o
 .debug_macro   0x00014021       0x58 ./Core/Src/at_command.o
 .debug_macro   0x00014079       0x8e ./Core/Src/at_command.o
 .debug_macro   0x00014107       0x1c ./Core/Src/at_command.o
 .debug_macro   0x00014123      0x17e ./Core/Src/at_command.o
 .debug_macro   0x000142a1       0x10 ./Core/Src/at_command.o
 .debug_macro   0x000142b1       0x3c ./Core/Src/at_command.o
 .debug_macro   0x000142ed       0x20 ./Core/Src/at_command.o
 .debug_macro   0x0001430d       0x1c ./Core/Src/at_command.o
 .debug_macro   0x00014329       0x10 ./Core/Src/at_command.o
 .debug_macro   0x00014339       0x1c ./Core/Src/at_command.o
 .debug_macro   0x00014355       0x16 ./Core/Src/at_command.o
 .debug_macro   0x0001436b      0x146 ./Core/Src/at_command.o
 .debug_macro   0x000144b1      0x385 ./Core/Src/bootloader_download.o
 .debug_macro   0x00014836       0x64 ./Core/Src/bootloader_download.o
 .debug_macro   0x0001489a       0x22 ./Core/Src/bootloader_download.o
 .debug_macro   0x000148bc       0x16 ./Core/Src/bootloader_download.o
 .debug_macro   0x000148d2       0x16 ./Core/Src/bootloader_download.o
 .debug_macro   0x000148e8       0x16 ./Core/Src/bootloader_download.o
 .debug_macro   0x000148fe       0x16 ./Core/Src/bootloader_download.o
 .debug_macro   0x00014914       0x29 ./Core/Src/bootloader_download.o
 .debug_macro   0x0001493d      0x2e7 ./Core/Src/bootloader_logic.o
 .debug_macro   0x00014c24      0x2e3 ./Core/Src/flash_ops.o
 .debug_macro   0x00014f07      0x2c8 ./Core/Src/main.o
 .debug_macro   0x000151cf       0x16 ./Core/Src/main.o
 .debug_macro   0x000151e5       0x16 ./Core/Src/main.o
 .debug_macro   0x000151fb      0x179 ./Core/Src/sha256.o
 .debug_macro   0x00015374      0x1c9 ./Core/Src/stm32f4xx_hal_msp.o
 .debug_macro   0x0001553d      0x1d3 ./Core/Src/stm32f4xx_it.o
 .debug_macro   0x00015710      0x112 ./Core/Src/sysmem.o
 .debug_macro   0x00015822      0x23c ./Core/Src/sysmem.o
 .debug_macro   0x00015a5e      0x1ba ./Core/Src/system_stm32f4xx.o
 .debug_macro   0x00015c18      0x21a ./Drivers/STM32F4xx_HAL_Driver/Src/stm32f4xx_hal.o
 .debug_macro   0x00015e32      0x1ba ./Drivers/STM32F4xx_HAL_Driver/Src/stm32f4xx_hal_cortex.o
 .debug_macro   0x00015fec      0x1c0 ./Drivers/STM32F4xx_HAL_Driver/Src/stm32f4xx_hal_dma.o
 .debug_macro   0x000161ac      0x1c0 ./Drivers/STM32F4xx_HAL_Driver/Src/stm32f4xx_hal_flash.o
 .debug_macro   0x0001636c      0x1c0 ./Drivers/STM32F4xx_HAL_Driver/Src/stm32f4xx_hal_flash_ex.o
 .debug_macro   0x0001652c      0x1c0 ./Drivers/STM32F4xx_HAL_Driver/Src/stm32f4xx_hal_gpio.o
 .debug_macro   0x000166ec      0x1de ./Drivers/STM32F4xx_HAL_Driver/Src/stm32f4xx_hal_rcc.o
 .debug_macro   0x000168ca      0x1bb ./Drivers/STM32F4xx_HAL_Driver/Src/stm32f4xx_hal_uart.o

.debug_line     0x00000000     0xef02
 .debug_line    0x00000000      0x402 ./Core/Src/app_metadata.o
 .debug_line    0x00000402      0xa64 ./Core/Src/at_command.o
 .debug_line    0x00000e66     0x1277 ./Core/Src/bootloader_download.o
 .debug_line    0x000020dd      0xb63 ./Core/Src/bootloader_logic.o
 .debug_line    0x00002c40      0xa25 ./Core/Src/flash_ops.o
 .debug_line    0x00003665      0xa28 ./Core/Src/main.o
 .debug_line    0x0000408d      0x8a2 ./Core/Src/sha256.o
 .debug_line    0x0000492f      0x79f ./Core/Src/stm32f4xx_hal_msp.o
 .debug_line    0x000050ce      0x7e4 ./Core/Src/stm32f4xx_it.o
 .debug_line    0x000058b2      0x592 ./Core/Src/sysmem.o
 .debug_line    0x00005e44      0x793 ./Core/Src/system_stm32f4xx.o
 .debug_line    0x000065d7       0x7a ./Core/Startup/startup_stm32f401retx.o
 .debug_line    0x00006651      0xa26 ./Drivers/STM32F4xx_HAL_Driver/Src/stm32f4xx_hal.o
 .debug_line    0x00007077      0xefc ./Drivers/STM32F4xx_HAL_Driver/Src/stm32f4xx_hal_cortex.o
 .debug_line    0x00007f73     0x1139 ./Drivers/STM32F4xx_HAL_Driver/Src/stm32f4xx_hal_dma.o
 .debug_line    0x000090ac      0xb4c ./Drivers/STM32F4xx_HAL_Driver/Src/stm32f4xx_hal_flash.o
 .debug_line    0x00009bf8      0xd29 ./Drivers/STM32F4xx_HAL_Driver/Src/stm32f4xx_hal_flash_ex.o
 .debug_line    0x0000a921      0xcaa ./Drivers/STM32F4xx_HAL_Driver/Src/stm32f4xx_hal_gpio.o
 .debug_line    0x0000b5cb      0xfe3 ./Drivers/STM32F4xx_HAL_Driver/Src/stm32f4xx_hal_rcc.o
 .debug_line    0x0000c5ae     0x2954 ./Drivers/STM32F4xx_HAL_Driver/Src/stm32f4xx_hal_uart.o

.debug_str      0x00000000    0x87078
 .debug_str     0x00000000    0x87078 ./Core/Src/app_metadata.o
                               0x3d9f (size before relaxing)
 .debug_str     0x00087078    0x83711 ./Core/Src/at_command.o
 .debug_str     0x00087078    0x84253 ./Core/Src/bootloader_download.o
 .debug_str     0x00087078    0x83022 ./Core/Src/bootloader_logic.o
 .debug_str     0x00087078    0x82d27 ./Core/Src/flash_ops.o
 .debug_str     0x00087078    0x8389c ./Core/Src/main.o
 .debug_str     0x00087078     0x754d ./Core/Src/sha256.o
 .debug_str     0x00087078    0x8025c ./Core/Src/stm32f4xx_hal_msp.o
 .debug_str     0x00087078    0x7fd8f ./Core/Src/stm32f4xx_it.o
 .debug_str     0x00087078     0x76f3 ./Core/Src/sysmem.o
 .debug_str     0x00087078    0x7f64f ./Core/Src/system_stm32f4xx.o
 .debug_str     0x00087078       0x6b ./Core/Startup/startup_stm32f401retx.o
 .debug_str     0x00087078    0x80091 ./Drivers/STM32F4xx_HAL_Driver/Src/stm32f4xx_hal.o
 .debug_str     0x00087078    0x7fdfd ./Drivers/STM32F4xx_HAL_Driver/Src/stm32f4xx_hal_cortex.o
 .debug_str     0x00087078    0x7fa65 ./Drivers/STM32F4xx_HAL_Driver/Src/stm32f4xx_hal_dma.o
 .debug_str     0x00087078    0x7f83b ./Drivers/STM32F4xx_HAL_Driver/Src/stm32f4xx_hal_flash.o
 .debug_str     0x00087078    0x7f95e ./Drivers/STM32F4xx_HAL_Driver/Src/stm32f4xx_hal_flash_ex.o
 .debug_str     0x00087078    0x7f7d8 ./Drivers/STM32F4xx_HAL_Driver/Src/stm32f4xx_hal_gpio.o
 .debug_str     0x00087078    0x7fa91 ./Drivers/STM32F4xx_HAL_Driver/Src/stm32f4xx_hal_rcc.o
 .debug_str     0x00087078    0x8036b ./Drivers/STM32F4xx_HAL_Driver/Src/stm32f4xx_hal_uart.o

.comment        0x00000000       0x43
 .comment       0x00000000       0x43 ./Core/Src/app_metadata.o
                                 0x44 (size before relaxing)
 .comment       0x00000043       0x44 ./Core/Src/at_command.o
 .comment       0x00000043       0x44 ./Core/Src/bootloader_download.o
 .comment       0x00000043       0x44 ./Core/Src/bootloader_logic.o
 .comment       0x00000043       0x44 ./Core/Src/flash_ops.o
 .comment       0x00000043       0x44 ./Core/Src/main.o
 .comment       0x00000043       0x44 ./Core/Src/sha256.o
 .comment       0x00000043       0x44 ./Core/Src/stm32f4xx_hal_msp.o
 .comment       0x00000043       0x44 ./Core/Src/stm32f4xx_it.o
 .comment       0x00000043       0x44 ./Core/Src/sysmem.o
 .comment       0x00000043       0x44 ./Core/Src/system_stm32f4xx.o
 .comment       0x00000043       0x44 ./Drivers/STM32F4xx_HAL_Driver/Src/stm32f4xx_hal.o