../Drivers/CMSIS/Include/core_cm4.h:1938:34:__NVIC_SystemReset	0	static,ignoring_inline_asm
../Core/Src/bootloader_download.c:87:13:dying_gasp	272	static,ignoring_inline_asm
../Core/Src/bootloader_download.c:280:13:send_line	8	static
../Core/Src/bootloader_download.c:435:13:flush_flash_chunk	16	static
../Core/Src/bootloader_download.c:355:13:handle_bl_response.constprop	40	static
../Core/Src/bootloader_download.c:388:13:handle_app_response.constprop	40	static
../Core/Src/bootloader_download.c:246:6:Bootloader_RxByte	8	static
../Core/Src/bootloader_download.c:527:6:Bootloader_ConnectToServer	584	static,ignoring_inline_asm
../Core/Src/bootloader_download.c:676:6:HAL_UART_RxCpltCallback	8	static
../Core/Src/bootloader_download.c:688:6:Bootloader_Download_Process	192	static
