../Drivers/CMSIS/Include/core_cm4.h:1938:34:__NVIC_SystemReset	4	static,ignoring_inline_asm
../Core/Src/bootloader_download.c:86:13:dying_gasp	280	static,ignoring_inline_asm
../Core/Src/bootloader_download.c:105:13:Stephano_PowerOn	8	static
../Core/Src/bootloader_download.c:111:13:Stephano_PowerOff	8	static
../Core/Src/bootloader_download.c:117:13:Stephano_Reset	8	static
../Core/Src/bootloader_download.c:124:13:wait_for_ready	200	static
../Core/Src/bootloader_download.c:145:13:get_bootloader_version	24	static
../Core/Src/bootloader_download.c:156:23:find_metadata_in_sector	24	static
../Core/Src/bootloader_download.c:168:13:get_app_version	24	static
../Core/Src/bootloader_download.c:183:13:get_mac_from_module	272	static
../Core/Src/bootloader_download.c:205:13:read_stored_well_id	24	static
../Core/Src/bootloader_download.c:220:13:save_well_id	24	static
../Core/Src/bootloader_download.c:239:6:Bootloader_RxByte	24	static
../Core/Src/bootloader_download.c:249:13:extract_line	16	static
../Core/Src/bootloader_download.c:268:13:send_line	24	static
../Core/Src/bootloader_download.c:275:13:handle_id_response	16	static
../Core/Src/bootloader_download.c:286:13:handle_wsm_id_response	24	static
../Core/Src/bootloader_download.c:298:13:parse_line	16	static
../Core/Src/bootloader_download.c:315:13:handle_bl_response	40	static
../Core/Src/bootloader_download.c:348:13:handle_app_response	40	static
../Core/Src/bootloader_download.c:395:13:flush_flash_chunk	8	static
../Core/Src/bootloader_download.c:409:13:process_binary_payload	16	static
../Core/Src/bootloader_download.c:444:13:parse_data_line	32	static
../Core/Src/bootloader_download.c:471:13:process_rx_data	16	static
../Core/Src/bootloader_download.c:487:6:Bootloader_StartDownload	200	static,ignoring_inline_asm
../Core/Src/bootloader_download.c:600:6:HAL_UART_RxCpltCallback	16	static
../Core/Src/bootloader_download.c:612:6:Bootloader_Download_Process	176	static
