../Drivers/CMSIS/Include/core_cm4.h:1938:34:__NVIC_SystemReset	0	static,ignoring_inline_asm
../Core/Src/bootloader_logic.c:31:17:get_metadata_size	0	static
../Core/Src/bootloader_logic.c:94:13:jump_to_application	8	static,ignoring_inline_asm
../Core/Src/bootloader_logic.c:40:13:is_validation_download	8	static
../Core/Src/bootloader_logic.c:24:13:check_magic	8	static
../Core/Src/bootloader_logic.c:80:23:search_sector_metadata	24	static
../Core/Src/bootloader_logic.c:46:13:is_validation_ready	8	static
../Core/Src/bootloader_logic.c:54:13:verify_sha256_sector6_download	168	static
../Core/Src/bootloader_logic.c:70:13:verify_sha256_sector7_ready	48	static
../Core/Src/bootloader_logic.c:107:6:Bootloader_Run	16	static
