../Drivers/CMSIS/Include/core_cm4.h:1938:34:__NVIC_SystemReset	4	static,ignoring_inline_asm
../Core/Src/bootloader_download.c:81:13:dying_gasp	152	static,ignoring_inline_asm
../Core/Src/bootloader_download.c:91:13:Stephano_PowerOn	8	static
../Core/Src/bootloader_download.c:97:13:Stephano_Reset	8	static
../Core/Src/bootloader_download.c:105:13:wait_for_ready	64	static
../Core/Src/bootloader_download.c:125:13:get_bootloader_version	24	static
../Core/Src/bootloader_download.c:136:23:find_metadata_in_sector	24	static
../Core/Src/bootloader_download.c:148:13:get_app_version	24	static
../Core/Src/bootloader_download.c:163:13:get_imei_from_module	272	static
../Core/Src/bootloader_download.c:185:13:read_stored_well_id	24	static
../Core/Src/bootloader_download.c:200:13:save_well_id	24	static
../Core/Src/bootloader_download.c:219:6:Bootloader_RxByte	24	static
../Core/Src/bootloader_download.c:229:13:extract_line	16	static
../Core/Src/bootloader_download.c:248:13:send_line	24	static
../Core/Src/bootloader_download.c:255:13:handle_id_response	16	static
../Core/Src/bootloader_download.c:266:13:handle_wsm_id_response	24	static
../Core/Src/bootloader_download.c:278:13:parse_line	16	static
../Core/Src/bootloader_download.c:295:13:handle_bl_response	40	static
../Core/Src/bootloader_download.c:328:13:handle_app_response	40	static
../Core/Src/bootloader_download.c:375:13:flush_flash_chunk	8	static
../Core/Src/bootloader_download.c:389:13:process_binary_payload	16	static
../Core/Src/bootloader_download.c:424:13:parse_data_line	32	static
../Core/Src/bootloader_download.c:451:13:process_rx_data	16	static
../Core/Src/bootloader_download.c:467:6:Bootloader_StartDownload	80	static,ignoring_inline_asm
../Core/Src/bootloader_download.c:528:6:HAL_UART_RxCpltCallback	16	static
../Core/Src/bootloader_download.c:540:6:Bootloader_Download_Process	104	static
