Archive member included to satisfy reference by file (symbol)

C:/ST/STM32CubeIDE_1.18.1/STM32CubeIDE/plugins/com.st.stm32cube.ide.mcu.externaltools.gnu-tools-for-stm32.14.3.rel1.win32_1.0.100.202602081740/tools/bin/../lib/gcc/arm-none-eabi/14.3.1/../../../../arm-none-eabi/lib/thumb/v7e-m+fp/hard\libc_nano.a(libc_a-exit.o)
                              C:/ST/STM32CubeIDE_1.18.1/STM32CubeIDE/plugins/com.st.stm32cube.ide.mcu.externaltools.gnu-tools-for-stm32.14.3.rel1.win32_1.0.100.202602081740/tools/bin/../lib/gcc/arm-none-eabi/14.3.1/../../../../arm-none-eabi/lib/thumb/v7e-m+fp/hard/crt0.o (exit)
C:/ST/STM32CubeIDE_1.18.1/STM32CubeIDE/plugins/com.st.stm32cube.ide.mcu.externaltools.gnu-tools-for-stm32.14.3.rel1.win32_1.0.100.202602081740/tools/bin/../lib/gcc/arm-none-eabi/14.3.1/../../../../arm-none-eabi/lib/thumb/v7e-m+fp/hard\libc_nano.a(libc_a-findfp.o)
                              C:/ST/STM32CubeIDE_1.18.1/STM32CubeIDE/plugins/com.st.stm32cube.ide.mcu.externaltools.gnu-tools-for-stm32.14.3.rel1.win32_1.0.100.202602081740/tools/bin/../lib/gcc/arm-none-eabi/14.3.1/../../../../arm-none-eabi/lib/thumb/v7e-m+fp/hard\libc_nano.a(libc_a-exit.o) (__stdio_exit_handler)
C:/ST/STM32CubeIDE_1.18.1/STM32CubeIDE/plugins/com.st.stm32cube.ide.mcu.externaltools.gnu-tools-for-stm32.14.3.rel1.win32_1.0.100.202602081740/tools/bin/../lib/gcc/arm-none-eabi/14.3.1/../../../../arm-none-eabi/lib/thumb/v7e-m+fp/hard\libc_nano.a(libc_a-fwalk.o)
                              C:/ST/STM32CubeIDE_1.18.1/STM32CubeIDE/plugins/com.st.stm32cube.ide.mcu.externaltools.gnu-tools-for-stm32.14.3.rel1.win32_1.0.100.202602081740/tools/bin/../lib/gcc/arm-none-eabi/14.3.1/../../../../arm-none-eabi/lib/thumb/v7e-m+fp/hard\libc_nano.a(libc_a-findfp.o) (_fwalk_sglue)
C:/ST/STM32CubeIDE_1.18.1/STM32CubeIDE/plugins/com.st.stm32cube.ide.mcu.externaltools.gnu-tools-for-stm32.14.3.rel1.win32_1.0.100.202602081740/tools/bin/../lib/gcc/arm-none-eabi/14.3.1/../../../../arm-none-eabi/lib/thumb/v7e-m+fp/hard\libc_nano.a(libc_a-snprintf.o)
                              ./Core/Src/bootloader_download.o (snprintf)
C:/ST/STM32CubeIDE_1.18.1/STM32CubeIDE/plugins/com.st.stm32cube.ide.mcu.externaltools.gnu-tools-for-stm32.14.3.rel1.win32_1.0.100.202602081740/tools/bin/../lib/gcc/arm-none-eabi/14.3.1/../../../../arm-none-eabi/lib/thumb/v7e-m+fp/hard\libc_nano.a(libc_a-sprintf.o)
                              ./Core/Src/at_command.o (sprintf)
C:/ST/STM32CubeIDE_1.18.1/STM32CubeIDE/plugins/com.st.stm32cube.ide.mcu.externaltools.gnu-tools-for-stm32.14.3.rel1.win32_1.0.100.202602081740/tools/bin/../lib/gcc/arm-none-eabi/14.3.1/../../../../arm-none-eabi/lib/thumb/v7e-m+fp/hard\libc_nano.a(libc_a-sscanf.o)
                              ./Core/Src/bootloader_download.o (sscanf)
C:/ST/STM32CubeIDE_1.18.1/STM32CubeIDE/plugins/com.st.stm32cube.ide.mcu.externaltools.gnu-tools-for-stm32.14.3.rel1.win32_1.0.100.202602081740/tools/bin/../lib/gcc/arm-none-eabi/14.3.1/../../../../arm-none-eabi/lib/thumb/v7e-m+fp/hard\libc_nano.a(libc_a-stdio.o)
                              C:/ST/STM32CubeIDE_1.18.1/STM32CubeIDE/plugins/com.st.stm32cube.ide.mcu.externaltools.gnu-tools-for-stm32.14.3.rel1.win32_1.0.100.202602081740/tools/bin/../lib/gcc/arm-none-eabi/14.3.1/../../../../arm-none-eabi/lib/thumb/v7e-m+fp/hard\libc_nano.a(libc_a-findfp.o) (__sread)
C:/ST/STM32CubeIDE_1.18.1/STM32CubeIDE/plugins/com.st.stm32cube.ide.mcu.externaltools.gnu-tools-for-stm32.14.3.rel1.win32_1.0.100.202602081740/tools/bin/../lib/gcc/arm-none-eabi/14.3.1/../../../../arm-none-eabi/lib/thumb/v7e-m+fp/hard\libc_nano.a(libc_a-memcmp.o)
                              ./Core/Src/bootloader_download.o (memcmp)
C:/ST/STM32CubeIDE_1.18.1/STM32CubeIDE/plugins/com.st.stm32cube.ide.mcu.externaltools.gnu-tools-for-stm32.14.3.rel1.win32_1.0.100.202602081740/tools/bin/../lib/gcc/arm-none-eabi/14.3.1/../../../../arm-none-eabi/lib/thumb/v7e-m+fp/hard\libc_nano.a(libc_a-memset.o)
                              C:/ST/STM32CubeIDE_1.18.1/STM32CubeIDE/plugins/com.st.stm32cube.ide.mcu.externaltools.gnu-tools-for-stm32.14.3.rel1.win32_1.0.100.202602081740/tools/bin/../lib/gcc/arm-none-eabi/14.3.1/../../../../arm-none-eabi/lib/thumb/v7e-m+fp/hard/crt0.o (memset)
C:/ST/STM32CubeIDE_1.18.1/STM32CubeIDE/plugins/com.st.stm32cube.ide.mcu.externaltools.gnu-tools-for-stm32.14.3.rel1.win32_1.0.100.202602081740/tools/bin/../lib/gcc/arm-none-eabi/14.3.1/../../../../arm-none-eabi/lib/thumb/v7e-m+fp/hard\libc_nano.a(libc_a-strncmp.o)
                              ./Core/Src/bootloader_download.o (strncmp)
C:/ST/STM32CubeIDE_1.18.1/STM32CubeIDE/plugins/com.st.stm32cube.ide.mcu.externaltools.gnu-tools-for-stm32.14.3.rel1.win32_1.0.100.202602081740/tools/bin/../lib/gcc/arm-none-eabi/14.3.1/../../../../arm-none-eabi/lib/thumb/v7e-m+fp/hard\libc_nano.a(libc_a-strncpy.o)
                              ./Core/Src/bootloader_download.o (strncpy)
[...]
Memory Configuration

Name             Origin             Length             Attributes
RAM              0x20000000         0x00018000         xrw
FLASH            0x08010000         0x00010000         xr
*default*        0x00000000         0xffffffff

Linker script and memory map

LOAD C:/ST/STM32CubeIDE_1.18.1/STM32CubeIDE/plugins/com.st.stm32cube.ide.mcu.externaltools.gnu-tools-for-stm32.14.3.rel1.win32_1.0.100.202602081740/tools/bin/../lib/gcc/arm-none-eabi/14.3.1/thumb/v7e-m+fp/hard/crti.o
LOAD C:/ST/STM32CubeIDE_1.18.1/STM32CubeIDE/plugins/com.st.stm32cube.ide.mcu.externaltools.gnu-tools-for-stm32.14.3.rel1.win32_1.0.100.202602081740/tools/bin/../lib/gcc/arm-none-eabi/14.3.1/thumb/v7e-m+fp/hard/crtbegin.o
LOAD C:/ST/STM32CubeIDE_1.18.1/STM32CubeIDE/plugins/com.st.stm32cube.ide.mcu.externaltools.gnu-tools-for-stm32.14.3.rel1.win32_1.0.100.202602081740/tools/bin/../lib/gcc/arm-none-eabi/14.3.1/../../../../arm-none-eabi/lib/thumb/v7e-m+fp/hard/crt0.o
LOAD ./Core/Src/app_metadata.o
LOAD ./Core/Src/at_command.o
LOAD ./Core/Src/bootloader_download.o
LOAD ./Core/Src/bootloader_logic.o
LOAD ./Core/Src/flash_ops.o
LOAD ./Core/Src/main.o
LOAD ./Core/Src/sha256.o
LOAD ./Core/Src/stm32f4xx_hal_msp.o
LOAD ./Core/Src/stm32f4xx_it.o
LOAD ./Core/Src/syscalls.o
LOAD ./Core/Src/sysmem.o
LOAD ./Core/Src/system_stm32f4xx.o
LOAD ./Core/Startup/startup_stm32f401retx.o
LOAD ./Drivers/STM32F4xx_HAL_Driver/Src/stm32f4xx_hal.o
LOAD ./Drivers/STM32F4xx_HAL_Driver/Src/stm32f4xx_hal_cortex.o
LOAD ./Drivers/STM32F4xx_HAL_Driver/Src/stm32f4xx_hal_dma.o
LOAD ./Drivers/STM32F4xx_HAL_Driver/Src/stm32f4xx_hal_dma_ex.o
LOAD ./Drivers/STM32F4xx_HAL_Driver/Src/stm32f4xx_hal_exti.o
LOAD ./Drivers/STM32F4xx_HAL_Driver/Src/stm32f4xx_hal_flash.o
LOAD ./Drivers/STM32F4xx_HAL_Driver/Src/stm32f4xx_hal_flash_ex.o
LOAD ./Drivers/STM32F4xx_HAL_Driver/Src/stm32f4xx_hal_flash_ramfunc.o
LOAD ./Drivers/STM32F4xx_HAL_Driver/Src/stm32f4xx_hal_gpio.o
LOAD ./Drivers/STM32F4xx_HAL_Driver/Src/stm32f4xx_hal_pwr.o
LOAD ./Drivers/STM32F4xx_HAL_Driver/Src/stm32f4xx_hal_pwr_ex.o
LOAD ./Drivers/STM32F4xx_HAL_Driver/Src/stm32f4xx_hal_rcc.o
LOAD ./Drivers/STM32F4xx_HAL_Driver/Src/stm32f4xx_hal_rcc_ex.o
LOAD ./Drivers/STM32F4xx_HAL_Driver/Src/stm32f4xx_hal_uart.o
START GROUP
LOAD C:/ST/STM32CubeIDE_1.18.1/STM32CubeIDE/plugins/com.st.stm32cube.ide.mcu.externaltools.gnu-tools-for-stm32.14.3.rel1.win32_1.0.100.202602081740/tools/bin/../lib/gcc/arm-none-eabi/14.3.1/../../../../arm-none-eabi/lib/thumb/v7e-m+fp/hard\libc_nano.a
LOAD C:/ST/STM32CubeIDE_1.18.1/STM32CubeIDE/plugins/com.st.stm32cube.ide.mcu.externaltools.gnu-tools-for-stm32.14.3.rel1.win32_1.0.100.202602081740/tools/bin/../lib/gcc/arm-none-eabi/14.3.1/../../../../arm-none-eabi/lib/thumb/v7e-m+fp/hard\libm.a
END GROUP
START GROUP
LOAD C:/ST/STM32CubeIDE_1.18.1/STM32CubeIDE/plugins/com.st.stm32cube.ide.mcu.externaltools.gnu-tools-for-stm32.14.3.rel1.win32_1.0.100.202602081740/tools/bin/../lib/gcc/arm-none-eabi/14.3.1/thumb/v7e-m+fp/hard\libgcc.a
LOAD C:/ST/STM32CubeIDE_1.18.1/STM32CubeIDE/plugins/com.st.stm32cube.ide.mcu.externaltools.gnu-tools-for-stm32.14.3.rel1.win32_1.0.100.202602081740/tools/bin/../lib/gcc/arm-none-eabi/14.3.1/../../../../arm-none-eabi/lib/thumb/v7e-m+fp/hard\libc_nano.a
END GROUP
START GROUP
LOAD C:/ST/STM32CubeIDE_1.18.1/STM32CubeIDE/plugins/com.st.stm32cube.ide.mcu.externaltools.gnu-tools-for-stm32.14.3.rel1.win32_1.0.100.202602081740/tools/bin/../lib/gcc/arm-none-eabi/14.3.1/thumb/v7e-m+fp/hard\libgcc.a
LOAD C:/ST/STM32CubeIDE_1.18.1/STM32CubeIDE/plugins/com.st.stm32cube.ide.mcu.externaltools.gnu-tools-for-stm32.14.3.rel1.win32_1.0.100.202602081740/tools/bin/../lib/gcc/arm-none-eabi/14.3.1/../../../../arm-none-eabi/lib/thumb/v7e-m+fp/hard\libc_nano.a
LOAD C:/ST/STM32CubeIDE_1.18.1/STM32CubeIDE/plugins/com.st.stm32cube.ide.mcu.externaltools.gnu-tools-for-stm32.14.3.rel1.win32_1.0.100.202602081740/tools/bin/../lib/gcc/arm-none-eabi/14.3.1/../../../../arm-none-eabi/lib/thumb/v7e-m+fp/hard\libnosys.a
END GROUP
START GROUP
LOAD C:/ST/STM32CubeIDE_1.18.1/STM32CubeIDE/plugins/com.st.stm32cube.ide.mcu.externaltools.gnu-tools-for-stm32.14.3.rel1.win32_1.0.100.202602081740/tools/bin/../lib/gcc/arm-none-eabi/14.3.1/thumb/v7e-m+fp/hard\libgcc.a
LOAD C:/ST/STM32CubeIDE_1.18.1/STM32CubeIDE/plugins/com.st.stm32cube.ide.mcu.externaltools.gnu-tools-for-stm32.14.3.rel1.win32_1.0.100.202602081740/tools/bin/../lib/gcc/arm-none-eabi/14.3.1/../../../../arm-none-eabi/lib/thumb/v7e-m+fp/hard\libc_nano.a
LOAD C:/ST/STM32CubeIDE_1.18.1/STM32CubeIDE/plugins/com.st.stm32cube.ide.mcu.externaltools.gnu-tools-for-stm32.14.3.rel1.win32_1.0.100.202602081740/tools/bin/../lib/gcc/arm-none-eabi/14.3.1/../../../../arm-none-eabi/lib/thumb/v7e-m+fp/hard\libnosys.a
END GROUP
LOAD C:/ST/STM32CubeIDE_1.18.1/STM32CubeIDE/plugins/com.st.stm32cube.ide.mcu.externaltools.gnu-tools-for-stm32.14.3.rel1.win32_1.0.100.202602081740/tools/bin/../lib/gcc/arm-none-eabi/14.3.1/thumb/v7e-m+fp/hard/crtend.o
LOAD C:/ST/STM32CubeIDE_1.18.1/STM32CubeIDE/plugins/com.st.stm32cube.ide.mcu.externaltools.gnu-tools-for-stm32.14.3.rel1.win32_1.0.100.202602081740/tools/bin/../lib/gcc/arm-none-eabi/14.3.1/thumb/v7e-m+fp/hard/crtn.o
                0x20018000                        _estack = (ORIGIN (RAM) + LENGTH (RAM))
                0x00000600                        _Min_Heap_Size = 0x600
                0x00000400                        _Min_Stack_Size = 0x400

.isr_vector     0x08010000      0x194
                0x08010000                        . = ALIGN (0x4)
 *(.isr_vector)
 .isr_vector    0x08010000      0x194 ./Core/Startup/startup_stm32f401retx.o
                0x08010000                g_pfnVectors
                0x08010194                        . = ALIGN (0x4)
 FILL mask 0xff

.text           0x080101a0     0x4978
                0x080101a0                        . = ALIGN (0x4)
 *(.text)
 .text          0x080101a0       0x40 C:/ST/STM32CubeIDE_1.18.1/STM32CubeIDE/plugins/com.st.stm32cube.ide.mcu.externaltools.gnu-tools-for-stm32.14.3.rel1.win32_1.0.100.202602081740/tools/bin/../lib/gcc/arm-none-eabi/14.3.1/thumb/v7e-m+fp/hard/crtbegin.o
 .text          0x080101e0       0x14 C:/ST/STM32CubeIDE_1.18.1/STM32CubeIDE/plugins/com.st.stm32cube.ide.mcu.externaltools.gnu-tools-for-stm32.14.3.rel1.win32_1.0.100.202602081740/tools/bin/../lib/gcc/arm-none-eabi/14.3.1/../../../../arm-none-eabi/lib/thumb/v7e-m+fp/hard\libc_nano.a(libc_a-strcmp.o)
                0x080101e0                strcmp
 .text          0x080101f4       0x10 C:/ST/STM32CubeIDE_1.18.1/STM32CubeIDE/plugins/com.st.stm32cube.ide.mcu.externaltools.gnu-tools-for-stm32.14.3.rel1.win32_1.0.100.202602081740/tools/bin/../lib/gcc/arm-none-eabi/14.3.1/../../../../arm-none-eabi/lib/thumb/v7e-m+fp/hard\libc_nano.a(libc_a-strlen.o)
                0x080101f4                strlen
 *fill*         0x08010204        0xc 
 .text          0x08010210       0xa0 C:/ST/STM32CubeIDE_1.18.1/STM32CubeIDE/plugins/com.st.stm32cube.ide.mcu.externaltools.gnu-tools-for-stm32.14.3.rel1.win32_1.0.100.202602081740/tools/bin/../lib/gcc/arm-none-eabi/14.3.1/../../../../arm-none-eabi/lib/thumb/v7e-m+fp/hard\libc_nano.a(libc_a-memchr.o)
                0x08010210                memchr
 .text          0x080102b0       0x30 C:/ST/STM32CubeIDE_1.18.1/STM32CubeIDE/plugins/com.st.stm32cube.ide.mcu.externaltools.gnu-tools-for-stm32.14.3.rel1.win32_1.0.100.202602081740/tools/bin/../lib/gcc/arm-none-eabi/14.3.1/thumb/v7e-m+fp/hard\libgcc.a(_aeabi_uldivmod.o)
                0x080102b0                __aeabi_uldivmod
 .text          0x080102e0      0x2f8 C:/ST/STM32CubeIDE_1.18.1/STM32CubeIDE/plugins/com.st.stm32cube.ide.mcu.externaltools.gnu-tools-for-stm32.14.3.rel1.win32_1.0.100.202602081740/tools/bin/../lib/gcc/arm-none-eabi/14.3.1/thumb/v7e-m+fp/hard\libgcc.a(_udivmoddi4.o)
                0x080102e0                __udivmoddi4
 .text          0x080105d8        0x4 C:/ST/STM32CubeIDE_1.18.1/STM32CubeIDE/plugins/com.st.stm32cube.ide.mcu.externaltools.gnu-tools-for-stm32.14.3.rel1.win32_1.0.100.202602081740/tools/bin/../lib/gcc/arm-none-eabi/14.3.1/thumb/v7e-m+fp/hard\libgcc.a(_dvmd_tls.o)
                0x080105d8                __aeabi_idiv0
                0x080105d8                __aeabi_ldiv0
 *(.text*)
 .text.AT_SendCommand
                0x080105dc      0x180 ./Core/Src/at_command.o
                0x080105dc                AT_SendCommand
 .text.__NVIC_SystemReset
                0x0801075c       0x24 ./Core/Src/bootloader_download.o
 .text.dying_gasp
                0x08010780       0x5c ./Core/Src/bootloader_download.o
 .text.send_line
                0x080107dc       0x30 ./Core/Src/bootloader_download.o
 .text.flush_flash_chunk
                0x0801080c       0x54 ./Core/Src/bootloader_download.o
 .text.handle_bl_response.constprop.0
                0x08010860       0xc8 ./Core/Src/bootloader_download.o
 .text.handle_app_response.constprop.0
                0x08010928       0xcc ./Core/Src/bootloader_download.o
 .text.Bootloader_RxByte
                0x080109f4       0x2c ./Core/Src/bootloader_download.o
                0x080109f4                Bootloader_RxByte
 .text.Bootloader_ConnectToServer
                0x08010a20      0x444 ./Core/Src/bootloader_download.o
                0x08010a20                Bootloader_ConnectToServer
 .text.HAL_UART_RxCpltCallback
                0x08010e64       0x30 ./Core/Src/bootloader_download.o
                0x08010e64                HAL_UART_RxCpltCallback
 .text.Bootloader_Download_Process
                0x08010e94      0x598 ./Core/Src/bootloader_download.o
                0x08010e94                Bootloader_Download_Process
 .text.search_sector_metadata.constprop.0
                0x0801142c       0x54 ./Core/Src/bootloader_logic.o
 .text.Bootloader_Run
                0x08011480      0x120 ./Core/Src/bootloader_logic.o
                0x08011480                Bootloader_Run
 .text.Flash_EraseSector
                0x080115a0       0x3a ./Core/Src/flash_ops.o
                0x080115a0                Flash_EraseSector
 .text.Flash_WriteData
                0x080115da       0x70 ./Core/Src/flash_ops.o
                0x080115da                Flash_WriteData
 .text.Flash_ReadData
                0x0801164a       0x10 ./Core/Src/flash_ops.o
                0x0801164a                Flash_ReadData
 .text.Flash_ProgramFirmwareData
                0x0801165a       0x2a ./Core/Src/flash_ops.o
                0x0801165a                Flash_ProgramFirmwareData
 .text.SystemClock_Config
                0x08011684       0xa4 ./Core/Src/main.o
                0x08011684                SystemClock_Config
 .text.startup.main
                0x08011728      0x1cc ./Core/Src/main.o
                0x08011728                main
 .text.assert_failed
                0x080118f4        0x2 ./Core/Src/main.o
                0x080118f4                assert_failed
 *fill*         0x080118f6        0x2 
 .text.sha256_transform
                0x080118f8      0x148 ./Core/Src/sha256.o
 .text.SHA256_Init
                0x08011a40       0x58 ./Core/Src/sha256.o
                0x08011a40                SHA256_Init
 .text.SHA256_Update
                0x08011a98       0x38 ./Core/Src/sha256.o
                0x08011a98                SHA256_Update
 .text.SHA256_Final
                0x08011ad0       0xa8 ./Core/Src/sha256.o
                0x08011ad0                SHA256_Final
 .text.SHA256_Calculate
                0x08011b78       0x70 ./Core/Src/sha256.o
                0x08011b78                SHA256_Calculate
 .text.HAL_MspInit
                0x08011be8       0x38 ./Core/Src/stm32f4xx_hal_msp.o
                0x08011be8                HAL_MspInit
 .text.HAL_UART_MspInit
                0x08011c20       0xd0 ./Core/Src/stm32f4xx_hal_msp.o
                0x08011c20                HAL_UART_MspInit
 .text.NMI_Handler
                0x08011cf0        0x2 ./Core/Src/stm32f4xx_it.o
                0x08011cf0                NMI_Handler
 .text.HardFault_Handler
                0x08011cf2        0x2 ./Core/Src/stm32f4xx_it.o
                0x08011cf2                HardFault_Handler
 .text.MemManage_Handler
                0x08011cf4        0x2 ./Core/Src/stm32f4xx_it.o
                0x08011cf4                MemManage_Handler
 .text.BusFault_Handler
                0x08011cf6        0x2 ./Core/Src/stm32f4xx_it.o
                0x08011cf6                BusFault_Handler
 .text.UsageFault_Handler
                0x08011cf8        0x2 ./Core/Src/stm32f4xx_it.o
                0x08011cf8                UsageFault_Handler
 .text.SVC_Handler
                0x08011cfa        0x2 ./Core/Src/stm32f4xx_it.o
                0x08011cfa                SVC_Handler
 .text.DebugMon_Handler
                0x08011cfc        0x2 ./Core/Src/stm32f4xx_it.o
                0x08011cfc                DebugMon_Handler
 .text.PendSV_Handler
                0x08011cfe        0x2 ./Core/Src/stm32f4xx_it.o
                0x08011cfe                PendSV_Handler
 .text.SysTick_Handler
                0x08011d00        0x4 ./Core/Src/stm32f4xx_it.o
                0x08011d00                SysTick_Handler
 .text.USART2_IRQHandler
                0x08011d04        0xc ./Core/Src/stm32f4xx_it.o
                0x08011d04                USART2_IRQHandler
 .text._sbrk    0x08011d10       0x3c ./Core/Src/sysmem.o
                0x08011d10                _sbrk
 .text.SystemInit
                0x08011d4c       0x14 ./Core/Src/system_stm32f4xx.o
                0x08011d4c                SystemInit
 .text.Reset_Handler
                0x08011d60       0x50 ./Core/Startup/startup_stm32f401retx.o
                0x08011d60                Reset_Handler
 .text.Default_Handler
                0x08011db0        0x2 ./Core/Startup/startup_stm32f401retx.o
                0x08011db0                RTC_Alarm_IRQHandler
                0x08011db0                EXTI2_IRQHandler
                0x08011db0                SPI4_IRQHandler
                0x08011db0                TIM1_CC_IRQHandler
                0x08011db0                DMA2_Stream5_IRQHandler
                0x08011db0                DMA1_Stream5_IRQHandler
                0x08011db0                PVD_IRQHandler
                0x08011db0                SDIO_IRQHandler
                0x08011db0                TAMP_STAMP_IRQHandler
                0x08011db0                EXTI3_IRQHandler
                0x08011db0                TIM1_UP_TIM10_IRQHandler
                0x08011db0                I2C3_ER_IRQHandler
                0x08011db0                EXTI0_IRQHandler
                0x08011db0                I2C2_EV_IRQHandler
                0x08011db0                DMA1_Stream2_IRQHandler
                0x08011db0                FPU_IRQHandler
                0x08011db0                DMA2_Stream2_IRQHandler
                0x08011db0                SPI1_IRQHandler
                0x08011db0                TIM1_BRK_TIM9_IRQHandler
                0x08011db0                DMA2_Stream3_IRQHandler
                0x08011db0                USART6_IRQHandler
                0x08011db0                DMA2_Stream0_IRQHandler
                0x08011db0                TIM4_IRQHandler
                0x08011db0                I2C1_EV_IRQHandler
                0x08011db0                DMA1_Stream6_IRQHandler
                0x08011db0                DMA1_Stream1_IRQHandler
                0x08011db0                TIM3_IRQHandler
                0x08011db0                RCC_IRQHandler
                0x08011db0                Default_Handler
                0x08011db0                EXTI15_10_IRQHandler
                0x08011db0                ADC_IRQHandler
                0x08011db0                DMA1_Stream7_IRQHandler
                0x08011db0                TIM5_IRQHandler
                0x08011db0                DMA2_Stream7_IRQHandler
                0x08011db0                I2C3_EV_IRQHandler
                0x08011db0                EXTI9_5_IRQHandler
                0x08011db0                RTC_WKUP_IRQHandler
                0x08011db0                SPI2_IRQHandler
                0x08011db0                DMA1_Stream0_IRQHandler
                0x08011db0                EXTI4_IRQHandler
                0x08011db0                WWDG_IRQHandler
                0x08011db0                TIM2_IRQHandler
                0x08011db0                OTG_FS_WKUP_IRQHandler
                0x08011db0                TIM1_TRG_COM_TIM11_IRQHandler
                0x08011db0                EXTI1_IRQHandler
                0x08011db0                I2C2_ER_IRQHandler
                0x08011db0                DMA2_Stream1_IRQHandler
                0x08011db0                FLASH_IRQHandler
                0x08011db0                DMA2_Stream4_IRQHandler
                0x08011db0                USART1_IRQHandler
                0x08011db0                OTG_FS_IRQHandler
                0x08011db0                SPI3_IRQHandler
                0x08011db0                DMA1_Stream4_IRQHandler
                0x08011db0                I2C1_ER_IRQHandler
                0x08011db0                DMA2_Stream6_IRQHandler
                0x08011db0                DMA1_Stream3_IRQHandler
 *fill*         0x08011db2        0x2 
 .text.HAL_InitTick
                0x08011db4       0x48 ./Drivers/STM32F4xx_HAL_Driver/Src/stm32f4xx_hal.o
                0x08011db4                HAL_InitTick
 .text.HAL_Init
                0x08011dfc       0x34 ./Drivers/STM32F4xx_HAL_Driver/Src/stm32f4xx_hal.o
                0x08011dfc                HAL_Init
 .text.HAL_IncTick
                0x08011e30       0x18 ./Drivers/STM32F4xx_HAL_Driver/Src/stm32f4xx_hal.o
                0x08011e30                HAL_IncTick
 .text.HAL_GetTick
                0x08011e48        0xc ./Drivers/STM32F4xx_HAL_Driver/Src/stm32f4xx_hal.o
                0x08011e48                HAL_GetTick
 .text.HAL_Delay
                0x08011e54       0x28 ./Drivers/STM32F4xx_HAL_Driver/Src/stm32f4xx_hal.o
                0x08011e54                HAL_Delay
 .text.HAL_NVIC_SetPriorityGrouping
                0x08011e7c       0x3c ./Drivers/STM32F4xx_HAL_Driver/Src/stm32f4xx_hal_cortex.o
                0x08011e7c                HAL_NVIC_SetPriorityGrouping
 .text.HAL_NVIC_SetPriority
                0x08011eb8       0x84 ./Drivers/STM32F4xx_HAL_Driver/Src/stm32f4xx_hal_cortex.o
                0x08011eb8                HAL_NVIC_SetPriority
 .text.HAL_NVIC_EnableIRQ
                0x08011f3c       0x28 ./Drivers/STM32F4xx_HAL_Driver/Src/stm32f4xx_hal_cortex.o
                0x08011f3c                HAL_NVIC_EnableIRQ
 .text.HAL_SYSTICK_Config
                0x08011f64       0x28 ./Drivers/STM32F4xx_HAL_Driver/Src/stm32f4xx_hal_cortex.o
                0x08011f64                HAL_SYSTICK_Config
 .text.HAL_DMA_Abort
                0x08011f8c       0x7c ./Drivers/STM32F4xx_HAL_Driver/Src/stm32f4xx_hal_dma.o
                0x08011f8c                HAL_DMA_Abort
 .text.HAL_DMA_Abort_IT
                0x08012008       0x24 ./Drivers/STM32F4xx_HAL_Driver/Src/stm32f4xx_hal_dma.o
                0x08012008                HAL_DMA_Abort_IT
 .text.FLASH_SetErrorCode
                0x0801202c       0x8c ./Drivers/STM32F4xx_HAL_Driver/Src/stm32f4xx_hal_flash.o
 .text.FLASH_Program_Byte
                0x080120b8       0x4c ./Drivers/STM32F4xx_HAL_Driver/Src/stm32f4xx_hal_flash.o
 .text.FLASH_Program_HalfWord
                0x08012104       0x50 ./Drivers/STM32F4xx_HAL_Driver/Src/stm32f4xx_hal_flash.o
 .text.FLASH_Program_Word
                0x08012154       0x50 ./Drivers/STM32F4xx_HAL_Driver/Src/stm32f4xx_hal_flash.o
 .text.FLASH_Program_DoubleWord
                0x080121a4       0x58 ./Drivers/STM32F4xx_HAL_Driver/Src/stm32f4xx_hal_flash.o
 .text.HAL_FLASH_Unlock
                0x080121fc       0x24 ./Drivers/STM32F4xx_HAL_Driver/Src/stm32f4xx_hal_flash.o
                0x080121fc                HAL_FLASH_Unlock
 .text.HAL_FLASH_Lock
                0x08012220       0x14 ./Drivers/STM32F4xx_HAL_Driver/Src/stm32f4xx_hal_flash.o
                0x08012220                HAL_FLASH_Lock
 .text.FLASH_WaitForLastOperation
                0x08012234       0x50 ./Drivers/STM32F4xx_HAL_Driver/Src/stm32f4xx_hal_flash.o
                0x08012234                FLASH_WaitForLastOperation
 .text.HAL_FLASH_Program
                0x08012284       0x8c ./Drivers/STM32F4xx_HAL_Driver/Src/stm32f4xx_hal_flash.o
                0x08012284                HAL_FLASH_Program
 .text.FLASH_MassErase
                0x08012310       0x4c ./Drivers/STM32F4xx_HAL_Driver/Src/stm32f4xx_hal_flash_ex.o
 .text.FLASH_Erase_Sector
                0x0801235c       0x64 ./Drivers/STM32F4xx_HAL_Driver/Src/stm32f4xx_hal_flash_ex.o
                0x0801235c                FLASH_Erase_Sector
 .text.FLASH_FlushCaches
                0x080123c0       0x58 ./Drivers/STM32F4xx_HAL_Driver/Src/stm32f4xx_hal_flash_ex.o
                0x080123c0                FLASH_FlushCaches
 .text.HAL_FLASHEx_Erase
                0x08012418       0xc8 ./Drivers/STM32F4xx_HAL_Driver/Src/stm32f4xx_hal_flash_ex.o
                0x08012418                HAL_FLASHEx_Erase
 .text.HAL_GPIO_Init
                0x080124e0      0x26c ./Drivers/STM32F4xx_HAL_Driver/Src/stm32f4xx_hal_gpio.o
                0x080124e0                HAL_GPIO_Init
 .text.HAL_GPIO_WritePin
                0x0801274c       0x34 ./Drivers/STM32F4xx_HAL_Driver/Src/stm32f4xx_hal_gpio.o
                0x0801274c                HAL_GPIO_WritePin
 .text.HAL_RCC_OscConfig
                0x08012780      0x448 ./Drivers/STM32F4xx_HAL_Driver/Src/stm32f4xx_hal_rcc.o
                0x08012780                HAL_RCC_OscConfig
 .text.HAL_RCC_GetSysClockFreq
                0x08012bc8       0x5c ./Drivers/STM32F4xx_HAL_Driver/Src/stm32f4xx_hal_rcc.o
                0x08012bc8                HAL_RCC_GetSysClockFreq
 .text.HAL_RCC_ClockConfig
                0x08012c24      0x1e8 ./Drivers/STM32F4xx_HAL_Driver/Src/stm32f4xx_hal_rcc.o
                0x08012c24                HAL_RCC_ClockConfig
 .text.HAL_RCC_GetPCLK1Freq
                0x08012e0c       0x20 ./Drivers/STM32F4xx_HAL_Driver/Src/stm32f4xx_hal_rcc.o
                0x08012e0c                HAL_RCC_GetPCLK1Freq
 .text.HAL_RCC_GetPCLK2Freq
                0x08012e2c       0x20 ./Drivers/STM32F4xx_HAL_Driver/Src/stm32f4xx_hal_rcc.o
                0x08012e2c                HAL_RCC_GetPCLK2Freq
 .text.HAL_UARTEx_RxEventCallback
                0x08012e4c        0x2 ./Drivers/STM32F4xx_HAL_Driver/Src/stm32f4xx_hal_uart.o
                0x08012e4c                HAL_UARTEx_RxEventCallback
 .text.UART_EndRxTransfer
                0x08012e4e       0x5c ./Drivers/STM32F4xx_HAL_Driver/Src/stm32f4xx_hal_uart.o
 .text.UART_DMAAbortOnError
                0x08012eaa        0xa ./Drivers/STM32F4xx_HAL_Driver/Src/stm32f4xx_hal_uart.o
 .text.UART_DMARxOnlyAbortCallback
                0x08012eb4       0x12 ./Drivers/STM32F4xx_HAL_Driver/Src/stm32f4xx_hal_uart.o
 *fill*         0x08012ec6        0x2 
 .text.UART_SetConfig
                0x08012ec8      0x118 ./Drivers/STM32F4xx_HAL_Driver/Src/stm32f4xx_hal_uart.o
 .text.UART_WaitOnFlagUntilTimeout.constprop.0
                0x08012fe0       0x64 ./Drivers/STM32F4xx_HAL_Driver/Src/stm32f4xx_hal_uart.o
 .text.UART_Receive_IT.isra.0
                0x08013044       0xb6 ./Drivers/STM32F4xx_HAL_Driver/Src/stm32f4xx_hal_uart.o
 .text.HAL_UART_TxCpltCallback
                0x080130fa        0x2 ./Drivers/STM32F4xx_HAL_Driver/Src/stm32f4xx_hal_uart.o
                0x080130fa                HAL_UART_TxCpltCallback
 .text.HAL_UART_TxHalfCpltCallback
                0x080130fc        0x2 ./Drivers/STM32F4xx_HAL_Driver/Src/stm32f4xx_hal_uart.o
                0x080130fc                HAL_UART_TxHalfCpltCallback
 .text.HAL_UART_RxHalfCpltCallback
                0x080130fe        0x2 ./Drivers/STM32F4xx_HAL_Driver/Src/stm32f4xx_hal_uart.o
                0x080130fe                HAL_UART_RxHalfCpltCallback
 .text.HAL_UART_ErrorCallback
                0x08013100        0x2 ./Drivers/STM32F4xx_HAL_Driver/Src/stm32f4xx_hal_uart.o
                0x08013100                HAL_UART_ErrorCallback
 .text.HAL_UART_AbortCpltCallback
                0x08013102        0x2 ./Drivers/STM32F4xx_HAL_Driver/Src/stm32f4xx_hal_uart.o
                0x08013102                HAL_UART_AbortCpltCallback
 .text.HAL_UART_AbortTransmitCpltCallback
                0x08013104        0x2 ./Drivers/STM32F4xx_HAL_Driver/Src/stm32f4xx_hal_uart.o
                0x08013104                HAL_UART_AbortTransmitCpltCallback
 .text.HAL_UART_AbortReceiveCpltCallback
                0x08013106        0x2 ./Drivers/STM32F4xx_HAL_Driver/Src/stm32f4xx_hal_uart.o
                0x08013106                HAL_UART_AbortReceiveCpltCallback
 .text.HAL_UART_Transmit
                0x08013108       0x9c ./Drivers/STM32F4xx_HAL_Driver/Src/stm32f4xx_hal_uart.o
                0x08013108                HAL_UART_Transmit
 .text.HAL_UART_Receive
                0x080131a4       0xae ./Drivers/STM32F4xx_HAL_Driver/Src/stm32f4xx_hal_uart.o
                0x080131a4                HAL_UART_Receive
 *fill*         0x08013252        0x2 
 .text.HAL_UART_AbortReceive_IT
                0x08013254       0xac ./Drivers/STM32F4xx_HAL_Driver/Src/stm32f4xx_hal_uart.o
                0x08013254                HAL_UART_AbortReceive_IT
 .text.HAL_UART_IRQHandler
                0x08013300      0x2a8 ./Drivers/STM32F4xx_HAL_Driver/Src/stm32f4xx_hal_uart.o
                0x08013300                HAL_UART_IRQHandler
 .text.UART_InitCallbacksToDefault
                0x080135a8       0x4c ./Drivers/STM32F4xx_HAL_Driver/Src/stm32f4xx_hal_uart.o
                0x080135a8                UART_InitCallbacksToDefault
 .text.HAL_UART_Init
                0x080135f4       0xf4 ./Drivers/STM32F4xx_HAL_Driver/Src/stm32f4xx_hal_uart.o
                0x080135f4                HAL_UART_Init
 .text.UART_Start_Receive_IT
                0x080136e8       0x32 ./Drivers/STM32F4xx_HAL_Driver/Src/stm32f4xx_hal_uart.o
                0x080136e8                UART_Start_Receive_IT
 .text.HAL_UART_Receive_IT
                0x0801371a       0x22 ./Drivers/STM32F4xx_HAL_Driver/Src/stm32f4xx_hal_uart.o
                0x0801371a                HAL_UART_Receive_IT
 .text.snprintf
                0x0801373c       0x6c C:/ST/STM32CubeIDE_1.18.1/STM32CubeIDE/plugins/com.st.stm32cube.ide.mcu.externaltools.gnu-tools-for-stm32.14.3.rel1.win32_1.0.100.202602081740/tools/bin/../lib/gcc/arm-none-eabi/14.3.1/../../../../arm-none-eabi/lib/thumb/v7e-m+fp/hard\libc_nano.a(libc_a-snprintf.o)
                0x0801373c                sniprintf
                0x0801373c                snprintf
 .text.sprintf  0x080137a8       0x44 C:/ST/STM32CubeIDE_1.18.1/STM32CubeIDE/plugins/com.st.stm32cube.ide.mcu.externaltools.gnu-tools-for-stm32.14.3.rel1.win32_1.0.100.202602081740/tools/bin/../lib/gcc/arm-none-eabi/14.3.1/../../../../arm-none-eabi/lib/thumb/v7e-m+fp/hard\libc_nano.a(libc_a-sprintf.o)
                0x080137a8                siprintf
                0x080137a8                sprintf
 .text.sscanf   0x080137ec       0x58 C:/ST/STM32CubeIDE_1.18.1/STM32CubeIDE/plugins/com.st.stm32cube.ide.mcu.externaltools.gnu-tools-for-stm32.14.3.rel1.win32_1.0.100.202602081740/tools/bin/../lib/gcc/arm-none-eabi/14.3.1/../../../../arm-none-eabi/lib/thumb/v7e-m+fp/hard\libc_nano.a(libc_a-sscanf.o)
                0x080137ec                siscanf
                0x080137ec                sscanf
 .text.__seofread
                0x08013844        0x4 C:/ST/STM32CubeIDE_1.18.1/STM32CubeIDE/plugins/com.st.stm32cube.ide.mcu.externaltools.gnu-tools-for-stm32.14.3.rel1.win32_1.0.100.202602081740/tools/bin/../lib/gcc/arm-none-eabi/14.3.1/../../../../arm-none-eabi/lib/thumb/v7e-m+fp/hard\libc_nano.a(libc_a-stdio.o)
                0x08013844                __seofread
 .text.memcmp   0x08013848       0x20 C:/ST/STM32CubeIDE_1.18.1/STM32CubeIDE/plugins/com.st.stm32cube.ide.mcu.externaltools.gnu-tools-for-stm32.14.3.rel1.win32_1.0.100.202602081740/tools/bin/../lib/gcc/arm-none-eabi/14.3.1/../../../../arm-none-eabi/lib/thumb/v7e-m+fp/hard\libc_nano.a(libc_a-memcmp.o)
                0x08013848                memcmp
 .text.memset   0x08013868       0x10 C:/ST/STM32CubeIDE_1.18.1/STM32CubeIDE/plugins/com.st.stm32cube.ide.mcu.externaltools.gnu-tools-for-stm32.14.3.rel1.win32_1.0.100.202602081740/tools/bin/../lib/gcc/arm-none-eabi/14.3.1/../../../../arm-none-eabi/lib/thumb/v7e-m+fp/hard\libc_nano.a(libc_a-memset.o)
                0x08013868                memset
 .text.strncmp  0x08013878       0x24 C:/ST/STM32CubeIDE_1.18.1/STM32CubeIDE/plugins/com.st.stm32cube.ide.mcu.externaltools.gnu-tools-for-stm32.14.3.rel1.win32_1.0.100.202602081740/tools/bin/../lib/gcc/arm-none-eabi/14.3.1/../../../../arm-none-eabi/lib/thumb/v7e-m+fp/hard\libc_nano.a(libc_a-strncmp.o)
                0x08013878                strncmp
 .text.strncpy  0x0801389c       0x26 C:/ST/STM32CubeIDE_1.18.1/STM32CubeIDE/plugins/com.st.stm32cube.ide.mcu.externaltools.gnu-tools-for-stm32.14.3.rel1.win32_1.0.100.202602081740/tools/bin/../lib/gcc/arm-none-eabi/14.3.1/../../../../arm-none-eabi/lib/thumb/v7e-m+fp/hard\libc_nano.a(libc_a-strncpy.o)
                0x0801389c                strncpy
 .text.strstr   0x080138c2       0x2c C:/ST/STM32CubeIDE_1.18.1/STM32CubeIDE/plugins/com.st.stm32cube.ide.mcu.externaltools.gnu-tools-for-stm32.14.3.rel1.win32_1.0.100.202602081740/tools/bin/../lib/gcc/arm-none-eabi/14.3.1/../../../../arm-none-eabi/lib/thumb/v7e-m+fp/hard\libc_nano.a(libc_a-strstr.o)
                0x080138c2                strstr
 *fill*         0x080138ee        0x2 
 .text.__errno  0x080138f0        0xc C:/ST/STM32CubeIDE_1.18.1/STM32CubeIDE/plugins/com.st.stm32cube.ide.mcu.externaltools.gnu-tools-for-stm32.14.3.rel1.win32_1.0.100.202602081740/tools/bin/../lib/gcc/arm-none-eabi/14.3.1/../../../../arm-none-eabi/lib/thumb/v7e-m+fp/hard\libc_nano.a(libc_a-errno.o)
                0x080138f0                __errno
 .text.__libc_init_array
                0x080138fc       0x48 C:/ST/STM32CubeIDE_1.18.1/STM32CubeIDE/plugins/com.st.stm32cube.ide.mcu.externaltools.gnu-tools-for-stm32.14.3.rel1.win32_1.0.100.202602081740/tools/bin/../lib/gcc/arm-none-eabi/14.3.1/../../../../arm-none-eabi/lib/thumb/v7e-m+fp/hard\libc_nano.a(libc_a-init.o)
                0x080138fc                __libc_init_array
 .text.__retarget_lock_acquire_recursive
                0x08013944        0x2 C:/ST/STM32CubeIDE_1.18.1/STM32CubeIDE/plugins/com.st.stm32cube.ide.mcu.externaltools.gnu-tools-for-stm32.14.3.rel1.win32_1.0.100.202602081740/tools/bin/../lib/gcc/arm-none-eabi/14.3.1/../../../../arm-none-eabi/lib/thumb/v7e-m+fp/hard\libc_nano.a(libc_a-lock.o)
                0x08013944                __retarget_lock_acquire_recursive
 .text.__retarget_lock_release_recursive
                0x08013946        0x2 C:/ST/STM32CubeIDE_1.18.1/STM32CubeIDE/plugins/com.st.stm32cube.ide.mcu.externaltools.gnu-tools-for-stm32.14.3.rel1.win32_1.0.100.202602081740/tools/bin/../lib/gcc/arm-none-eabi/14.3.1/../../../../arm-none-eabi/lib/thumb/v7e-m+fp/hard\libc_nano.a(libc_a-lock.o)
                0x08013946                __retarget_lock_release_recursive
 .text.strcpy   0x08013948       0x10 C:/ST/STM32CubeIDE_1.18.1/STM32CubeIDE/plugins/com.st.stm32cube.ide.mcu.externaltools.gnu-tools-for-stm32.14.3.rel1.win32_1.0.100.202602081740/tools/bin/../lib/gcc/arm-none-eabi/14.3.1/../../../../arm-none-eabi/lib/thumb/v7e-m+fp/hard\libc_nano.a(libc_a-strcpy.o)
                0x08013948                strcpy
 .text.memcpy   0x08013958       0x1c C:/ST/STM32CubeIDE_1.18.1/STM32CubeIDE/plugins/com.st.stm32cube.ide.mcu.externaltools.gnu-tools-for-stm32.14.3.rel1.win32_1.0.100.202602081740/tools/bin/../lib/gcc/arm-none-eabi/14.3.1/../../../../arm-none-eabi/lib/thumb/v7e-m+fp/hard\libc_nano.a(libc_a-memcpy-stub.o)
                0x08013958                memcpy
 .text._free_r  0x08013974       0x94 C:/ST/STM32CubeIDE_1.18.1/STM32CubeIDE/plugins/com.st.stm32cube.ide.mcu.externaltools.gnu-tools-for-stm32.14.3.rel1.win32_1.0.100.202602081740/tools/bin/../lib/gcc/arm-none-eabi/14.3.1/../../../../arm-none-eabi/lib/thumb/v7e-m+fp/hard\libc_nano.a(libc_a-freer.o)
                0x08013974                _free_r
 .text.sbrk_aligned
                0x08013a08       0x44 C:/ST/STM32CubeIDE_1.18.1/STM32CubeIDE/plugins/com.st.stm32cube.ide.mcu.externaltools.gnu-tools-for-stm32.14.3.rel1.win32_1.0.100.202602081740/tools/bin/../lib/gcc/arm-none-eabi/14.3.1/../../../../arm-none-eabi/lib/thumb/v7e-m+fp/hard\libc_nano.a(libc_a-mallocr.o)
 .text._malloc_r
                0x08013a4c      0x100 C:/ST/STM32CubeIDE_1.18.1/STM32CubeIDE/plugins/com.st.stm32cube.ide.mcu.externaltools.gnu-tools-for-stm32.14.3.rel1.win32_1.0.100.202602081740/tools/bin/../lib/gcc/arm-none-eabi/14.3.1/../../../../arm-none-eabi/lib/thumb/v7e-m+fp/hard\libc_nano.a(libc_a-mallocr.o)
                0x08013a4c                _malloc_r
 .text.__malloc_lock
                0x08013b4c        0xc C:/ST/STM32CubeIDE_1.18.1/STM32CubeIDE/plugins/com.st.stm32cube.ide.mcu.externaltools.gnu-tools-for-stm32.14.3.rel1.win32_1.0.100.202602081740/tools/bin/../lib/gcc/arm-none-eabi/14.3.1/../../../../arm-none-eabi/lib/thumb/v7e-m+fp/hard\libc_nano.a(libc_a-mlock.o)
                0x08013b4c                __malloc_lock
 .text.__malloc_unlock
                0x08013b58        0xc C:/ST/STM32CubeIDE_1.18.1/STM32CubeIDE/plugins/com.st.stm32cube.ide.mcu.externaltools.gnu-tools-for-stm32.14.3.rel1.win32_1.0.100.202602081740/tools/bin/../lib/gcc/arm-none-eabi/14.3.1/../../../../arm-none-eabi/lib/thumb/v7e-m+fp/hard\libc_nano.a(libc_a-mlock.o)
                0x08013b58                __malloc_unlock
 .text.__ssputs_r
                0x08013b64       0xc0 C:/ST/STM32CubeIDE_1.18.1/STM32CubeIDE/plugins/com.st.stm32cube.ide.mcu.externaltools.gnu-tools-for-stm32.14.3.rel1.win32_1.0.100.202602081740/tools/bin/../lib/gcc/arm-none-eabi/14.3.1/../../../../arm-none-eabi/lib/thumb/v7e-m+fp/hard\libc_nano.a(libc_a-nano-svfprintf.o)
                0x08013b64                __ssputs_r
 .text._svfprintf_r
                0x08013c24      0x1f0 C:/ST/STM32CubeIDE_1.18.1/STM32CubeIDE/plugins/com.st.stm32cube.ide.mcu.externaltools.gnu-tools-for-stm32.14.3.rel1.win32_1.0.100.202602081740/tools/bin/../lib/gcc/arm-none-eabi/14.3.1/../../../../arm-none-eabi/lib/thumb/v7e-m+fp/hard\libc_nano.a(libc_a-nano-svfprintf.o)
                0x08013c24                _svfiprintf_r
                0x08013c24                _svfprintf_r
 .text._sungetc_r
                0x08013e14       0x7a C:/ST/STM32CubeIDE_1.18.1/STM32CubeIDE/plugins/com.st.stm32cube.ide.mcu.externaltools.gnu-tools-for-stm32.14.3.rel1.win32_1.0.100.202602081740/tools/bin/../lib/gcc/arm-none-eabi/14.3.1/../../../../arm-none-eabi/lib/thumb/v7e-m+fp/hard\libc_nano.a(libc_a-nano-svfscanf.o)
                0x08013e14                _sungetc_r
 .text.__ssrefill_r
                0x08013e8e       0x3a C:/ST/STM32CubeIDE_1.18.1/STM32CubeIDE/plugins/com.st.stm32cube.ide.mcu.externaltools.gnu-tools-for-stm32.14.3.rel1.win32_1.0.100.202602081740/tools/bin/../lib/gcc/arm-none-eabi/14.3.1/../../../../arm-none-eabi/lib/thumb/v7e-m+fp/hard\libc_nano.a(libc_a-nano-svfscanf.o)
                0x08013e8e                __ssrefill_r
 .text.__ssvfscanf_r
                0x08013ec8      0x2fc C:/ST/STM32CubeIDE_1.18.1/STM32CubeIDE/plugins/com.st.stm32cube.ide.mcu.externaltools.gnu-tools-for-stm32.14.3.rel1.win32_1.0.100.202602081740/tools/bin/../lib/gcc/arm-none-eabi/14.3.1/../../../../arm-none-eabi/lib/thumb/v7e-m+fp/hard\libc_nano.a(libc_a-nano-svfscanf.o)
                0x08013ec8                __ssvfiscanf_r
                0x08013ec8                __ssvfscanf_r
 .text._printf_common
                0x080141c4       0xda C:/ST/STM32CubeIDE_1.18.1/STM32CubeIDE/plugins/com.st.stm32cube.ide.mcu.externaltools.gnu-tools-for-stm32.14.3.rel1.win32_1.0.100.202602081740/tools/bin/../lib/gcc/arm-none-eabi/14.3.1/../../../../arm-none-eabi/lib/thumb/v7e-m+fp/hard\libc_nano.a(libc_a-nano-vfprintf_i.o)
                0x080141c4                _printf_common
 *fill*         0x0801429e        0x2 
 .text._printf_i
                0x080142a0      0x24c C:/ST/STM32CubeIDE_1.18.1/STM32CubeIDE/plugins/com.st.stm32cube.ide.mcu.externaltools.gnu-tools-for-stm32.14.3.rel1.win32_1.0.100.202602081740/tools/bin/../lib/gcc/arm-none-eabi/14.3.1/../../../../arm-none-eabi/lib/thumb/v7e-m+fp/hard\libc_nano.a(libc_a-nano-vfprintf_i.o)
                0x080142a0                _printf_i
 .text._scanf_chars
                0x080144ec       0xb4 C:/ST/STM32CubeIDE_1.18.1/STM32CubeIDE/plugins/com.st.stm32cube.ide.mcu.externaltools.gnu-tools-for-stm32.14.3.rel1.win32_1.0.100.202602081740/tools/bin/../lib/gcc/arm-none-eabi/14.3.1/../../../../arm-none-eabi/lib/thumb/v7e-m+fp/hard\libc_nano.a(libc_a-nano-vfscanf_i.o)
                0x080144ec                _scanf_chars
 .text._scanf_i
                0x080145a0      0x1e4 C:/ST/STM32CubeIDE_1.18.1/STM32CubeIDE/plugins/com.st.stm32cube.ide.mcu.externaltools.gnu-tools-for-stm32.14.3.rel1.win32_1.0.100.202602081740/tools/bin/../lib/gcc/arm-none-eabi/14.3.1/../../../../arm-none-eabi/lib/thumb/v7e-m+fp/hard\libc_nano.a(libc_a-nano-vfscanf_i.o)
                0x080145a0                _scanf_i
 .text.__sccl   0x08014784       0x72 C:/ST/STM32CubeIDE_1.18.1/STM32CubeIDE/plugins/com.st.stm32cube.ide.mcu.externaltools.gnu-tools-for-stm32.14.3.rel1.win32_1.0.100.202602081740/tools/bin/../lib/gcc/arm-none-eabi/14.3.1/../../../../arm-none-eabi/lib/thumb/v7e-m+fp/hard\libc_nano.a(libc_a-sccl.o)
                0x08014784                __sccl
 .text.__submore
                0x080147f6       0x74 C:/ST/STM32CubeIDE_1.18.1/STM32CubeIDE/plugins/com.st.stm32cube.ide.mcu.externaltools.gnu-tools-for-stm32.14.3.rel1.win32_1.0.100.202602081740/tools/bin/../lib/gcc/arm-none-eabi/14.3.1/../../../../arm-none-eabi/lib/thumb/v7e-m+fp/hard\libc_nano.a(libc_a-ungetc.o)
                0x080147f6                __submore
 .text.memmove  0x0801486a       0x32 C:/ST/STM32CubeIDE_1.18.1/STM32CubeIDE/plugins/com.st.stm32cube.ide.mcu.externaltools.gnu-tools-for-stm32.14.3.rel1.win32_1.0.100.202602081740/tools/bin/../lib/gcc/arm-none-eabi/14.3.1/../../../../arm-none-eabi/lib/thumb/v7e-m+fp/hard\libc_nano.a(libc_a-memmove.o)
                0x0801486a                memmove
 .text._sbrk_r  0x0801489c       0x20 C:/ST/STM32CubeIDE_1.18.1/STM32CubeIDE/plugins/com.st.stm32cube.ide.mcu.externaltools.gnu-tools-for-stm32.14.3.rel1.win32_1.0.100.202602081740/tools/bin/../lib/gcc/arm-none-eabi/14.3.1/../../../../arm-none-eabi/lib/thumb/v7e-m+fp/hard\libc_nano.a(libc_a-sbrkr.o)
                0x0801489c                _sbrk_r
 .text._realloc_r
                0x080148bc       0x5c C:/ST/STM32CubeIDE_1.18.1/STM32CubeIDE/plugins/com.st.stm32cube.ide.mcu.externaltools.gnu-tools-for-stm32.14.3.rel1.win32_1.0.100.202602081740/tools/bin/../lib/gcc/arm-none-eabi/14.3.1/../../../../arm-none-eabi/lib/thumb/v7e-m+fp/hard\libc_nano.a(libc_a-reallocr.o)
                0x080148bc                _realloc_r
 .text._strtol_l.isra.0
                0x08014918       0xf4 C:/ST/STM32CubeIDE_1.18.1/STM32CubeIDE/plugins/com.st.stm32cube.ide.mcu.externaltools.gnu-tools-for-stm32.14.3.rel1.win32_1.0.100.202602081740/tools/bin/../lib/gcc/arm-none-eabi/14.3.1/../../../../arm-none-eabi/lib/thumb/v7e-m+fp/hard\libc_nano.a(libc_a-strtol.o)
 .text._strtol_r
                0x08014a0c        0x4 C:/ST/STM32CubeIDE_1.18.1/STM32CubeIDE/plugins/com.st.stm32cube.ide.mcu.externaltools.gnu-tools-for-stm32.14.3.rel1.win32_1.0.100.202602081740/tools/bin/../lib/gcc/arm-none-eabi/14.3.1/../../../../arm-none-eabi/lib/thumb/v7e-m+fp/hard\libc_nano.a(libc_a-strtol.o)
                0x08014a0c                _strtol_r
 .text._strtoul_l.isra.0
                0x08014a10       0xdc C:/ST/STM32CubeIDE_1.18.1/STM32CubeIDE/plugins/com.st.stm32cube.ide.mcu.externaltools.gnu-tools-for-stm32.14.3.rel1.win32_1.0.100.202602081740/tools/bin/../lib/gcc/arm-none-eabi/14.3.1/../../../../arm-none-eabi/lib/thumb/v7e-m+fp/hard\libc_nano.a(libc_a-strtoul.o)
 .text._strtoul_r
                0x08014aec        0x4 C:/ST/STM32CubeIDE_1.18.1/STM32CubeIDE/plugins/com.st.stm32cube.ide.mcu.externaltools.gnu-tools-for-stm32.14.3.rel1.win32_1.0.100.202602081740/tools/bin/../lib/gcc/arm-none-eabi/14.3.1/../../../../arm-none-eabi/lib/thumb/v7e-m+fp/hard\libc_nano.a(libc_a-strtoul.o)
                0x08014aec                _strtoul_r
 .text._malloc_usable_size_r
                0x08014af0       0x10 C:/ST/STM32CubeIDE_1.18.1/STM32CubeIDE/plugins/com.st.stm32cube.ide.mcu.externaltools.gnu-tools-for-stm32.14.3.rel1.win32_1.0.100.202602081740/tools/bin/../lib/gcc/arm-none-eabi/14.3.1/../../../../arm-none-eabi/lib/thumb/v7e-m+fp/hard\libc_nano.a(libc_a-msizer.o)
                0x08014af0                _malloc_usable_size_r
 *(.glue_7)
 .glue_7        0x08014b00        0x0 linker stubs
 *(.glue_7t)
 .glue_7t       0x08014b00        0x0 linker stubs
 *(.eh_frame)
 .eh_frame      0x08014b00        0x0 C:/ST/STM32CubeIDE_1.18.1/STM32CubeIDE/plugins/com.st.stm32cube.ide.mcu.externaltools.gnu-tools-for-stm32.14.3.rel1.win32_1.0.100.202602081740/tools/bin/../lib/gcc/arm-none-eabi/14.3.1/thumb/v7e-m+fp/hard/crtbegin.o
 *(.init)
 .init          0x08014b00        0x4 C:/ST/STM32CubeIDE_1.18.1/STM32CubeIDE/plugins/com.st.stm32cube.ide.mcu.externaltools.gnu-tools-for-stm32.14.3.rel1.win32_1.0.100.202602081740/tools/bin/../lib/gcc/arm-none-eabi/14.3.1/thumb/v7e-m+fp/hard/crti.o
                0x08014b00                _init
 .init          0x08014b04        0x8 C:/ST/STM32CubeIDE_1.18.1/STM32CubeIDE/plugins/com.st.stm32cube.ide.mcu.externaltools.gnu-tools-for-stm32.14.3.rel1.win32_1.0.100.202602081740/tools/bin/../lib/gcc/arm-none-eabi/14.3.1/thumb/v7e-m+fp/hard/crtn.o
 *(.fini)
 .fini          0x08014b0c        0x4 C:/ST/STM32CubeIDE_1.18.1/STM32CubeIDE/plugins/com.st.stm32cube.ide.mcu.externaltools.gnu-tools-for-stm32.14.3.rel1.win32_1.0.100.202602081740/tools/bin/../lib/gcc/arm-none-eabi/14.3.1/thumb/v7e-m+fp/hard/crti.o
                0x08014b0c                _fini
 .fini          0x08014b10        0x8 C:/ST/STM32CubeIDE_1.18.1/STM32CubeIDE/plugins/com.st.stm32cube.ide.mcu.externaltools.gnu-tools-for-stm32.14.3.rel1.win32_1.0.100.202602081740/tools/bin/../lib/gcc/arm-none-eabi/14.3.1/thumb/v7e-m+fp/hard/crtn.o
                0x08014b18                        . = ALIGN (0x4)
                0x08014b18                        _etext = .
 FILL mask 0xff

.vfp11_veneer   0x08014b18        0x0
 .vfp11_veneer  0x08014b18        0x0 linker stubs

.v4_bx          0x08014b18        0x0
 .v4_bx         0x08014b18        0x0 linker stubs

.iplt           0x08014b18        0x0
 .iplt          0x08014b18        0x0 C:/ST/STM32CubeIDE_1.18.1/STM32CubeIDE/plugins/com.st.stm32cube.ide.mcu.externaltools.gnu-tools-for-stm32.14.3.rel1.win32_1.0.100.202602081740/tools/bin/../lib/gcc/arm-none-eabi/14.3.1/thumb/v7e-m+fp/hard/crtbegin.o

.rodata         0x08014b18      0x96c
                0x08014b18                        . = ALIGN (0x4)
 *(.rodata)
 .rodata        0x08014b18        0xc C:/ST/STM32CubeIDE_1.18.1/STM32CubeIDE/plugins/com.st.stm32cube.ide.mcu.externaltools.gnu-tools-for-stm32.14.3.rel1.win32_1.0.100.202602081740/tools/bin/../lib/gcc/arm-none-eabi/14.3.1/../../../../arm-none-eabi/lib/thumb/v7e-m+fp/hard\libc_nano.a(libc_a-nano-vfscanf_i.o)
 *(.rodata*)
 .rodata.AT_SendCommand.str1.1
                0x08014b24      0x6b1 ./Core/Src/at_command.o
                                 0x1b (size before relaxing)
 .rodata.__FUNCTION__.1
                0x080151d5        0xf ./Core/Src/at_command.o
 .rodata.dying_gasp.str1.1
                0x080151e4       0x20 ./Core/Src/bootloader_download.o
 .rodata.send_line.str1.1
                0x080151e4        0x3 ./Core/Src/bootloader_download.o
 .rodata.flush_flash_chunk.str1.1
                0x080151e4       0x32 ./Core/Src/bootloader_download.o
 .rodata.handle_bl_response.constprop.0.str1.1
                0x080151e4       0x64 ./Core/Src/bootloader_download.o
 .rodata.handle_app_response.constprop.0.str1.1
                0x080151e4       0x48 ./Core/Src/bootloader_download.o
 .rodata.Bootloader_ConnectToServer.str1.1
                0x080151e4      0x2a4 ./Core/Src/bootloader_download.o
 .rodata.Bootloader_Download_Process.str1.1
                0x080151e4      0x11a ./Core/Src/bootloader_download.o
 .rodata.MAGIC.0
                0x080151e4        0x8 ./Core/Src/bootloader_download.o
 .rodata.__FUNCTION__.1
                0x080151ec       0x1c ./Core/Src/bootloader_download.o
 .rodata.__FUNCTION__.2
                0x08015208        0xb ./Core/Src/bootloader_download.o
 .rodata.__FUNCTION__.3
                0x08015213        0xf ./Core/Src/bootloader_download.o
 .rodata.__FUNCTION__.4
                0x08015222       0x1b ./Core/Src/bootloader_download.o
 .rodata.INVALIDATION
                0x0801523d        0x8 ./Core/Src/bootloader_logic.o
 .rodata.VALIDATION_READY
                0x08015245        0x8 ./Core/Src/bootloader_logic.o
 .rodata.VALIDATION_DOWNLOAD
                0x0801524d        0x8 ./Core/Src/bootloader_logic.o
 .rodata.INV_MAGIC
                0x08015255        0x8 ./Core/Src/bootloader_logic.o
 .rodata.MAGIC  0x0801525d        0x8 ./Core/Src/bootloader_logic.o
 .rodata.main.str1.1
                0x08015265       0x3f ./Core/Src/main.o
 *fill*         0x08015265        0x3 
 .rodata.k      0x08015268      0x100 ./Core/Src/sha256.o
 .rodata.APBPrescTable
                0x08015368        0x8 ./Core/Src/system_stm32f4xx.o
                0x08015368                APBPrescTable
 .rodata.AHBPrescTable
                0x08015370       0x10 ./Core/Src/system_stm32f4xx.o
                0x08015370                AHBPrescTable
 .rodata.HAL_NVIC_SetPriorityGrouping.str1.1
                0x08015380       0x3b ./Drivers/STM32F4xx_HAL_Driver/Src/stm32f4xx_hal_cortex.o
 .rodata.FLASH_Program_Byte.str1.1
                0x08015380       0x3a ./Drivers/STM32F4xx_HAL_Driver/Src/stm32f4xx_hal_flash.o
 .rodata.FLASH_MassErase.str1.1
                0x08015380       0x3d ./Drivers/STM32F4xx_HAL_Driver/Src/stm32f4xx_hal_flash_ex.o
 .rodata.HAL_GPIO_Init.str1.1
                0x08015380       0x39 ./Drivers/STM32F4xx_HAL_Driver/Src/stm32f4xx_hal_gpio.o
 .rodata.HAL_RCC_OscConfig.str1.1
                0x08015380       0x38 ./Drivers/STM32F4xx_HAL_Driver/Src/stm32f4xx_hal_rcc.o
 .rodata.UART_SetConfig.str1.1
                0x08015380       0x39 ./Drivers/STM32F4xx_HAL_Driver/Src/stm32f4xx_hal_uart.o
 .rodata._svfprintf_r.str1.1
                0x08015380       0x11 C:/ST/STM32CubeIDE_1.18.1/STM32CubeIDE/plugins/com.st.stm32cube.ide.mcu.externaltools.gnu-tools-for-stm32.14.3.rel1.win32_1.0.100.202602081740/tools/bin/../lib/gcc/arm-none-eabi/14.3.1/../../../../arm-none-eabi/lib/thumb/v7e-m+fp/hard\libc_nano.a(libc_a-nano-svfprintf.o)
 .rodata.__ssvfscanf_r.str1.1
                0x08015380        0x4 C:/ST/STM32CubeIDE_1.18.1/STM32CubeIDE/plugins/com.st.stm32cube.ide.mcu.externaltools.gnu-tools-for-stm32.14.3.rel1.win32_1.0.100.202602081740/tools/bin/../lib/gcc/arm-none-eabi/14.3.1/../../../../arm-none-eabi/lib/thumb/v7e-m+fp/hard\libc_nano.a(libc_a-nano-svfscanf.o)
 .rodata._printf_i.str1.1
                0x08015380       0x22 C:/ST/STM32CubeIDE_1.18.1/STM32CubeIDE/plugins/com.st.stm32cube.ide.mcu.externaltools.gnu-tools-for-stm32.14.3.rel1.win32_1.0.100.202602081740/tools/bin/../lib/gcc/arm-none-eabi/14.3.1/../../../../arm-none-eabi/lib/thumb/v7e-m+fp/hard\libc_nano.a(libc_a-nano-vfprintf_i.o)
 .rodata._scanf_i.str1.1
                0x08015380       0x12 C:/ST/STM32CubeIDE_1.18.1/STM32CubeIDE/plugins/com.st.stm32cube.ide.mcu.externaltools.gnu-tools-for-stm32.14.3.rel1.win32_1.0.100.202602081740/tools/bin/../lib/gcc/arm-none-eabi/14.3.1/../../../../arm-none-eabi/lib/thumb/v7e-m+fp/hard\libc_nano.a(libc_a-nano-vfscanf_i.o)
 .rodata.str1.1
                0x08015380        0x9 C:/ST/STM32CubeIDE_1.18.1/STM32CubeIDE/plugins/com.st.stm32cube.ide.mcu.externaltools.gnu-tools-for-stm32.14.3.rel1.win32_1.0.100.202602081740/tools/bin/../lib/gcc/arm-none-eabi/14.3.1/../../../../arm-none-eabi/lib/thumb/v7e-m+fp/hard\libc_nano.a(libc_a-nano-vfscanf_i.o)
 .rodata._ctype_
                0x08015380      0x101 C:/ST/STM32CubeIDE_1.18.1/STM32CubeIDE/plugins/com.st.stm32cube.ide.mcu.externaltools.gnu-tools-for-stm32.14.3.rel1.win32_1.0.100.202602081740/tools/bin/../lib/gcc/arm-none-eabi/14.3.1/../../../../arm-none-eabi/lib/thumb/v7e-m+fp/hard\libc_nano.a(libc_a-ctype_.o)
                0x08015380                _ctype_
                0x08015484                        . = ALIGN (0x4)
 *fill*         0x08015481        0x3 
 FILL mask 0xff

.ARM.extab      0x08015484        0x0
                0x08015484                        . = ALIGN (0x4)
 *(.ARM.extab* .gnu.linkonce.armextab.*)
                0x08015484                        . = ALIGN (0x4)

.ARM            0x08015484        0x8
                0x08015484                        . = ALIGN (0x4)
                0x08015484                        __exidx_start = .
 *(.ARM.exidx*)
 .ARM.exidx     0x08015484        0x8 C:/ST/STM32CubeIDE_1.18.1/STM32CubeIDE/plugins/com.st.stm32cube.ide.mcu.externaltools.gnu-tools-for-stm32.14.3.rel1.win32_1.0.100.202602081740/tools/bin/../lib/gcc/arm-none-eabi/14.3.1/../../../../arm-none-eabi/lib/thumb/v7e-m+fp/hard\libc_nano.a(libc_a-strcmp.o)
 .ARM.exidx     0x0801548c        0x0 C:/ST/STM32CubeIDE_1.18.1/STM32CubeIDE/plugins/com.st.stm32cube.ide.mcu.externaltools.gnu-tools-for-stm32.14.3.rel1.win32_1.0.100.202602081740/tools/bin/../lib/gcc/arm-none-eabi/14.3.1/../../../../arm-none-eabi/lib/thumb/v7e-m+fp/hard\libc_nano.a(libc_a-strlen.o)
                                  0x8 (size before relaxing)
 .ARM.exidx     0x0801548c        0x0 C:/ST/STM32CubeIDE_1.18.1/STM32CubeIDE/plugins/com.st.stm32cube.ide.mcu.externaltools.gnu-tools-for-stm32.14.3.rel1.win32_1.0.100.202602081740/tools/bin/../lib/gcc/arm-none-eabi/14.3.1/../../../../arm-none-eabi/lib/thumb/v7e-m+fp/hard\libc_nano.a(libc_a-memchr.o)
                                  0x8 (size before relaxing)
 .ARM.exidx     0x0801548c        0x0 C:/ST/STM32CubeIDE_1.18.1/STM32CubeIDE/plugins/com.st.stm32cube.ide.mcu.externaltools.gnu-tools-for-stm32.14.3.rel1.win32_1.0.100.202602081740/tools/bin/../lib/gcc/arm-none-eabi/14.3.1/thumb/v7e-m+fp/hard\libgcc.a(_udivmoddi4.o)
                                  0x8 (size before relaxing)
                0x0801548c                        __exidx_end = .
                0x0801548c                        . = ALIGN (0x4)

.preinit_array  0x0801548c        0x0
                0x0801548c                        . = ALIGN (0x4)
                0x0801548c                        PROVIDE (__preinit_array_start = .)
 *(.preinit_array*)
                0x0801548c                        PROVIDE (__preinit_array_end = .)
                0x0801548c                        . = ALIGN (0x4)

.init_array     0x0801548c        0x4
                0x0801548c                        . = ALIGN (0x4)
                0x0801548c                        PROVIDE (__init_array_start = .)
 *(SORT_BY_NAME(.init_array.*))
 *(.init_array*)
 .init_array    0x0801548c        0x4 C:/ST/STM32CubeIDE_1.18.1/STM32CubeIDE/plugins/com.st.stm32cube.ide.mcu.externaltools.gnu-tools-for-stm32.14.3.rel1.win32_1.0.100.202602081740/tools/bin/../lib/gcc/arm-none-eabi/14.3.1/thumb/v7e-m+fp/hard/crtbegin.o
                0x08015490                        PROVIDE (__init_array_end = .)
                0x08015490                        . = ALIGN (0x4)

.fini_array     0x08015490        0x4
                0x08015490                        . = ALIGN (0x4)
                [!provide]                        PROVIDE (__fini_array_start = .)
 *(SORT_BY_NAME(.fini_array.*))
 *(.fini_array*)
 .fini_array    0x08015490        0x4 C:/ST/STM32CubeIDE_1.18.1/STM32CubeIDE/plugins/com.st.stm32cube.ide.mcu.externaltools.gnu-tools-for-stm32.14.3.rel1.win32_1.0.100.202602081740/tools/bin/../lib/gcc/arm-none-eabi/14.3.1/thumb/v7e-m+fp/hard/crtbegin.o
                [!provide]                        PROVIDE (__fini_array_end = .)
                0x08015494                        . = ALIGN (0x4)
                0x08015494                        _sidata = LOADADDR (.data)

.data           0x20000000       0x90 load address 0x08015494
                0x20000000                        . = ALIGN (0x4)
                0x20000000                        _sdata = .
 *(.data)
 *(.data*)
 .data.mac_buf  0x20000000       0x14 ./Core/Src/bootloader_download.o
 .data.SystemCoreClock
                0x20000014        0x4 ./Core/Src/system_stm32f4xx.o
                0x20000014                SystemCoreClock
 .data.uwTickFreq
                0x20000018        0x1 ./Drivers/STM32F4xx_HAL_Driver/Src/stm32f4xx_hal.o
                0x20000018                uwTickFreq
 *fill*         0x20000019        0x3 
 .data.uwTickPrio
                0x2000001c        0x4 ./Drivers/STM32F4xx_HAL_Driver/Src/stm32f4xx_hal.o
                0x2000001c                uwTickPrio
 .data.pFlash   0x20000020       0x20 ./Drivers/STM32F4xx_HAL_Driver/Src/stm32f4xx_hal_flash.o
                0x20000020                pFlash
 .data._impure_ptr
                0x20000040        0x4 C:/ST/STM32CubeIDE_1.18.1/STM32CubeIDE/plugins/com.st.stm32cube.ide.mcu.externaltools.gnu-tools-for-stm32.14.3.rel1.win32_1.0.100.202602081740/tools/bin/../lib/gcc/arm-none-eabi/14.3.1/../../../../arm-none-eabi/lib/thumb/v7e-m+fp/hard\libc_nano.a(libc_a-impure.o)
                0x20000040                _impure_ptr
 .data._impure_data
                0x20000044       0x4c C:/ST/STM32CubeIDE_1.18.1/STM32CubeIDE/plugins/com.st.stm32cube.ide.mcu.externaltools.gnu-tools-for-stm32.14.3.rel1.win32_1.0.100.202602081740/tools/bin/../lib/gcc/arm-none-eabi/14.3.1/../../../../arm-none-eabi/lib/thumb/v7e-m+fp/hard\libc_nano.a(libc_a-impure.o)
                0x20000044                _impure_data
 *(.RamFunc)
 *(.RamFunc*)
                0x20000090                        . = ALIGN (0x4)
                0x20000090                        _edata = .

.igot.plt       0x20000090        0x0 load address 0x08015524
 .igot.plt      0x20000090        0x0 C:/ST/STM32CubeIDE_1.18.1/STM32CubeIDE/plugins/com.st.stm32cube.ide.mcu.externaltools.gnu-tools-for-stm32.14.3.rel1.win32_1.0.100.202602081740/tools/bin/../lib/gcc/arm-none-eabi/14.3.1/thumb/v7e-m+fp/hard/crtbegin.o

.app_metadata   0x08015528       0x58
                0x08015528                        . = ALIGN (0x8)
                0x08015528                        _app_metadata_start = .
 *(.app_metadata)
 .app_metadata  0x08015528       0x58 ./Core/Src/app_metadata.o
                0x08015528                app_metadata
                0x08015580                        _app_metadata_end = .
                0x08015580                        _flash_image_end = .
 FILL mask 0xff

.rel.dyn        0x08015580        0x0
 .rel.iplt      0x08015580        0x0 C:/ST/STM32CubeIDE_1.18.1/STM32CubeIDE/plugins/com.st.stm32cube.ide.mcu.externaltools.gnu-tools-for-stm32.14.3.rel1.win32_1.0.100.202602081740/tools/bin/../lib/gcc/arm-none-eabi/14.3.1/thumb/v7e-m+fp/hard/crtbegin.o
                0x08015580                        . = ALIGN (0x4)

.bss            0x20000090     0x1500
                0x20000090                        _sbss = .
                0x20000090                        __bss_start__ = _sbss
 *(.bss)
 .bss           0x20000090       0x1c C:/ST/STM32CubeIDE_1.18.1/STM32CubeIDE/plugins/com.st.stm32cube.ide.mcu.externaltools.gnu-tools-for-stm32.14.3.rel1.win32_1.0.100.202602081740/tools/bin/../lib/gcc/arm-none-eabi/14.3.1/thumb/v7e-m+fp/hard/crtbegin.o
 *(.bss*)
 .bss.at_response_len
                0x200000ac        0x2 ./Core/Src/at_command.o
 .bss.at_response_buffer
                0x200000ae      0x100 ./Core/Src/at_command.o
 .bss.flash_chunk_len
                0x200001ae        0x2 ./Core/Src/bootloader_download.o
 .bss.flash_chunk_buf
                0x200001b0      0x100 ./Core/Src/bootloader_download.o
 .bss.pending_payload_received
                0x200002b0        0x4 ./Core/Src/bootloader_download.o
 .bss.pending_payload_size
                0x200002b4        0x4 ./Core/Src/bootloader_download.o
 .bss.have_stored_well_id
                0x200002b8        0x1 ./Core/Src/bootloader_download.o
 *fill*         0x200002b9        0x1 
 .bss.well_id   0x200002ba        0x2 ./Core/Src/bootloader_download.o
 .bss.uart_rx_byte
                0x200002bc        0x1 ./Core/Src/bootloader_download.o
 .bss.downloading_bootloader
                0x200002bd        0x1 ./Core/Src/bootloader_download.o
 .bss.expected_packet
                0x200002be        0x2 ./Core/Src/bootloader_download.o
 .bss.download_received
                0x200002c0        0x4 ./Core/Src/bootloader_download.o
 .bss.download_size
                0x200002c4        0x4 ./Core/Src/bootloader_download.o
 .bss.line_len  0x200002c8        0x2 ./Core/Src/bootloader_download.o
 .bss.line_buffer
                0x200002ca       0x80 ./Core/Src/bootloader_download.o
 .bss.rx_count  0x2000034a        0x2 ./Core/Src/bootloader_download.o
 .bss.rx_head   0x2000034c        0x2 ./Core/Src/bootloader_download.o
 .bss.rx_buffer
                0x2000034e     0x1000 ./Core/Src/bootloader_download.o
 .bss.dl_state  0x2000134e        0x1 ./Core/Src/bootloader_download.o
 *fill*         0x2000134f        0x1 
 .bss.huart2    0x20001350       0x78 ./Core/Src/main.o
                0x20001350                huart2
 .bss.huart1    0x200013c8       0x78 ./Core/Src/main.o
                0x200013c8                huart1
 .bss.__sbrk_heap_end
                0x20001440        0x4 ./Core/Src/sysmem.o
 .bss.uwTick    0x20001444        0x4 ./Drivers/STM32F4xx_HAL_Driver/Src/stm32f4xx_hal.o
                0x20001444                uwTick
 .bss.__sf      0x20001448      0x138 C:/ST/STM32CubeIDE_1.18.1/STM32CubeIDE/plugins/com.st.stm32cube.ide.mcu.externaltools.gnu-tools-for-stm32.14.3.rel1.win32_1.0.100.202602081740/tools/bin/../lib/gcc/arm-none-eabi/14.3.1/../../../../arm-none-eabi/lib/thumb/v7e-m+fp/hard\libc_nano.a(libc_a-findfp.o)
                0x20001448                __sf
 .bss.errno     0x20001580        0x4 C:/ST/STM32CubeIDE_1.18.1/STM32CubeIDE/plugins/com.st.stm32cube.ide.mcu.externaltools.gnu-tools-for-stm32.14.3.rel1.win32_1.0.100.202602081740/tools/bin/../lib/gcc/arm-none-eabi/14.3.1/../../../../arm-none-eabi/lib/thumb/v7e-m+fp/hard\libc_nano.a(libc_a-reent.o)
                0x20001580                errno
 .bss.__lock___malloc_recursive_mutex
                0x20001584        0x1 C:/ST/STM32CubeIDE_1.18.1/STM32CubeIDE/plugins/com.st.stm32cube.ide.mcu.externaltools.gnu-tools-for-stm32.14.3.rel1.win32_1.0.100.202602081740/tools/bin/../lib/gcc/arm-none-eabi/14.3.1/../../../../arm-none-eabi/lib/thumb/v7e-m+fp/hard\libc_nano.a(libc_a-lock.o)
                0x20001584                __lock___malloc_recursive_mutex
 *fill*         0x20001585        0x3 
 .bss.__malloc_sbrk_start
                0x20001588        0x4 C:/ST/STM32CubeIDE_1.18.1/STM32CubeIDE/plugins/com.st.stm32cube.ide.mcu.externaltools.gnu-tools-for-stm32.14.3.rel1.win32_1.0.100.202602081740/tools/bin/../lib/gcc/arm-none-eabi/14.3.1/../../../../arm-none-eabi/lib/thumb/v7e-m+fp/hard\libc_nano.a(libc_a-mallocr.o)
                0x20001588                __malloc_sbrk_start
 .bss.__malloc_free_list
                0x2000158c        0x4 C:/ST/STM32CubeIDE_1.18.1/STM32CubeIDE/plugins/com.st.stm32cube.ide.mcu.externaltools.gnu-tools-for-stm32.14.3.rel1.win32_1.0.100.202602081740/tools/bin/../lib/gcc/arm-none-eabi/14.3.1/../../../../arm-none-eabi/lib/thumb/v7e-m+fp/hard\libc_nano.a(libc_a-mallocr.o)
                0x2000158c                __malloc_free_list
 *(COMMON)
                0x20001590                        . = ALIGN (0x4)
                0x20001590                        _ebss = .
                0x20001590                        __bss_end__ = _ebss

._user_heap_stack
                0x20001590      0xa00
                0x20001590                        . = ALIGN (0x8)
                [!provide]                        PROVIDE (end = .)
                0x20001590                        PROVIDE (_end = .)
                0x20001b90                        . = (. + _Min_Heap_Size)
 *fill*         0x20001590      0x600 
                0x20001f90                        . = (. + _Min_Stack_Size)
 *fill*         0x20001b90      0x400 
                0x20001f90                        . = ALIGN (0x8)

/DISCARD/
 libc.a(*)
 libm.a(*)
 libgcc.a(*)

.ARM.attributes
                0x00000000       0x30
 *(.ARM.attributes)
 .ARM.attributes
                0x00000000       0x22 C:/ST/STM32CubeIDE_1.18.1/STM32CubeIDE/plugins/com.st.stm32cube.ide.mcu.externaltools.gnu-tools-for-stm32.14.3.rel1.win32_1.0.100.202602081740/tools/bin/../lib/gcc/arm-none-eabi/14.3.1/thumb/v7e-m+fp/hard/crti.o
 .ARM.attributes
                0x00000022       0x34 C:/ST/STM32CubeIDE_1.18.1/STM32CubeIDE/plugins/com.st.stm32cube.ide.mcu.externaltools.gnu-tools-for-stm32.14.3.rel1.win32_1.0.100.202602081740/tools/bin/../lib/gcc/arm-none-eabi/14.3.1/thumb/v7e-m+fp/hard/crtbegin.o
 .ARM.attributes
                0x00000056       0x34 ./Core/Src/app_metadata.o
 .ARM.attributes
                0x0000008a       0x34 ./Core/Src/at_command.o
 .ARM.attributes
                0x000000be       0x34 ./Core/Src/bootloader_download.o
 .ARM.attributes
                0x000000f2       0x34 ./Core/Src/bootloader_logic.o
 .ARM.attributes
                0x00000126       0x34 ./Core/Src/flash_ops.o
 .ARM.attributes
                0x0000015a       0x34 ./Core/Src/main.o
 .ARM.attributes
                0x0000018e       0x34 ./Core/Src/sha256.o
 .ARM.attributes
                0x000001c2       0x34 ./Core/Src/stm32f4xx_hal_msp.o
 .ARM.attributes
                0x000001f6       0x34 ./Core/Src/stm32f4xx_it.o
 .ARM.attributes
                0x0000022a       0x34 ./Core/Src/sysmem.o
 .ARM.attributes
                0x0000025e       0x34 ./Core/Src/system_stm32f4xx.o
 .ARM.attributes
                0x00000292       0x21 ./Core/Startup/startup_stm32f401retx.o
 .ARM.attributes
                0x000002b3       0x34 ./Drivers/STM32F4xx_HAL_Driver/Src/stm32f4xx_hal.o
 .ARM.attributes
                0x000002e7       0x34 ./Drivers/STM32F4xx_HAL_Driver/Src/stm32f4xx_hal_cortex.o
 .ARM.attributes
                0x0000031b       0x34 ./Drivers/STM32F4xx_HAL_Driver/Src/stm32f4xx_hal_dma.o
 .ARM.attributes
                0x0000034f       0x34 ./Drivers/STM32F4xx_HAL_Driver/Src/stm32f4xx_hal_flash.o
 .ARM.attributes
                0x00000383       0x34 ./Drivers/STM32F4xx_HAL_Driver/Src/stm32f4xx_hal_flash_ex.o
 .ARM.attributes
                0x000003b7       0x34 ./Drivers/STM32F4xx_HAL_Driver/Src/stm32f4xx_hal_gpio.o
 .ARM.attributes
                0x000003eb       0x34 ./Drivers/STM32F4xx_HAL_Driver/Src/stm32f4xx_hal_rcc.o
 .ARM.attributes
                0x0000041f       0x34 ./Drivers/STM32F4xx_HAL_Driver/Src/stm32f4xx_hal_uart.o
 .ARM.attributes
                0x00000453       0x34 C:/ST/STM32CubeIDE_1.18.1/STM32CubeIDE/plugins/com.st.stm32cube.ide.mcu.externaltools.gnu-tools-for-stm32.14.3.rel1.win32_1.0.100.202602081740/tools/bin/../lib/gcc/arm-none-eabi/14.3.1/../../../../arm-none-eabi/lib/thumb/v7e-m+fp/hard\libc_nano.a(libc_a-findfp.o)
 .ARM.attributes
                0x00000487       0x34 C:/ST/STM32CubeIDE_1.18.1/STM32CubeIDE/plugins/com.st.stm32cube.ide.mcu.externaltools.gnu-tools-for-stm32.14.3.rel1.win32_1.0.100.202602081740/tools/bin/../lib/gcc/arm-none-eabi/14.3.1/../../../../arm-none-eabi/lib/thumb/v7e-m+fp/hard\libc_nano.a(libc_a-snprintf.o)
 .ARM.attributes
                0x000004bb       0x34 C:/ST/STM32CubeIDE_1.18.1/STM32CubeIDE/plugins/com.st.stm32cube.ide.mcu.externaltools.gnu-tools-for-stm32.14.3.rel1.win32_1.0.100.202602081740/tools/bin/../lib/gcc/arm-none-eabi/14.3.1/../../../../arm-none-eabi/lib/thumb/v7e-m+fp/hard\libc_nano.a(libc_a-sprintf.o)
 .ARM.attributes
                0x000004ef       0x34 C:/ST/STM32CubeIDE_1.18.1/STM32CubeIDE/plugins/com.st.stm32cube.ide.mcu.externaltools.gnu-tools-for-stm32.14.3.rel1.win32_1.0.100.202602081740/tools/bin/../lib/gcc/arm-none-eabi/14.3.1/../../../../arm-none-eabi/lib/thumb/v7e-m+fp/hard\libc_nano.a(libc_a-sscanf.o)
 .ARM.attributes
                0x00000523       0x34 C:/ST/STM32CubeIDE_1.18.1/STM32CubeIDE/plugins/com.st.stm32cube.ide.mcu.externaltools.gnu-tools-for-stm32.14.3.rel1.win32_1.0.100.202602081740/tools/bin/../lib/gcc/arm-none-eabi/14.3.1/../../../../arm-none-eabi/lib/thumb/v7e-m+fp/hard\libc_nano.a(libc_a-stdio.o)
 .ARM.attributes
                0x00000557       0x34 C:/ST/STM32CubeIDE_1.18.1/STM32CubeIDE/plugins/com.st.stm32cube.ide.mcu.externaltools.gnu-tools-for-stm32.14.3.rel1.win32_1.0.100.202602081740/tools/bin/../lib/gcc/arm-none-eabi/14.3.1/../../../../arm-none-eabi/lib/thumb/v7e-m+fp/hard\libc_nano.a(libc_a-memcmp.o)
 .ARM.attributes
                0x0000058b       0x34 C:/ST/STM32CubeIDE_1.18.1/STM32CubeIDE/plugins/com.st.stm32cube.ide.mcu.externaltools.gnu-tools-for-stm32.14.3.rel1.win32_1.0.100.202602081740/tools/bin/../lib/gcc/arm-none-eabi/14.3.1/../../../../arm-none-eabi/lib/thumb/v7e-m+fp/hard\libc_nano.a(libc_a-memset.o)
 .ARM.attributes
                0x000005bf       0x34 C:/ST/STM32CubeIDE_1.18.1/STM32CubeIDE/plugins/com.st.stm32cube.ide.mcu.externaltools.gnu-tools-for-stm32.14.3.rel1.win32_1.0.100.202602081740/tools/bin/../lib/gcc/arm-none-eabi/14.3.1/../../../../arm-none-eabi/lib/thumb/v7e-m+fp/hard\libc_nano.a(libc_a-strncmp.o)
 .ARM.attributes
                0x000005f3       0x34 C:/ST/STM32CubeIDE_1.18.1/STM32CubeIDE/plugins/com.st.stm32cube.ide.mcu.externaltools.gnu-tools-for-stm32.14.3.rel1.win32_1.0.100.202602081740/tools/bin/../lib/gcc/arm-none-eabi/14.3.1/../../../../arm-none-eabi/lib/thumb/v7e-m+fp/hard\libc_nano.a(libc_a-strncpy.o)
 .ARM.attributes
                0x00000627       0x34 C:/ST/STM32CubeIDE_1.18.1/STM32CubeIDE/plugins/com.st.stm32cube.ide.mcu.externaltools.gnu-tools-for-stm32.14.3.rel1.win32_1.0.100.202602081740/tools/bin/../lib/gcc/arm-none-eabi/14.3.1/../../../../arm-none-eabi/lib/thumb/v7e-m+fp/hard\libc_nano.a(libc_a-strstr.o)
 .ARM.attributes
                0x0000065b       0x34 C:/ST/STM32CubeIDE_1.18.1/STM32CubeIDE/plugins/com.st.stm32cube.ide.mcu.externaltools.gnu-tools-for-stm32.14.3.rel1.win32_1.0.100.202602081740/tools/bin/../lib/gcc/arm-none-eabi/14.3.1/../../../../arm-none-eabi/lib/thumb/v7e-m+fp/hard\libc_nano.a(libc_a-reent.o)
 .ARM.attributes
                0x0000068f       0x34 C:/ST/STM32CubeIDE_1.18.1/STM32CubeIDE/plugins/com.st.stm32cube.ide.mcu.externaltools.gnu-tools-for-stm32.14.3.rel1.win32_1.0.100.202602081740/tools/bin/../lib/gcc/arm-none-eabi/14.3.1/../../../../arm-none-eabi/lib/thumb/v7e-m+fp/hard\libc_nano.a(libc_a-impure.o)
 .ARM.attributes
                0x000006c3       0x34 C:/ST/STM32CubeIDE_1.18.1/STM32CubeIDE/plugins/com.st.stm32cube.ide.mcu.externaltools.gnu-tools-for-stm32.14.3.rel1.win32_1.0.100.202602081740/tools/bin/../lib/gcc/arm-none-eabi/14.3.1/../../../../arm-none-eabi/lib/thumb/v7e-m+fp/hard\libc_nano.a(libc_a-errno.o)
 .ARM.attributes
                0x000006f7       0x34 C:/ST/STM32CubeIDE_1.18.1/STM32CubeIDE/plugins/com.st.stm32cube.ide.mcu.externaltools.gnu-tools-for-stm32.14.3.rel1.win32_1.0.100.202602081740/tools/bin/../lib/gcc/arm-none-eabi/14.3.1/../../../../arm-none-eabi/lib/thumb/v7e-m+fp/hard\libc_nano.a(libc_a-init.o)
 .ARM.attributes
                0x0000072b       0x34 C:/ST/STM32CubeIDE_1.18.1/STM32CubeIDE/plugins/com.st.stm32cube.ide.mcu.externaltools.gnu-tools-for-stm32.14.3.rel1.win32_1.0.100.202602081740/tools/bin/../lib/gcc/arm-none-eabi/14.3.1/../../../../arm-none-eabi/lib/thumb/v7e-m+fp/hard\libc_nano.a(libc_a-lock.o)
 .ARM.attributes
                0x0000075f       0x20 C:/ST/STM32CubeIDE_1.18.1/STM32CubeIDE/plugins/com.st.stm32cube.ide.mcu.externaltools.gnu-tools-for-stm32.14.3.rel1.win32_1.0.100.202602081740/tools/bin/../lib/gcc/arm-none-eabi/14.3.1/../../../../arm-none-eabi/lib/thumb/v7e-m+fp/hard\libc_nano.a(libc_a-strcmp.o)
 .ARM.attributes
                0x0000077f       0x34 C:/ST/STM32CubeIDE_1.18.1/STM32CubeIDE/plugins/com.st.stm32cube.ide.mcu.externaltools.gnu-tools-for-stm32.14.3.rel1.win32_1.0.100.202602081740/tools/bin/../lib/gcc/arm-none-eabi/14.3.1/../../../../arm-none-eabi/lib/thumb/v7e-m+fp/hard\libc_nano.a(libc_a-strcpy.o)
 .ARM.attributes
                0x000007b3       0x34 C:/ST/STM32CubeIDE_1.18.1/STM32CubeIDE/plugins/com.st.stm32cube.ide.mcu.externaltools.gnu-tools-for-stm32.14.3.rel1.win32_1.0.100.202602081740/tools/bin/../lib/gcc/arm-none-eabi/14.3.1/../../../../arm-none-eabi/lib/thumb/v7e-m+fp/hard\libc_nano.a(libc_a-memcpy-stub.o)
 .ARM.attributes
                0x000007e7       0x17 C:/ST/STM32CubeIDE_1.18.1/STM32CubeIDE/plugins/com.st.stm32cube.ide.mcu.externaltools.gnu-tools-for-stm32.14.3.rel1.win32_1.0.100.202602081740/tools/bin/../lib/gcc/arm-none-eabi/14.3.1/../../../../arm-none-eabi/lib/thumb/v7e-m+fp/hard\libc_nano.a(libc_a-strlen.o)
 .ARM.attributes
                0x000007fe       0x34 C:/ST/STM32CubeIDE_1.18.1/STM32CubeIDE/plugins/com.st.stm32cube.ide.mcu.externaltools.gnu-tools-for-stm32.14.3.rel1.win32_1.0.100.202602081740/tools/bin/../lib/gcc/arm-none-eabi/14.3.1/../../../../arm-none-eabi/lib/thumb/v7e-m+fp/hard\libc_nano.a(libc_a-freer.o)
 .ARM.attributes
                0x00000832       0x34 C:/ST/STM32CubeIDE_1.18.1/STM32CubeIDE/plugins/com.st.stm32cube.ide.mcu.externaltools.gnu-tools-for-stm32.14.3.rel1.win32_1.0.100.202602081740/tools/bin/../lib/gcc/arm-none-eabi/14.3.1/../../../../arm-none-eabi/lib/thumb/v7e-m+fp/hard\libc_nano.a(libc_a-mallocr.o)
 .ARM.attributes
                0x00000866       0x34 C:/ST/STM32CubeIDE_1.18.1/STM32CubeIDE/plugins/com.st.stm32cube.ide.mcu.externaltools.gnu-tools-for-stm32.14.3.rel1.win32_1.0.100.202602081740/tools/bin/../lib/gcc/arm-none-eabi/14.3.1/../../../../arm-none-eabi/lib/thumb/v7e-m+fp/hard\libc_nano.a(libc_a-mlock.o)
 .ARM.attributes
                0x0000089a       0x34 C:/ST/STM32CubeIDE_1.18.1/STM32CubeIDE/plugins/com.st.stm32cube.ide.mcu.externaltools.gnu-tools-for-stm32.14.3.rel1.win32_1.0.100.202602081740/tools/bin/../lib/gcc/arm-none-eabi/14.3.1/../../../../arm-none-eabi/lib/thumb/v7e-m+fp/hard\libc_nano.a(libc_a-nano-svfprintf.o)
 .ARM.attributes
                0x000008ce       0x34 C:/ST/STM32CubeIDE_1.18.1/STM32CubeIDE/plugins/com.st.stm32cube.ide.mcu.externaltools.gnu-tools-for-stm32.14.3.rel1.win32_1.0.100.202602081740/tools/bin/../lib/gcc/arm-none-eabi/14.3.1/../../../../arm-none-eabi/lib/thumb/v7e-m+fp/hard\libc_nano.a(libc_a-nano-svfscanf.o)
 .ARM.attributes
                0x00000902       0x34 C:/ST/STM32CubeIDE_1.18.1/STM32CubeIDE/plugins/com.st.stm32cube.ide.mcu.externaltools.gnu-tools-for-stm32.14.3.rel1.win32_1.0.100.202602081740/tools/bin/../lib/gcc/arm-none-eabi/14.3.1/../../../../arm-none-eabi/lib/thumb/v7e-m+fp/hard\libc_nano.a(libc_a-nano-vfprintf_i.o)
 .ARM.attributes
                0x00000936       0x34 C:/ST/STM32CubeIDE_1.18.1/STM32CubeIDE/plugins/com.st.stm32cube.ide.mcu.externaltools.gnu-tools-for-stm32.14.3.rel1.win32_1.0.100.202602081740/tools/bin/../lib/gcc/arm-none-eabi/14.3.1/../../../../arm-none-eabi/lib/thumb/v7e-m+fp/hard\libc_nano.a(libc_a-nano-vfscanf_i.o)
 .ARM.attributes
                0x0000096a       0x34 C:/ST/STM32CubeIDE_1.18.1/STM32CubeIDE/plugins/com.st.stm32cube.ide.mcu.externaltools.gnu-tools-for-stm32.14.3.rel1.win32_1.0.100.202602081740/tools/bin/../lib/gcc/arm-none-eabi/14.3.1/../../../../arm-none-eabi/lib/thumb/v7e-m+fp/hard\libc_nano.a(libc_a-sccl.o)
 .ARM.attributes
                0x0000099e       0x34 C:/ST/STM32CubeIDE_1.18.1/STM32CubeIDE/plugins/com.st.stm32cube.ide.mcu.externaltools.gnu-tools-for-stm32.14.3.rel1.win32_1.0.100.202602081740/tools/bin/../lib/gcc/arm-none-eabi/14.3.1/../../../../arm-none-eabi/lib/thumb/v7e-m+fp/hard\libc_nano.a(libc_a-ungetc.o)
 .ARM.attributes
                0x000009d2       0x34 C:/ST/STM32CubeIDE_1.18.1/STM32CubeIDE/plugins/com.st.stm32cube.ide.mcu.externaltools.gnu-tools-for-stm32.14.3.rel1.win32_1.0.100.202602081740/tools/bin/../lib/gcc/arm-none-eabi/14.3.1/../../../../arm-none-eabi/lib/thumb/v7e-m+fp/hard\libc_nano.a(libc_a-memmove.o)
 .ARM.attributes
                0x00000a06       0x34 C:/ST/STM32CubeIDE_1.18.1/STM32CubeIDE/plugins/com.st.stm32cube.ide.mcu.externaltools.gnu-tools-for-stm32.14.3.rel1.win32_1.0.100.202602081740/tools/bin/../lib/gcc/arm-none-eabi/14.3.1/../../../../arm-none-eabi/lib/thumb/v7e-m+fp/hard\libc_nano.a(libc_a-sbrkr.o)
 .ARM.attributes
                0x00000a3a       0x1c C:/ST/STM32CubeIDE_1.18.1/STM32CubeIDE/plugins/com.st.stm32cube.ide.mcu.externaltools.gnu-tools-for-stm32.14.3.rel1.win32_1.0.100.202602081740/tools/bin/../lib/gcc/arm-none-eabi/14.3.1/../../../../arm-none-eabi/lib/thumb/v7e-m+fp/hard\libc_nano.a(libc_a-memchr.o)
 .ARM.attributes
                0x00000a56       0x34 C:/ST/STM32CubeIDE_1.18.1/STM32CubeIDE/plugins/com.st.stm32cube.ide.mcu.externaltools.gnu-tools-for-stm32.14.3.rel1.win32_1.0.100.202602081740/tools/bin/../lib/gcc/arm-none-eabi/14.3.1/../../../../arm-none-eabi/lib/thumb/v7e-m+fp/hard\libc_nano.a(libc_a-reallocr.o)
 .ARM.attributes
                0x00000a8a       0x34 C:/ST/STM32CubeIDE_1.18.1/STM32CubeIDE/plugins/com.st.stm32cube.ide.mcu.externaltools.gnu-tools-for-stm32.14.3.rel1.win32_1.0.100.202602081740/tools/bin/../lib/gcc/arm-none-eabi/14.3.1/../../../../arm-none-eabi/lib/thumb/v7e-m+fp/hard\libc_nano.a(libc_a-strtol.o)
 .ARM.attributes
                0x00000abe       0x34 C:/ST/STM32CubeIDE_1.18.1/STM32CubeIDE/plugins/com.st.stm32cube.ide.mcu.externaltools.gnu-tools-for-stm32.14.3.rel1.win32_1.0.100.202602081740/tools/bin/../lib/gcc/arm-none-eabi/14.3.1/../../../../arm-none-eabi/lib/thumb/v7e-m+fp/hard\libc_nano.a(libc_a-strtoul.o)
 .ARM.attributes
                0x00000af2       0x34 C:/ST/STM32CubeIDE_1.18.1/STM32CubeIDE/plugins/com.st.stm32cube.ide.mcu.externaltools.gnu-tools-for-stm32.14.3.rel1.win32_1.0.100.202602081740/tools/bin/../lib/gcc/arm-none-eabi/14.3.1/../../../../arm-none-eabi/lib/thumb/v7e-m+fp/hard\libc_nano.a(libc_a-ctype_.o)
 .ARM.attributes
                0x00000b26       0x34 C:/ST/STM32CubeIDE_1.18.1/STM32CubeIDE/plugins/com.st.stm32cube.ide.mcu.externaltools.gnu-tools-for-stm32.14.3.rel1.win32_1.0.100.202602081740/tools/bin/../lib/gcc/arm-none-eabi/14.3.1/../../../../arm-none-eabi/lib/thumb/v7e-m+fp/hard\libc_nano.a(libc_a-msizer.o)
 .ARM.attributes
                0x00000b5a       0x22 C:/ST/STM32CubeIDE_1.18.1/STM32CubeIDE/plugins/com.st.stm32cube.ide.mcu.externaltools.gnu-tools-for-stm32.14.3.rel1.win32_1.0.100.202602081740/tools/bin/../lib/gcc/arm-none-eabi/14.3.1/thumb/v7e-m+fp/hard\libgcc.a(_aeabi_uldivmod.o)
 .ARM.attributes
                0x00000b7c       0x34 C:/ST/STM32CubeIDE_1.18.1/STM32CubeIDE/plugins/com.st.stm32cube.ide.mcu.externaltools.gnu-tools-for-stm32.14.3.rel1.win32_1.0.100.202602081740/tools/bin/../lib/gcc/arm-none-eabi/14.3.1/thumb/v7e-m+fp/hard\libgcc.a(_udivmoddi4.o)
 .ARM.attributes
                0x00000bb0       0x22 C:/ST/STM32CubeIDE_1.18.1/STM32CubeIDE/plugins/com.st.stm32cube.ide.mcu.externaltools.gnu-tools-for-stm32.14.3.rel1.win32_1.0.100.202602081740/tools/bin/../lib/gcc/arm-none-eabi/14.3.1/thumb/v7e-m+fp/hard\libgcc.a(_dvmd_tls.o)
 .ARM.attributes
                0x00000bd2       0x22 C:/ST/STM32CubeIDE_1.18.1/STM32CubeIDE/plugins/com.st.stm32cube.ide.mcu.externaltools.gnu-tools-for-stm32.14.3.rel1.win32_1.0.100.202602081740/tools/bin/../lib/gcc/arm-none-eabi/14.3.1/thumb/v7e-m+fp/hard/crtn.o
OUTPUT(well-monitor-2-bootloader.elf elf32-littlearm)
LOAD linker stubs
LOAD C:/ST/STM32CubeIDE_1.18.1/STM32CubeIDE/plugins/com.st.stm32cube.ide.mcu.externaltools.gnu-tools-for-stm32.14.3.rel1.win32_1.0.100.202602081740/tools/bin/../lib/gcc/arm-none-eabi/14.3.1/../../../../arm-none-eabi/lib/thumb/v7e-m+fp/hard\libc.a
LOAD C:/ST/STM32CubeIDE_1.18.1/STM32CubeIDE/plugins/com.st.stm32cube.ide.mcu.externaltools.gnu-tools-for-stm32.14.3.rel1.win32_1.0.100.202602081740/tools/bin/../lib/gcc/arm-none-eabi/14.3.1/../../../../arm-none-eabi/lib/thumb/v7e-m+fp/hard\libm.a
LOAD C:/ST/STM32CubeIDE_1.18.1/STM32CubeIDE/plugins/com.st.stm32cube.ide.mcu.externaltools.gnu-tools-for-stm32.14.3.rel1.win32_1.0.100.202602081740/tools/bin/../lib/gcc/arm-none-eabi/14.3.1/thumb/v7e-m+fp/hard\libgcc.a

.debug_info     0x00000000    0x11958
 .debug_info    0x00000000       0xae ./Core/Src/app_metadata.o
 .debug_info    0x000000ae      0xf61 ./Core/Src/at_command.o
 .debug_info    0x0000100f     0x2b1b ./Core/Src/bootloader_download.o
 .debug_info    0x00003b2a      0x9fb ./Core/Src/bootloader_logic.o
 .debug_info    0x00004525      0x6b0 ./Core/Src/flash_ops.o
 .debug_info    0x00004bd5     0x11c3 ./Core/Src/main.o
 .debug_info    0x00005d98      0x53d ./Core/Src/sha256.o
 .debug_info    0x000062d5      0xcd2 ./Core/Src/stm32f4xx_hal_msp.o
 .debug_info    0x00006fa7      0x716 ./Core/Src/stm32f4xx_it.o
 .debug_info    0x000076bd      0x175 ./Core/Src/sysmem.o
 .debug_info    0x00007832      0x557 ./Core/Src/system_stm32f4xx.o
 .debug_info    0x00007d89       0x30 ./Core/Startup/startup_stm32f401retx.o
 .debug_info    0x00007db9      0x9eb ./Drivers/STM32F4xx_HAL_Driver/Src/stm32f4xx_hal.o
 .debug_info    0x000087a4     0x1265 ./Drivers/STM32F4xx_HAL_Driver/Src/stm32f4xx_hal_cortex.o
 .debug_info    0x00009a09      0xced ./Drivers/STM32F4xx_HAL_Driver/Src/stm32f4xx_hal_dma.o
 .debug_info    0x0000a6f6      0x81e ./Drivers/STM32F4xx_HAL_Driver/Src/stm32f4xx_hal_flash.o
 .debug_info    0x0000af14      0xcd9 ./Drivers/STM32F4xx_HAL_Driver/Src/stm32f4xx_hal_flash_ex.o
 .debug_info    0x0000bbed      0x8ee ./Drivers/STM32F4xx_HAL_Driver/Src/stm32f4xx_hal_gpio.o
 .debug_info    0x0000c4db      0xdd3 ./Drivers/STM32F4xx_HAL_Driver/Src/stm32f4xx_hal_rcc.o
 .debug_info    0x0000d2ae     0x46aa ./Drivers/STM32F4xx_HAL_Driver/Src/stm32f4xx_hal_uart.o

.debug_abbrev   0x00000000     0x327a
 .debug_abbrev  0x00000000       0x66 ./Core/Src/app_metadata.o
 .debug_abbrev  0x00000066      0x274 ./Core/Src/at_command.o
 .debug_abbrev  0x000002da      0x593 ./Core/Src/bootloader_download.o
 .debug_abbrev  0x0000086d      0x2ed ./Core/Src/bootloader_logic.o
 .debug_abbrev  0x00000b5a      0x210 ./Core/Src/flash_ops.o
 .debug_abbrev  0x00000d6a      0x39c ./Core/Src/main.o
 .debug_abbrev  0x00001106      0x1dc ./Core/Src/sha256.o
 .debug_abbrev  0x000012e2      0x206 ./Core/Src/stm32f4xx_hal_msp.o
 .debug_abbrev  0x000014e8      0x1c5 ./Core/Src/stm32f4xx_it.o
 .debug_abbrev  0x000016ad       0xec ./Core/Src/sysmem.o
 .debug_abbrev  0x00001799      0x120 ./Core/Src/system_stm32f4xx.o
 .debug_abbrev  0x000018b9       0x24 ./Core/Startup/startup_stm32f401retx.o
 .debug_abbrev  0x000018dd      0x2c3 ./Drivers/STM32F4xx_HAL_Driver/Src/stm32f4xx_hal.o
 .debug_abbrev  0x00001ba0      0x3b6 ./Drivers/STM32F4xx_HAL_Driver/Src/stm32f4xx_hal_cortex.o
 .debug_abbrev  0x00001f56      0x2fe ./Drivers/STM32F4xx_HAL_Driver/Src/stm32f4xx_hal_dma.o
 .debug_abbrev  0x00002254      0x2d5 ./Drivers/STM32F4xx_HAL_Driver/Src/stm32f4xx_hal_flash.o
 .debug_abbrev  0x00002529      0x30b ./Drivers/STM32F4xx_HAL_Driver/Src/stm32f4xx_hal_flash_ex.o
 .debug_abbrev  0x00002834      0x237 ./Drivers/STM32F4xx_HAL_Driver/Src/stm32f4xx_hal_gpio.o
 .debug_abbrev  0x00002a6b      0x363 ./Drivers/STM32F4xx_HAL_Driver/Src/stm32f4xx_hal_rcc.o
 .debug_abbrev  0x00002dce      0x4ac ./Drivers/STM32F4xx_HAL_Driver/Src/stm32f4xx_hal_uart.o

.debug_aranges  0x00000000      0x910
 .debug_aranges
                0x00000000       0x18 ./Core/Src/app_metadata.o
 .debug_aranges
                0x00000018       0x60 ./Core/Src/at_command.o
 .debug_aranges
                0x00000078       0x68 ./Core/Src/bootloader_download.o
 .debug_aranges
                0x000000e0       0x28 ./Core/Src/bootloader_logic.o
 .debug_aranges
                0x00000108       0x48 ./Core/Src/flash_ops.o
 .debug_aranges
                0x00000150       0x38 ./Core/Src/main.o
 .debug_aranges
                0x00000188       0x48 ./Core/Src/sha256.o
 .debug_aranges
                0x000001d0       0x30 ./Core/Src/stm32f4xx_hal_msp.o
 .debug_aranges
                0x00000200       0x68 ./Core/Src/stm32f4xx_it.o
 .debug_aranges
                0x00000268       0x20 ./Core/Src/sysmem.o
 .debug_aranges
                0x00000288       0x28 ./Core/Src/system_stm32f4xx.o
 .debug_aranges
                0x000002b0       0x28 ./Core/Startup/startup_stm32f401retx.o
 .debug_aranges
                0x000002d8       0xf0 ./Drivers/STM32F4xx_HAL_Driver/Src/stm32f4xx_hal.o
 .debug_aranges
                0x000003c8       0xc0 ./Drivers/STM32F4xx_HAL_Driver/Src/stm32f4xx_hal_cortex.o
 .debug_aranges
                0x00000488       0x80 ./Drivers/STM32F4xx_HAL_Driver/Src/stm32f4xx_hal_dma.o
 .debug_aranges
                0x00000508       0xa0 ./Drivers/STM32F4xx_HAL_Driver/Src/stm32f4xx_hal_flash.o
 .debug_aranges
                0x000005a8       0x70 ./Drivers/STM32F4xx_HAL_Driver/Src/stm32f4xx_hal_flash_ex.o
 .debug_aranges
                0x00000618       0x58 ./Drivers/STM32F4xx_HAL_Driver/Src/stm32f4xx_hal_gpio.o
 .debug_aranges
                0x00000670       0x88 ./Drivers/STM32F4xx_HAL_Driver/Src/stm32f4xx_hal_rcc.o
 .debug_aranges
                0x000006f8      0x218 ./Drivers/STM32F4xx_HAL_Driver/Src/stm32f4xx_hal_uart.o

.debug_macro    0x00000000    0x16a8b
 .debug_macro   0x00000000       0x63 ./Core/Src/app_metadata.o
 .debug_macro   0x00000063      0xade ./Core/Src/app_metadata.o
 .debug_macro   0x00000b41       0x22 ./Core/Src/app_metadata.o
 .debug_macro   0x00000b63       0x8e ./Core/Src/app_metadata.o
 .debug_macro   0x00000bf1       0x51 ./Core/Src/app_metadata.o
 .debug_macro   0x00000c42      0x103 ./Core/Src/app_metadata.o
 .debug_macro   0x00000d45       0x6a ./Core/Src/app_metadata.o
 .debug_macro   0x00000daf      0x1df ./Core/Src/app_metadata.o
 .debug_macro   0x00000f8e      0x2ed ./Core/Src/at_command.o
 .debug_macro   0x0000127b      0x29c ./Core/Src/at_command.o
 .debug_macro   0x00001517       0x2e ./Core/Src/at_command.o
 .debug_macro   0x00001545       0x28 ./Core/Src/at_command.o
 .debug_macro   0x0000156d       0x1c ./Core/Src/at_command.o
 .debug_macro   0x00001589       0x22 ./Core/Src/at_command.o
 .debug_macro   0x000015ab       0xfb ./Core/Src/at_command.o
 .debug_macro   0x000016a6     0x1011 ./Core/Src/at_command.o
 .debug_macro   0x000026b7      0x11f ./Core/Src/at_command.o
 .debug_macro   0x000027d6     0xb881 ./Core/Src/at_command.o
 .debug_macro   0x0000e057       0x6d ./Core/Src/at_command.o
 .debug_macro   0x0000e0c4     0x3693 ./Core/Src/at_command.o
 .debug_macro   0x00011757      0x190 ./Core/Src/at_command.o
 .debug_macro   0x000118e7       0x5c ./Core/Src/at_command.o
 .debug_macro   0x00011943      0x416 ./Core/Src/at_command.o
 .debug_macro   0x00011d59      0x9e9 ./Core/Src/at_command.o
 .debug_macro   0x00012742      0x115 ./Core/Src/at_command.o
 .debug_macro   0x00012857       0xf8 ./Core/Src/at_command.o
 .debug_macro   0x0001294f       0xa5 ./Core/Src/at_command.o
 .debug_macro   0x000129f4      0x15f ./Core/Src/at_command.o
 .debug_macro   0x00012b53      0x287 ./Core/Src/at_command.o
 .debug_macro   0x00012dda       0x5f ./Core/Src/at_command.o
 .debug_macro   0x00012e39      0x236 ./Core/Src/at_command.o
 .debug_macro   0x0001306f      0x132 ./Core/Src/at_command.o
 .debug_macro   0x000131a1      0x264 ./Core/Src/at_command.o
 .debug_macro   0x00013405       0x2e ./Core/Src/at_command.o
 .debug_macro   0x00013433      0x127 ./Core/Src/at_command.o
 .debug_macro   0x0001355a       0x85 ./Core/Src/at_command.o
 .debug_macro   0x000135df       0x89 ./Core/Src/at_command.o
 .debug_macro   0x00013668      0x2b1 ./Core/Src/at_command.o
 .debug_macro   0x00013919      0x126 ./Core/Src/at_command.o
 .debug_macro   0x00013a3f       0xac ./Core/Src/at_command.o
 .debug_macro   0x00013aeb       0x22 ./Core/Src/at_command.o
 .debug_macro   0x00013b0d       0x10 ./Core/Src/at_command.o
 .debug_macro   0x00013b1d       0x61 ./Core/Src/at_command.o
 .debug_macro   0x00013b7e       0x2a ./Core/Src/at_command.o
 .debug_macro   0x00013ba8       0x43 ./Core/Src/at_command.o
 .debug_macro   0x00013beb       0x34 ./Core/Src/at_command.o
 .debug_macro   0x00013c1f      0x364 ./Core/Src/at_command.o
 .debug_macro   0x00013f83       0x16 ./Core/Src/at_command.o
 .debug_macro   0x00013f99       0x4a ./Core/Src/at_command.o
 .debug_macro   0x00013fe3       0x34 ./Core/Src/at_command.o
 .debug_macro   0x00014017       0x10 ./Core/Src/at_command.o
 .debug_macro   0x00014027       0x58 ./Core/Src/at_command.o
 .debug_macro   0x0001407f       0x8e ./Core/Src/at_command.o
 .debug_macro   0x0001410d       0x1c ./Core/Src/at_command.o
 .debug_macro   0x00014129      0x17e ./Core/Src/at_command.o
 .debug_macro   0x000142a7       0x10 ./Core/Src/at_command.o
 .debug_macro   0x000142b7       0x3c ./Core/Src/at_command.o
 .debug_macro   0x000142f3       0x20 ./Core/Src/at_command.o
 .debug_macro   0x00014313       0x1c ./Core/Src/at_command.o
 .debug_macro   0x0001432f       0x10 ./Core/Src/at_command.o
 .debug_macro   0x0001433f       0x1c ./Core/Src/at_command.o
 .debug_macro   0x0001435b       0x16 ./Core/Src/at_command.o
 .debug_macro   0x00014371      0x146 ./Core/Src/at_command.o
 .debug_macro   0x000144b7      0x385 ./Core/Src/bootloader_download.o
 .debug_macro   0x0001483c       0x64 ./Core/Src/bootloader_download.o
 .debug_macro   0x000148a0       0x22 ./Core/Src/bootloader_download.o
 .debug_macro   0x000148c2       0x16 ./Core/Src/bootloader_download.o
 .debug_macro   0x000148d8       0x16 ./Core/Src/bootloader_download.o
 .debug_macro   0x000148ee       0x16 ./Core/Src/bootloader_download.o
 .debug_macro   0x00014904       0x16 ./Core/Src/bootloader_download.o
 .debug_macro   0x0001491a       0x29 ./Core/Src/bootloader_download.o
 .debug_macro   0x00014943      0x2e7 ./Core/Src/bootloader_logic.o
 .debug_macro   0x00014c2a      0x2e3 ./Core/Src/flash_ops.o
 .debug_macro   0x00014f0d      0x2c8 ./Core/Src/main.o
 .debug_macro   0x000151d5       0x16 ./Core/Src/main.o
 .debug_macro   0x000151eb       0x16 ./Core/Src/main.o
 .debug_macro   0x00015201      0x179 ./Core/Src/sha256.o
 .debug_macro   0x0001537a      0x1c9 ./Core/Src/stm32f4xx_hal_msp.o
 .debug_macro   0x00015543      0x1d3 ./Core/Src/stm32f4xx_it.o
 .debug_macro   0x00015716      0x112 ./Core/Src/sysmem.o
 .debug_macro   0x00015828      0x23c ./Core/Src/sysmem.o
 .debug_macro   0x00015a64      0x1ba ./Core/Src/system_stm32f4xx.o
 .debug_macro   0x00015c1e      0x21a ./Drivers/STM32F4xx_HAL_Driver/Src/stm32f4xx_hal.o
 .debug_macro   0x00015e38      0x1ba ./Drivers/STM32F4xx_HAL_Driver/Src/stm32f4xx_hal_cortex.o
 .debug_macro   0x00015ff2      0x1c0 ./Drivers/STM32F4xx_HAL_Driver/Src/stm32f4xx_hal_dma.o
 .debug_macro   0x000161b2      0x1c0 ./Drivers/STM32F4xx_HAL_Driver/Src/stm32f4xx_hal_flash.o
 .debug_macro   0x00016372      0x1c0 ./Drivers/STM32F4xx_HAL_Driver/Src/stm32f4xx_hal_flash_ex.o
 .debug_macro   0x00016532      0x1c0 ./Drivers/STM32F4xx_HAL_Driver/Src/stm32f4xx_hal_gpio.o
 .debug_macro   0x000166f2      0x1de ./Drivers/STM32F4xx_HAL_Driver/Src/stm32f4xx_hal_rcc.o
 .debug_macro   0x000168d0      0x1bb ./Drivers/STM32F4xx_HAL_Driver/Src/stm32f4xx_hal_uart.o

.debug_line     0x00000000    0x111a7
 .debug_line    0x00000000      0x402 ./Core/Src/app_metadata.o
 .debug_line    0x00000402      0xbda ./Core/Src/at_command.o
 .debug_line    0x00000fdc     0x15a1 ./Core/Src/bootloader_download.o
 .debug_line    0x0000257d      0xaf4 ./Core/Src/bootloader_logic.o
 .debug_line    0x00003071      0xabf ./Core/Src/flash_ops.o
 .debug_line    0x00003b30      0xbb4 ./Core/Src/main.o
 .debug_line    0x000046e4      0xa04 ./Core/Src/sha256.o
 .debug_line    0x000050e8      0x835 ./Core/Src/stm32f4xx_hal_msp.o
 .debug_line    0x0000591d      0x7f2 ./Core/Src/stm32f4xx_it.o
 .debug_line    0x0000610f      0x5bf ./Core/Src/sysmem.o
 .debug_line    0x000066ce      0x7ae ./Core/Src/system_stm32f4xx.o
 .debug_line    0x00006e7c       0x7a ./Core/Startup/startup_stm32f401retx.o
 .debug_line    0x00006ef6      0xac4 ./Drivers/STM32F4xx_HAL_Driver/Src/stm32f4xx_hal.o
 .debug_line    0x000079ba      0xe8c ./Drivers/STM32F4xx_HAL_Driver/Src/stm32f4xx_hal_cortex.o
 .debug_line    0x00008846     0x13ac ./Drivers/STM32F4xx_HAL_Driver/Src/stm32f4xx_hal_dma.o
 .debug_line    0x00009bf2      0xd24 ./Drivers/STM32F4xx_HAL_Driver/Src/stm32f4xx_hal_flash.o
 .debug_line    0x0000a916      0xd64 ./Drivers/STM32F4xx_HAL_Driver/Src/stm32f4xx_hal_flash_ex.o
 .debug_line    0x0000b67a      0xcef ./Drivers/STM32F4xx_HAL_Driver/Src/stm32f4xx_hal_gpio.o
 .debug_line    0x0000c369     0x11a4 ./Drivers/STM32F4xx_HAL_Driver/Src/stm32f4xx_hal_rcc.o
 .debug_line    0x0000d50d     0x3c9a ./Drivers/STM32F4xx_HAL_Driver/Src/stm32f4xx_hal_uart.o

.debug_str      0x00000000    0x87116
 .debug_str     0x00000000    0x87116 ./Core/Src/app_metadata.o
                               0x3db2 (size before relaxing)
 .debug_str     0x00087116    0x83770 ./Core/Src/at_command.o
 .debug_str     0x00087116    0x8425c ./Core/Src/bootloader_download.o
 .debug_str     0x00087116    0x8300b ./Core/Src/bootloader_logic.o
 .debug_str     0x00087116    0x82d52 ./Core/Src/flash_ops.o
 .debug_str     0x00087116    0x83907 ./Core/Src/main.o
 .debug_str     0x00087116     0x7571 ./Core/Src/sha256.o
 .debug_str     0x00087116    0x80287 ./Core/Src/stm32f4xx_hal_msp.o
 .debug_str     0x00087116    0x7fda2 ./Core/Src/stm32f4xx_it.o
 .debug_str     0x00087116     0x7706 ./Core/Src/sysmem.o
 .debug_str     0x00087116    0x7f662 ./Core/Src/system_stm32f4xx.o
 .debug_str     0x00087116       0x6b ./Core/Startup/startup_stm32f401retx.o
 .debug_str     0x00087116    0x800a4 ./Drivers/STM32F4xx_HAL_Driver/Src/stm32f4xx_hal.o
 .debug_str     0x00087116    0x7fe10 ./Drivers/STM32F4xx_HAL_Driver/Src/stm32f4xx_hal_cortex.o
 .debug_str     0x00087116    0x7fa78 ./Drivers/STM32F4xx_HAL_Driver/Src/stm32f4xx_hal_dma.o
 .debug_str     0x00087116    0x7f84e ./Drivers/STM32F4xx_HAL_Driver/Src/stm32f4xx_hal_flash.o
 .debug_str     0x00087116    0x7f971 ./Drivers/STM32F4xx_HAL_Driver/Src/stm32f4xx_hal_flash_ex.o
 .debug_str     0x00087116    0x7f7eb ./Drivers/STM32F4xx_HAL_Driver/Src/stm32f4xx_hal_gpio.o
 .debug_str     0x00087116    0x7fab5 ./Drivers/STM32F4xx_HAL_Driver/Src/stm32f4xx_hal_rcc.o
 .debug_str     0x00087116    0x8038f ./Drivers/STM32F4xx_HAL_Driver/Src/stm32f4xx_hal_uart.o

.comment        0x00000000       0x43
 .comment       0x00000000       0x43 ./Core/Src/app_metadata.o
                                 0x44 (size before relaxing)
 .comment       0x00000043       0x44 ./Core/Src/at_command.o
 .comment       0x00000043       0x44 ./Core/Src/bootloader_download.o
 .comment       0x00000043       0x44 ./Core/Src/bootloader_logic.o
 .comment       0x00000043       0x44 ./Core/Src/flash_ops.o
 .comment       0x00000043       0x44 ./Core/Src/main.o
 .comment       0x00000043       0x44 ./Core/Src/sha256.o
 .comment       0x00000043       0x44 ./Core/Src/stm32f4xx_hal_msp.o
 .comment       0x00000043       0x44 ./Core/Src/stm32f4xx_it.o
 .comment       0x00000043       0x44 ./Core/Src/sysmem.o
 .comment       0x00000043       0x44 ./Core/Src/system_stm32f4xx.o
 .comment       0x00000043       0x44 ./Drivers/STM32F4xx_HAL_Driver/Src/stm32f4xx_hal.o
 .comment       0x00000043       0x44 ./Drivers/STM32F4xx_HAL_Driver/Src/stm32f4xx_hal_cortex.o
 .comment       0x00000043       0x44 ./Drivers/STM32F4xx_HAL_Driver/Src/stm32f4xx_hal_dma.o
 .comment       0x00000043       0x44 ./Drivers/STM32F4xx_HAL_Driver/Src/stm32f4xx_hal_flash.o
 .comment       0x00000043       0x44 ./Drivers/STM32F4xx_HAL_Driver/Src/stm32f4xx_hal_flash_ex.o
 .comment       0x00000043       0x44 ./Drivers/STM32F4xx_HAL_Driver/Src/stm32f4xx_hal_gpio.o
 .comment       0x00000043       0x44 ./Drivers/STM32F4xx_HAL_Driver/Src/stm32f4xx_hal_rcc.o
 .comment       0x00000043       0x44 ./Drivers/STM32F4xx_HAL_Driver/Src/stm32f4xx_hal_uart.o

.debug_loclists
                0x00000000     0x566a
 .debug_loclists
                0x00000000      0x242 ./Core/Src/at_command.o
 .debug_loclists
                0x00000242      0x42a ./Core/Src/bootloader_download.o
 .debug_loclists
                0x0000066c      0x1f9 ./Core/Src/bootloader_logic.o
 .debug_loclists
                0x00000865      0x392 ./Core/Src/flash_ops.o
 .debug_loclists
                0x00000bf7      0x54d ./Core/Src/sha256.o
 .debug_loclists
                0x00001144       0x83 ./Core/Src/stm32f4xx_hal_msp.o
 .debug_loclists
                0x000011c7       0x3f ./Core/Src/sysmem.o
 .debug_loclists
                0x00001206       0x74 ./Core/Src/system_stm32f4xx.o
 .debug_loclists
                0x0000127a       0xba ./Drivers/STM32F4xx_HAL_Driver/Src/stm32f4xx_hal.o
 .debug_loclists
                0x00001334      0x58c ./Drivers/STM32F4xx_HAL_Driver/Src/stm32f4xx_hal_cortex.o
 .debug_loclists
                0x000018c0      0x583 ./Drivers/STM32F4xx_HAL_Driver/Src/stm32f4xx_hal_dma.o
 .debug_loclists
                0x00001e43      0x283 ./Drivers/STM32F4xx_HAL_Driver/Src/stm32f4xx_hal_flash.o
 .debug_loclists
                0x000020c6      0x3b1 ./Drivers/STM32F4xx_HAL_Driver/Src/stm32f4xx_hal_flash_ex.o
 .debug_loclists
                0x00002477      0x424 ./Drivers/STM32F4xx_HAL_Driver/Src/stm32f4xx_hal_gpio.o
 .debug_loclists
                0x0000289b      0x2fc ./Drivers/STM32F4xx_HAL_Driver/Src/stm32f4xx_hal_rcc.o
 .debug_loclists
                0x00002b97     0x2ad3 ./Drivers/STM32F4xx_HAL_Driver/Src/stm32f4xx_hal_uart.o

.debug_rnglists
                0x00000000      0x9c2
 .debug_rnglists
                0x00000000       0x78 ./Core/Src/at_command.o
 .debug_rnglists
                0x00000078      0x17c ./Core/Src/bootloader_download.o
 .debug_rnglists
                0x000001f4       0x32 ./Core/Src/bootloader_logic.o
 .debug_rnglists
                0x00000226       0x31 ./Core/Src/flash_ops.o
 .debug_rnglists
                0x00000257       0x57 ./Core/Src/main.o
 .debug_rnglists
                0x000002ae       0x42 ./Core/Src/sha256.o
 .debug_rnglists
                0x000002f0       0x44 ./Core/Src/stm32f4xx_hal_msp.o
 .debug_rnglists
                0x00000334       0x49 ./Core/Src/stm32f4xx_it.o
 .debug_rnglists
                0x0000037d       0x13 ./Core/Src/sysmem.o
 .debug_rnglists
                0x00000390       0x19 ./Core/Src/system_stm32f4xx.o
 .debug_rnglists